<html>
<body>
<pre>
<h1>µVision Build Log</h1>
<h2>Tool Versions:</h2>
IDE-Version: ¦ÌVision V5.28.0.0
Copyright (C) 2019 ARM Ltd and ARM Germany GmbH. All rights reserved.
License Information: xzx AutoBVT, Microsoft, LIC=0VRJJ-UW83S-E0DN4-F27B9-XZRPL-2JWCY
 
Tool Versions:
Toolchain:       MDK-ARM Professional  Version: 5.28.0.0
Toolchain Path:  D:\Keil5ARM\ARM\ARMCC\Bin
C Compiler:      Armcc.exe V5.06 update 6 (build 750)
Assembler:       Armasm.exe V5.06 update 6 (build 750)
Linker/Locator:  ArmLink.exe V5.06 update 6 (build 750)
Library Manager: ArmAr.exe V5.06 update 6 (build 750)
Hex Converter:   FromElf.exe V5.06 update 6 (build 750)
CPU DLL:         SARMCM3.DLL V5.28.0.0
Dialog DLL:      DCM.DLL V1.17.3.0
Target DLL:      Segger\JL2CM3.dll V2.99.36.0
Dialog DLL:      TCM.DLL V1.36.2.0
 
<h2>Project:</h2>
C:\Users\Administrator\Desktop\MH19202_NFC\MDK_ARM\MH1902.uvprojx
Project File Date:  07/22/2019

<h2>Output:</h2>
*** Using Compiler 'V5.06 update 6 (build 750)', folder: 'D:\Keil5ARM\ARM\ARMCC\Bin'
Build target 'Target 1'
compiling mhscpu_sysctrl.c...
compiling system_mhscpu.c...
compiling mhscpu_gpio.c...
compiling mhscpu_spi.c...
compiling mhscpu_uart.c...
compiling mhscpu_emv_hard.c...
compiling misc.c...
compiling mhscpu_timer.c...
compiling mhscpu_it.c...
compiling gpio.c...
compiling main.c...
compiling spi.c...
compiling timer.c...
compiling delay.c...
compiling uart.c...
compiling 7816.c...
compiling iso14443a.c...
compiling iso14443b.c...
compiling iso14443_4.c...
compiling mh523.c...
compiling rfid.c...
compiling mifare.c...
compiling Packet.c...
linking...
Program Size: Code=15524 RO-data=244 RW-data=60 ZI-data=22972  
FromELF: creating hex file...
".\Objects\MH1902.axf" - 0 Error(s), 0 Warning(s).

<h2>Software Packages used:</h2>

Package Vendor: ARM
                http://www.keil.com/pack/ARM.CMSIS.5.5.1.pack
                ARM.CMSIS.5.5.1
                CMSIS (Cortex Microcontroller Software Interface Standard)

<h2>Collection of Component include folders:</h2>
  .\RTE\_Target_1
  C:\Users\Administrator\AppData\Local\Arm\Packs\ARM\CMSIS\5.5.1\Device\ARM\ARMSC300\Include

<h2>Collection of Component Files used:</h2>
Build Time Elapsed:  00:00:04
</pre>
</body>
</html>
