Component: ARM Compiler 5.06 update 6 (build 750) Tool: armlink [4d35ed]

==============================================================================

Section Cross References

    startup_mhscpu.o(RESET) refers to startup_mhscpu.o(STACK) for __initial_sp
    startup_mhscpu.o(RESET) refers to startup_mhscpu.o(.text) for Reset_Handler
    startup_mhscpu.o(RESET) refers to mhscpu_it.o(i.NMI_Handler) for NMI_Handler
    startup_mhscpu.o(RESET) refers to mhscpu_it.o(i.HardFault_Handler) for HardFault_Handler
    startup_mhscpu.o(RESET) refers to mhscpu_it.o(i.MemManage_Handler) for MemManage_Handler
    startup_mhscpu.o(RESET) refers to mhscpu_it.o(i.BusFault_Handler) for BusFault_Handler
    startup_mhscpu.o(RESET) refers to mhscpu_it.o(i.UsageFault_Handler) for UsageFault_Handler
    startup_mhscpu.o(RESET) refers to mhscpu_it.o(i.SVC_Handler) for SVC_Handler
    startup_mhscpu.o(RESET) refers to mhscpu_it.o(i.DebugMon_Handler) for DebugMon_Handler
    startup_mhscpu.o(RESET) refers to mhscpu_it.o(i.PendSV_Handler) for PendSV_Handler
    startup_mhscpu.o(RESET) refers to mhscpu_emv_hard.o(i.SCI0_IRQHandler) for SCI0_IRQHandler
    startup_mhscpu.o(RESET) refers to uart.o(i.UART0_IRQHandler) for UART0_IRQHandler
    startup_mhscpu.o(RESET) refers to timer.o(i.TIM0_1_IRQHandler) for TIM0_1_IRQHandler
    startup_mhscpu.o(RESET) refers to rtc.o(i.RTC_IRQHandler) for RTC_IRQHandler
    startup_mhscpu.o(RESET) refers to psam_bsp.o(i.TIM0_4_IRQHandler) for TIM0_4_IRQHandler
    startup_mhscpu.o(.text) refers to startup_mhscpu.o(RESET) for __Vectors
    startup_mhscpu.o(.text) refers to system_mhscpu.o(i.SystemInit) for SystemInit
    startup_mhscpu.o(.text) refers to entry.o(.ARM.Collect$$$$00000000) for __main
    system_mhscpu.o(i.SystemCoreClockUpdate) refers to system_mhscpu.o(.data) for SystemCoreClock
    system_mhscpu.o(i.SystemInit) refers to mhscpu_sysctrl.o(i.SYSCTRL_PLLConfig) for SYSCTRL_PLLConfig
    system_mhscpu.o(i.SystemInit) refers to mhscpu_sysctrl.o(i.SYSCTRL_HCLKConfig) for SYSCTRL_HCLKConfig
    system_mhscpu.o(i.SystemInit) refers to mhscpu_sysctrl.o(i.SYSCTRL_PCLKConfig) for SYSCTRL_PCLKConfig
    mhscpu_gpio.o(i.GPIO_DeInit) refers to mhscpu_sysctrl.o(i.SYSCTRL_APBPeriphResetCmd) for SYSCTRL_APBPeriphResetCmd
    mhscpu_gpio.o(i.GPIO_GetGPIONum) refers to main.o(i.assert_failed) for assert_failed
    mhscpu_gpio.o(i.GPIO_GetGPIONum) refers to mhscpu_gpio.o(.constdata) for .constdata
    mhscpu_gpio.o(i.GPIO_Init) refers to main.o(i.assert_failed) for assert_failed
    mhscpu_gpio.o(i.GPIO_Init) refers to mhscpu_gpio.o(i.GPIO_PinRemapConfig) for GPIO_PinRemapConfig
    mhscpu_gpio.o(i.GPIO_Init) refers to mhscpu_gpio.o(i.GPIO_GetGPIONum) for GPIO_GetGPIONum
    mhscpu_gpio.o(i.GPIO_Init) refers to mhscpu_gpio.o(.data) for GPIO_OD_Mark
    mhscpu_gpio.o(i.GPIO_PinRemapConfig) refers to main.o(i.assert_failed) for assert_failed
    mhscpu_gpio.o(i.GPIO_PinRemapConfig) refers to mhscpu_gpio.o(i.GPIO_GetGPIONum) for GPIO_GetGPIONum
    mhscpu_gpio.o(i.GPIO_PullUpCmd) refers to main.o(i.assert_failed) for assert_failed
    mhscpu_gpio.o(i.GPIO_ReadInputDataBit) refers to main.o(i.assert_failed) for assert_failed
    mhscpu_gpio.o(i.GPIO_ReadOutputDataBit) refers to main.o(i.assert_failed) for assert_failed
    mhscpu_gpio.o(i.GPIO_ResetBits) refers to main.o(i.assert_failed) for assert_failed
    mhscpu_gpio.o(i.GPIO_ResetBits) refers to mhscpu_gpio.o(i.GPIO_GetGPIONum) for GPIO_GetGPIONum
    mhscpu_gpio.o(i.GPIO_ResetBits) refers to mhscpu_gpio.o(.data) for GPIO_OD_Mark
    mhscpu_gpio.o(i.GPIO_SetBits) refers to main.o(i.assert_failed) for assert_failed
    mhscpu_gpio.o(i.GPIO_SetBits) refers to mhscpu_gpio.o(i.GPIO_GetGPIONum) for GPIO_GetGPIONum
    mhscpu_gpio.o(i.GPIO_SetBits) refers to mhscpu_gpio.o(.data) for GPIO_OD_Mark
    mhscpu_gpio.o(i.GPIO_WakeEvenConfig) refers to main.o(i.assert_failed) for assert_failed
    mhscpu_gpio.o(i.GPIO_WakeEvenConfig) refers to mhscpu_gpio.o(i.GPIO_GetGPIONum) for GPIO_GetGPIONum
    mhscpu_gpio.o(i.GPIO_WakeModeConfig) refers to main.o(i.assert_failed) for assert_failed
    mhscpu_gpio.o(i.GPIO_Write) refers to main.o(i.assert_failed) for assert_failed
    mhscpu_gpio.o(i.GPIO_Write) refers to mhscpu_gpio.o(i.GPIO_GetGPIONum) for GPIO_GetGPIONum
    mhscpu_gpio.o(i.GPIO_Write) refers to mhscpu_gpio.o(.data) for GPIO_OD_Mark
    mhscpu_gpio.o(i.GPIO_WriteBit) refers to main.o(i.assert_failed) for assert_failed
    mhscpu_gpio.o(i.GPIO_WriteBit) refers to mhscpu_gpio.o(i.GPIO_ResetBits) for GPIO_ResetBits
    mhscpu_gpio.o(i.GPIO_WriteBit) refers to mhscpu_gpio.o(i.GPIO_SetBits) for GPIO_SetBits
    mhscpu_spi.o(i.NSM_Init) refers to main.o(i.assert_failed) for assert_failed
    mhscpu_spi.o(i.NSM_Init) refers to mhscpu_spi.o(i.SPI_MasterSlaveModeSet) for SPI_MasterSlaveModeSet
    mhscpu_spi.o(i.SPI_BiDirectionalLineConfig) refers to main.o(i.assert_failed) for assert_failed
[...]
    i.TIM_ClearITPendingBit                  0x01006f70   Section        0  mhscpu_timer.o(i.TIM_ClearITPendingBit)
    i.TIM_Cmd                                0x01006f80   Section        0  mhscpu_timer.o(i.TIM_Cmd)
    i.TIM_DeInit                             0x01007000   Section        0  mhscpu_timer.o(i.TIM_DeInit)
    i.TIM_ITConfig                           0x01007018   Section        0  mhscpu_timer.o(i.TIM_ITConfig)
    i.TIM_Init                               0x01007098   Section        0  mhscpu_timer.o(i.TIM_Init)
    i.TIM_PWMInit                            0x010070fc   Section        0  mhscpu_timer.o(i.TIM_PWMInit)
    i.TimerPWMSetStructInit                  0x0100716c   Section        0  timer.o(i.TimerPWMSetStructInit)
    i.UART0_IRQHandler                       0x0100719c   Section        0  uart.o(i.UART0_IRQHandler)
    i.UART0_SendBuf                          0x010073a8   Section        0  uart.o(i.UART0_SendBuf)
    i.UART0_SendByte                         0x010073c4   Section        0  uart.o(i.UART0_SendByte)
    i.UART_ITConfig                          0x010073e4   Section        0  mhscpu_uart.o(i.UART_ITConfig)
    i.UART_Init                              0x010073f8   Section        0  mhscpu_uart.o(i.UART_Init)
    i.UART_IsRXReceived                      0x010074e0   Section        0  mhscpu_uart.o(i.UART_IsRXReceived)
    i.UART_IsTXEmpty                         0x010074f2   Section        0  mhscpu_uart.o(i.UART_IsTXEmpty)
    i.UART_ReceiveData                       0x01007504   Section        0  mhscpu_uart.o(i.UART_ReceiveData)
    i.UART_SendData                          0x0100750c   Section        0  mhscpu_uart.o(i.UART_SendData)
    i.UpdateCRC16                            0x01007512   Section        0  ymodem.o(i.UpdateCRC16)
    i.UploadCardSn                           0x01007544   Section        0  jrreader.o(i.UploadCardSn)
    i.UsageFault_Handler                     0x010075f4   Section        0  mhscpu_it.o(i.UsageFault_Handler)
    i.YModem_Int2Str                         0x010075f8   Section        0  ymodem.o(i.YModem_Int2Str)
    i.YModem_Receive                         0x01007650   Section        0  ymodem.o(i.YModem_Receive)
    i.YModem_RecvByte                        0x01007808   Section        0  ymodem.o(i.YModem_RecvByte)
    i.YModem_RecvPacket                      0x0100782a   Section        0  ymodem.o(i.YModem_RecvPacket)
    i.YModem_SendByte                        0x0100792e   Section        0  ymodem.o(i.YModem_SendByte)
    i.__0printf$8                            0x0100793c   Section        0  printf8.o(i.__0printf$8)
    i.__aeabi_errno_addr                     0x0100795c   Section        0  errno.o(i.__aeabi_errno_addr)
    i.__scatterload_copy                     0x01007964   Section       14  handlers.o(i.__scatterload_copy)
    i.__scatterload_null                     0x01007972   Section        2  handlers.o(i.__scatterload_null)
    i.__scatterload_zeroinit                 0x01007974   Section       14  handlers.o(i.__scatterload_zeroinit)
    i._printf_core                           0x01007984   Section        0  printf8.o(i._printf_core)
    _printf_core                             0x01007985   Thumb Code   996  printf8.o(i._printf_core)
    i._printf_post_padding                   0x01007d94   Section        0  printf8.o(i._printf_post_padding)
    _printf_post_padding                     0x01007d95   Thumb Code    36  printf8.o(i._printf_post_padding)
    i._printf_pre_padding                    0x01007db8   Section        0  printf8.o(i._printf_pre_padding)
    _printf_pre_padding                      0x01007db9   Thumb Code    46  printf8.o(i._printf_pre_padding)
    i.assert_failed                          0x01007de6   Section        0  main.o(i.assert_failed)
    i.beep                                   0x01007dec   Section        0  gpio.o(i.beep)
    i.clear_bit_mask                         0x01007e34   Section        0  mh523.o(i.clear_bit_mask)
    i.crc16                                  0x01007e50   Section        0  crc.o(i.crc16)
    i.delayms                                0x01007e88   Section        0  delay.o(i.delayms)
    i.delayus                                0x01007ea4   Section        0  delay.o(i.delayus)
    i.dig_Display                            0x01007ef8   Section        0  digital.o(i.dig_Display)
    i.dig_bsp_init                           0x01007fc4   Section        0  digital.o(i.dig_bsp_init)
    i.dig_write_dat                          0x01008070   Section        0  digital.o(i.dig_write_dat)
    i.emv_disturb_interruption               0x010080c0   Section        0  mhscpu_emv_hard.o(i.emv_disturb_interruption)
    i.emv_hard_cold_reset                    0x010080c8   Section        0  mhscpu_emv_hard.o(i.emv_hard_cold_reset)
    i.emv_hard_config                        0x010081c8   Section        0  mhscpu_emv_hard.o(i.emv_hard_config)
    i.emv_hard_detect                        0x01008210   Section        0  mhscpu_emv_hard.o(i.emv_hard_detect)
    i.emv_hard_init                          0x0100823c   Section        0  mhscpu_emv_hard.o(i.emv_hard_init)
    i.emv_hard_power_dump                    0x01008240   Section        0  mhscpu_emv_hard.o(i.emv_hard_power_dump)
    i.emv_hard_power_pump                    0x010082c4   Section        0  mhscpu_emv_hard.o(i.emv_hard_power_pump)
    i.emv_hard_warm_reset                    0x01008384   Section        0  mhscpu_emv_hard.o(i.emv_hard_warm_reset)
    i.emv_hard_xmit                          0x01008484   Section        0  mhscpu_emv_hard.o(i.emv_hard_xmit)
    i.emv_sci_reset                          0x01008578   Section        0  mhscpu_emv_hard.o(i.emv_sci_reset)
    i.fputc                                  0x010085f4   Section        0  uart.o(i.fputc)
    i.getvar                                 0x01008624   Section        0  24cxx.o(i.getvar)
    i.gpio_config                            0x0100863c   Section        0  gpio.o(i.gpio_config)
    i.init_timer0                            0x010086ac   Section        0  timer.o(i.init_timer0)
    i.iso7816_analy_atr                      0x01008708   Section        0  psam.o(i.iso7816_analy_atr)
    i.iso7816_rcv_byte                       0x01008828   Section        0  psam_bsp.o(i.iso7816_rcv_byte)
    i.iso7816_send_ADPU                      0x010088a0   Section        0  psam.o(i.iso7816_send_ADPU)
    i.iso7816_send_byte                      0x01008a3c   Section        0  psam_bsp.o(i.iso7816_send_byte)
    i.isvalid_channel                        0x01008ac2   Section        0  mhscpu_emv_hard.o(i.isvalid_channel)
    i.key_init                               0x01008ad0   Section        0  key.o(i.key_init)
    i.main                                   0x01008aec   Section        0  main.o(i.main)
    i.parameter_init                         0x01008ca8   Section        0  24cxx.o(i.parameter_init)
    i.pasm_rst_write                         0x01008cf0   Section        0  psam_bsp.o(i.pasm_rst_write)
    i.pcd_antenna_off                        0x01008d3c   Section        0  mh523.o(i.pcd_antenna_off)
    i.pcd_antenna_on                         0x01008d52   Section        0  mh523.o(i.pcd_antenna_on)
    i.pcd_cascaded_anticoll                  0x01008d68   Section        0  iso14443a.o(i.pcd_cascaded_anticoll)
    i.pcd_cascaded_select                    0x01008fd4   Section        0  iso14443a.o(i.pcd_cascaded_select)
    i.pcd_com_transceive                     0x01009064   Section        0  mh523.o(i.pcd_com_transceive)
    i.pcd_delay_sfgi                         0x010094a0   Section        0  mh523.o(i.pcd_delay_sfgi)
    i.pcd_hlta                               0x01009518   Section        0  iso14443a.o(i.pcd_hlta)
    i.pcd_rats_a                             0x0100956c   Section        0  iso14443a.o(i.pcd_rats_a)
    i.pcd_request                            0x01009744   Section        0  iso14443a.o(i.pcd_request)
    i.pcd_set_tmo                            0x010097b0   Section        0  mh523.o(i.pcd_set_tmo)
    i.pro_APDU                               0x010097e0   Section        0  contactlessapi.o(i.pro_APDU)
    i.pro_APDU_PSAM                          0x01009808   Section        0  psamapi.o(i.pro_APDU_PSAM)
    i.pro_GetCardID                          0x0100991c   Section        0  contactlessapi.o(i.pro_GetCardID)
    i.protocolflag_init                      0x01009994   Section        0  uart.o(i.protocolflag_init)
    i.psam_data_read                         0x010099b8   Section        0  psam_bsp.o(i.psam_data_read)
    i.psam_data_set                          0x010099f0   Section        0  psam_bsp.o(i.psam_data_set)
    i.psam_data_write                        0x01009a2c   Section        0  psam_bsp.o(i.psam_data_write)
    i.psam_init                              0x01009a78   Section        0  psam_bsp.o(i.psam_init)
    i.psam_iso7816_send_ADPU                 0x01009b20   Section        0  psam.o(i.psam_iso7816_send_ADPU)
    i.psam_power_on                          0x01009ea8   Section        0  psam_bsp.o(i.psam_power_on)
    i.psam_reset                             0x01009eac   Section        0  psam.o(i.psam_reset)
    i.read_reg                               0x01009f54   Section        0  mh523.o(i.read_reg)
    i.savevar                                0x01009f84   Section        0  24cxx.o(i.savevar)
    i.select_slot                            0x01009f9c   Section        0  mhscpu_emv_hard.o(i.select_slot)
    i.set_bit_mask                           0x01009fbc   Section        0  mh523.o(i.set_bit_mask)
    i.spi_config                             0x01009fd8   Section        0  spi.o(i.spi_config)
    i.spi_read_byte                          0x0100a028   Section        0  spi.o(i.spi_read_byte)
    i.spi_write_byte                         0x0100a060   Section        0  spi.o(i.spi_write_byte)
    i.tim_pwm_init                           0x0100a09c   Section        0  psam_bsp.o(i.tim_pwm_init)
    i.tst_SCIWarmReset                       0x0100a0ec   Section        0  7816.o(i.tst_SCIWarmReset)
    i.uart_Config                            0x0100a23c   Section        0  uart.o(i.uart_Config)
    i.uart_cmd_Receive                       0x0100a2b0   Section        0  uart.o(i.uart_cmd_Receive)
    i.writeBPK                               0x0100a2fc   Section        0  bpk.o(i.writeBPK)
    i.write_reg                              0x0100a338   Section        0  mh523.o(i.write_reg)
    .constdata                               0x0100a368   Section       16  mhscpu_gpio.o(.constdata)
    .constdata                               0x0100a378   Section       15  mhscpu_emv_hard.o(.constdata)
    aSCI_BaseTable                           0x0100a378   Data          12  mhscpu_emv_hard.o(.constdata)
    aSCI_CG_Table                            0x0100a384   Data           3  mhscpu_emv_hard.o(.constdata)
    .constdata                               0x0100a387   Section       16  digital.o(.constdata)
    .constdata                               0x0100a398   Section        8  led.o(.constdata)
    .constdata                               0x0100a3a0   Section      512  crc.o(.constdata)
    .constdata                               0x0100a5a0   Section       24  rtc.o(.constdata)
    .constdata                               0x0100a5b8   Section      128  emv_fidi_table.o(.constdata)
    .constdata                               0x0100a638   Section       16  emv_patch.o(.constdata)
    .constdata                               0x0100a648   Section      129  ctype_o.o(.constdata)
    .constdata                               0x0100a6cc   Section        4  ctype_o.o(.constdata)
    table                                    0x0100a6cc   Data           4  ctype_o.o(.constdata)
    .conststring                             0x0100a6d0   Section       66  download.o(.conststring)
    .data                                    0x20000000   Section        8  mhscpu_gpio.o(.data)
    GPIO_OD_Mark                             0x20000000   Data           8  mhscpu_gpio.o(.data)
    .data                                    0x20000008   Section        8  mhscpu_flash.o(.data)
    gu32FLASH_Key1                           0x20000008   Data           4  mhscpu_flash.o(.data)
    gu32FLASH_Key2                           0x2000000c   Data           4  mhscpu_flash.o(.data)
    .data                                    0x20000010   Section        4  spi.o(.data)
    NFC_SPI                                  0x20000010   Data           4  spi.o(.data)
    .data                                    0x20000014   Section        4  delay.o(.data)
    .data                                    0x20000018   Section        3  uart.o(.data)
    bits                                     0x2000001a   Data           1  uart.o(.data)
    .data                                    0x2000001c   Section        4  timer.o(.data)
    .data                                    0x20000020   Section       96  key.o(.data)
    .data                                    0x20000080   Section       16  led.o(.data)
    .data                                    0x20000090   Section       36  iso14443a.o(.data)
    .data                                    0x200000b4   Section        3  psam.o(.data)
    .data                                    0x200000b8   Section        9  psam_bsp.o(.data)
    .data                                    0x200000c1   Section        4  psamapi.o(.data)
    .data                                    0x200000c5   Section        6  jrreader.o(.data)
    .data                                    0x200000cc   Section        4  download.o(.data)
    .data                                    0x200000d0   Section        4  iap_flash.o(.data)
    flashptr                                 0x200000d0   Data           4  iap_flash.o(.data)
    .data                                    0x200000d4   Section        2  rtc.o(.data)
    daycnt                                   0x200000d4   Data           2  rtc.o(.data)
    .data                                    0x200000d8   Section        8  emv_queue.o(.data)
    emv_devs                                 0x200000d8   Data           4  emv_queue.o(.data)
    emv_devs_nums                            0x200000dc   Data           4  emv_queue.o(.data)
    .data                                    0x200000e0   Section        4  stdout.o(.data)
    .data                                    0x200000e4   Section        4  errno.o(.data)
    _errno                                   0x200000e4   Data           4  errno.o(.data)
    .bss                                     0x200000e8   Section     1680  mhscpu_emv_hard.o(.bss)
    aEMV_Param                               0x20000718   Data          96  mhscpu_emv_hard.o(.bss)
    .bss                                     0x20000778   Section     4384  main.o(.bss)
    .bss                                     0x20001898   Section     1076  uart.o(.bss)
    .bss                                     0x20001ccc   Section       36  timer.o(.bss)
    .bss                                     0x20001cf0   Section     1108  7816.o(.bss)
    .bss                                     0x20002144   Section       32  iso14443_4.o(.bss)
    .bss                                     0x20002164   Section      260  mh523.o(.bss)
    .bss                                     0x20002268   Section      296  psam.o(.bss)
    .bss                                     0x20002390   Section      720  psamapi.o(.bss)
    .bss                                     0x20002660   Section       20  24cxx.o(.bss)
    .bss                                     0x20002674   Section     1024  download.o(.bss)
    .bss                                     0x20002a74   Section      256  ymodem.o(.bss)
    .bss                                     0x20002b74   Section       12  rtc.o(.bss)
    .bss                                     0x20002b80   Section      336  iso7816_3.o(.bss)
    STACK                                    0x20002cd0   Section    16384  startup_mhscpu.o(STACK)

    Global Symbols

    Symbol Name                              Value     Ov Type        Size  Object(Section)

    BuildAttributes$$THM_ISAv4$P$D$K$B$S$PE$A:L22UL41UL21$X:L11$S22US41US21$IEEE1$IW$USESV6$~STKCKD$USESV7$ENUMINT$~SHL$OSPACE$ROPI$EBA8$MICROLIB$REQ8$PRES8$EABIv2 0x00000000   Number         0  anon$$obj.o ABSOLUTE
    __ARM_use_no_argv                        0x00000000   Number         0  main.o ABSOLUTE
    _printf_a                                0x00000000   Number         0  stubs.o ABSOLUTE
    _printf_c                                0x00000000   Number         0  stubs.o ABSOLUTE
    _printf_charcount                        0x00000000   Number         0  stubs.o ABSOLUTE
    _printf_d                                0x00000000   Number         0  stubs.o ABSOLUTE
    _printf_e                                0x00000000   Number         0  stubs.o ABSOLUTE
    _printf_f                                0x00000000   Number         0  stubs.o ABSOLUTE
    _printf_flags                            0x00000000   Number         0  stubs.o ABSOLUTE
    _printf_fp_dec                           0x00000000   Number         0  stubs.o ABSOLUTE
    _printf_fp_hex                           0x00000000   Number         0  stubs.o ABSOLUTE
    _printf_g                                0x00000000   Number         0  stubs.o ABSOLUTE
    _printf_i                                0x00000000   Number         0  stubs.o ABSOLUTE
    _printf_int_dec                          0x00000000   Number         0  stubs.o ABSOLUTE
    _printf_l                                0x00000000   Number         0  stubs.o ABSOLUTE
    _printf_lc                               0x00000000   Number         0  stubs.o ABSOLUTE
    _printf_ll                               0x00000000   Number         0  stubs.o ABSOLUTE
    _printf_lld                              0x00000000   Number         0  stubs.o ABSOLUTE
    _printf_lli                              0x00000000   Number         0  stubs.o ABSOLUTE
    _printf_llo                              0x00000000   Number         0  stubs.o ABSOLUTE
    _printf_llu                              0x00000000   Number         0  stubs.o ABSOLUTE
    _printf_llx                              0x00000000   Number         0  stubs.o ABSOLUTE
    _printf_longlong_dec                     0x00000000   Number         0  stubs.o ABSOLUTE
    _printf_longlong_hex                     0x00000000   Number         0  stubs.o ABSOLUTE
    _printf_longlong_oct                     0x00000000   Number         0  stubs.o ABSOLUTE
    _printf_ls                               0x00000000   Number         0  stubs.o ABSOLUTE
    _printf_mbtowc                           0x00000000   Number         0  stubs.o ABSOLUTE
    _printf_n                                0x00000000   Number         0  stubs.o ABSOLUTE
    _printf_o                                0x00000000   Number         0  stubs.o ABSOLUTE
    _printf_p                                0x00000000   Number         0  stubs.o ABSOLUTE
    _printf_percent                          0x00000000   Number         0  stubs.o ABSOLUTE
    _printf_pre_padding                      0x00000000   Number         0  stubs.o ABSOLUTE
    _printf_return_value                     0x00000000   Number         0  stubs.o ABSOLUTE
    _printf_s                                0x00000000   Number         0  stubs.o ABSOLUTE
    _printf_sizespec                         0x00000000   Number         0  stubs.o ABSOLUTE
    _printf_str                              0x00000000   Number         0  stubs.o ABSOLUTE
    _printf_truncate_signed                  0x00000000   Number         0  stubs.o ABSOLUTE
    _printf_truncate_unsigned                0x00000000   Number         0  stubs.o ABSOLUTE
    _printf_u                                0x00000000   Number         0  stubs.o ABSOLUTE
    _printf_wc                               0x00000000   Number         0  stubs.o ABSOLUTE
    _printf_wctomb                           0x00000000   Number         0  stubs.o ABSOLUTE
    _printf_widthprec                        0x00000000   Number         0  stubs.o ABSOLUTE
    _printf_x                                0x00000000   Number         0  stubs.o ABSOLUTE
    __cpp_initialize__aeabi_                  - Undefined Weak Reference
    __cxa_finalize                            - Undefined Weak Reference
    __decompress                              - Undefined Weak Reference
    _clock_init                               - Undefined Weak Reference
    _microlib_exit                            - Undefined Weak Reference
    __Vectors_Size                           0x000000b4   Number         0  startup_mhscpu.o ABSOLUTE
    __Vectors                                0x01001000   Data           4  startup_mhscpu.o(RESET)
    __Vectors_End                            0x010010b4   Data           0  startup_mhscpu.o(RESET)
    __main                                   0x010010b5   Thumb Code     0  entry.o(.ARM.Collect$$$$00000000)
    _main_stk                                0x010010b5   Thumb Code     0  entry2.o(.ARM.Collect$$$$00000001)
    _main_scatterload                        0x010010b9   Thumb Code     0  entry5.o(.ARM.Collect$$$$00000004)
    __main_after_scatterload                 0x010010bd   Thumb Code     0  entry5.o(.ARM.Collect$$$$00000004)
    _main_clock                              0x010010bd   Thumb Code     0  entry7b.o(.ARM.Collect$$$$00000008)
    _main_cpp_init                           0x010010bd   Thumb Code     0  entry8b.o(.ARM.Collect$$$$0000000A)
    _main_init                               0x010010bd   Thumb Code     0  entry9a.o(.ARM.Collect$$$$0000000B)
    __rt_final_cpp                           0x010010c5   Thumb Code     0  entry10a.o(.ARM.Collect$$$$0000000D)
    __rt_final_exit                          0x010010c5   Thumb Code     0  entry11a.o(.ARM.Collect$$$$0000000F)
    Reset_Handler                            0x010010c9   Thumb Code    18  startup_mhscpu.o(.text)
    SysTick_Handler                          0x010010ed   Thumb Code     2  startup_mhscpu.o(.text)
    ADC0_IRQHandler                          0x010010ef   Thumb Code     0  startup_mhscpu.o(.text)
    CRYPT0_IRQHandler                        0x010010ef   Thumb Code     0  startup_mhscpu.o(.text)
    DCMI_IRQHandler                          0x010010ef   Thumb Code     0  startup_mhscpu.o(.text)
    DMA0_IRQHandler                          0x010010ef   Thumb Code     0  startup_mhscpu.o(.text)
    EXTI0_IRQHandler                         0x010010ef   Thumb Code     0  startup_mhscpu.o(.text)
    EXTI1_IRQHandler                         0x010010ef   Thumb Code     0  startup_mhscpu.o(.text)
    EXTI2_IRQHandler                         0x010010ef   Thumb Code     0  startup_mhscpu.o(.text)
    EXTI3_IRQHandler                         0x010010ef   Thumb Code     0  startup_mhscpu.o(.text)
    IMG_COP_IRQHandler                       0x010010ef   Thumb Code     0  startup_mhscpu.o(.text)
    LCD_IRQHandler                           0x010010ef   Thumb Code     0  startup_mhscpu.o(.text)
    MSR_IRQHandler                           0x010010ef   Thumb Code     0  startup_mhscpu.o(.text)
    SENSOR_IRQHandler                        0x010010ef   Thumb Code     0  startup_mhscpu.o(.text)
    SPI0_IRQHandler                          0x010010ef   Thumb Code     0  startup_mhscpu.o(.text)
    SPI1_IRQHandler                          0x010010ef   Thumb Code     0  startup_mhscpu.o(.text)
    SPI2_IRQHandler                          0x010010ef   Thumb Code     0  startup_mhscpu.o(.text)
    SSC_IRQHandler                           0x010010ef   Thumb Code     0  startup_mhscpu.o(.text)
    TIM0_0_IRQHandler                        0x010010ef   Thumb Code     0  startup_mhscpu.o(.text)
    TIM0_2_IRQHandler                        0x010010ef   Thumb Code     0  startup_mhscpu.o(.text)
    TIM0_3_IRQHandler                        0x010010ef   Thumb Code     0  startup_mhscpu.o(.text)
    TIM0_5_IRQHandler                        0x010010ef   Thumb Code     0  startup_mhscpu.o(.text)
    TRNG_IRQHandler                          0x010010ef   Thumb Code     0  startup_mhscpu.o(.text)
    UART1_IRQHandler                         0x010010ef   Thumb Code     0  startup_mhscpu.o(.text)
    USBDMA_IRQHandler                        0x010010ef   Thumb Code     0  startup_mhscpu.o(.text)
    USB_IRQHandler                           0x010010ef   Thumb Code     0  startup_mhscpu.o(.text)
    emv_tell_case                            0x01001101   Thumb Code    32  emv_core.o(.text)
    emv_t1_compute_lrc                       0x01001121   Thumb Code    48  emv_core.o(.text)
    emv_t1_extract                           0x01001151   Thumb Code   186  emv_core.o(.text)
    emv_t1_iblock_pack                       0x0100120b   Thumb Code    98  emv_core.o(.text)
    emv_t1_block_xmit                        0x0100126d   Thumb Code    86  emv_core.o(.text)
    emv_t1_block_recv                        0x010012c3   Thumb Code   420  emv_core.o(.text)
    emv_atr_analyser                         0x01001467   Thumb Code   554  emv_core.o(.text)
    emv_atr_parse                            0x01001691   Thumb Code   650  emv_core.o(.text)
    emv_t0_exchange                          0x0100191b   Thumb Code   896  emv_core.o(.text)
    emv_t1_exchange                          0x01001c9b   Thumb Code   918  emv_core.o(.text)
    emv_t1_ifsd_request                      0x01002031   Thumb Code   190  emv_core.o(.text)
    emv_core_init                            0x010020f5   Thumb Code     8  emv_queue.o(.text)
    emv_core_register                        0x010020fd   Thumb Code    14  emv_queue.o(.text)
    emv_core_devs                            0x0100210b   Thumb Code    14  emv_queue.o(.text)
    emv_queue_flush                          0x01002119   Thumb Code    34  emv_queue.o(.text)
    emv_queue_empty                          0x0100213b   Thumb Code    26  emv_queue.o(.text)
    emv_queue_length                         0x01002155   Thumb Code    54  emv_queue.o(.text)
    emv_queue_fill                           0x0100218b   Thumb Code    66  emv_queue.o(.text)
    emv_queue_spill                          0x010021cd   Thumb Code   194  emv_queue.o(.text)
    iso7816_get_version                      0x0100229d   Thumb Code     4  iso7816_3.o(.text)
    iso7816_lib_date                         0x010022a1   Thumb Code     4  iso7816_3.o(.text)
    iso7816_lib_time                         0x010022a5   Thumb Code     4  iso7816_3.o(.text)
    sci_getv                                 0x010022a9   Thumb Code    14  iso7816_3.o(.text)
    iso7816_device_init                      0x010022b7   Thumb Code   220  iso7816_3.o(.text)
    iso7816_init                             0x01002393   Thumb Code   480  iso7816_3.o(.text)
    iso7816_exchange                         0x01002573   Thumb Code   302  iso7816_3.o(.text)
    iso7816_close                            0x010026a1   Thumb Code    44  iso7816_3.o(.text)
    iso7816_detect                           0x010026cd   Thumb Code   100  iso7816_3.o(.text)
    Read_CardSlotInfo                        0x01002731   Thumb Code    40  iso7816_3.o(.text)
    Write_CardSlotInfo                       0x01002759   Thumb Code    56  iso7816_3.o(.text)
    fi_const_table                           0x01002799   Thumb Code    10  emv_fidi_table.o(.text)
    di_const_table                           0x010027a3   Thumb Code    10  emv_fidi_table.o(.text)
    fi_const_index                           0x010027ad   Thumb Code    36  emv_fidi_table.o(.text)
    di_const_index                           0x010027d1   Thumb Code    32  emv_fidi_table.o(.text)
    adjust_timeout_type                      0x010027f9   Thumb Code   154  emv_patch.o(.text)
    iso_atr_parse                            0x01002893   Thumb Code   838  emv_patch.o(.text)
    iso_condsel_procedure                    0x01002bd9   Thumb Code   118  emv_patch.o(.text)
    iso_pps_procedure                        0x01002c4f   Thumb Code   548  emv_patch.o(.text)
    __aeabi_memcpy                           0x01002e7d   Thumb Code    36  memcpya.o(.text)
    __aeabi_memcpy4                          0x01002e7d   Thumb Code     0  memcpya.o(.text)
    __aeabi_memcpy8                          0x01002e7d   Thumb Code     0  memcpya.o(.text)
    __aeabi_memset                           0x01002ea1   Thumb Code    14  memseta.o(.text)
    __aeabi_memset4                          0x01002ea1   Thumb Code     0  memseta.o(.text)
    __aeabi_memset8                          0x01002ea1   Thumb Code     0  memseta.o(.text)
    __aeabi_memclr                           0x01002eaf   Thumb Code     4  memseta.o(.text)
    __aeabi_memclr4                          0x01002eaf   Thumb Code     0  memseta.o(.text)
    __aeabi_memclr8                          0x01002eaf   Thumb Code     0  memseta.o(.text)
    _memset$wrapper                          0x01002eb3   Thumb Code    18  memseta.o(.text)
    strstr                                   0x01002ec5   Thumb Code    36  strstr.o(.text)
    strcpy                                   0x01002ee9   Thumb Code    18  strcpy.o(.text)
    atoi                                     0x01002efb   Thumb Code    26  atoi.o(.text)
    __aeabi_uldivmod                         0x01002f15   Thumb Code    98  uldiv.o(.text)
    __aeabi_llsl                             0x01002f77   Thumb Code    30  llshl.o(.text)
    _ll_shift_l                              0x01002f77   Thumb Code     0  llshl.o(.text)
    __aeabi_llsr                             0x01002f95   Thumb Code    32  llushr.o(.text)
    _ll_ushift_r                             0x01002f95   Thumb Code     0  llushr.o(.text)
    strtol                                   0x01002fb5   Thumb Code   112  strtol.o(.text)
    __scatterload                            0x01003025   Thumb Code    28  init.o(.text)
    __scatterload_rt2                        0x01003025   Thumb Code     0  init.o(.text)
    __rt_ctype_table                         0x01003049   Thumb Code     4  ctype_o.o(.text)
    _strtoul                                 0x01003051   Thumb Code   158  _strtoul.o(.text)
    _chval                                   0x010030ef   Thumb Code    28  _chval.o(.text)
    AT24CXX_Read                             0x0100310b   Thumb Code   144  24cxx.o(i.AT24CXX_Read)
    AT24CXX_Write                            0x0100319b   Thumb Code   116  24cxx.o(i.AT24CXX_Write)
    BPK_IsReady                              0x01003211   Thumb Code    18  mhscpu_bpk.o(i.BPK_IsReady)
    BPK_KeyReadLock                          0x01003229   Thumb Code    74  mhscpu_bpk.o(i.BPK_KeyReadLock)
    BPK_KeyWriteLock                         0x010032a5   Thumb Code    74  mhscpu_bpk.o(i.BPK_KeyWriteLock)
    BPK_Lock                                 0x01003321   Thumb Code    84  mhscpu_bpk.o(i.BPK_Lock)
    BPK_ReadUnlockFun                        0x010033a5   Thumb Code    12  bpk.o(i.BPK_ReadUnlockFun)
    BPK_WriteKey                             0x010033b1   Thumb Code    54  mhscpu_bpk.o(i.BPK_WriteKey)
    BPK_WriteLockFun                         0x010033ed   Thumb Code    12  bpk.o(i.BPK_WriteLockFun)
    BPK_WriteUnlockFun                       0x010033f9   Thumb Code    12  bpk.o(i.BPK_WriteUnlockFun)
    BSP_LED_Init                             0x01003405   Thumb Code   106  led.o(i.BSP_LED_Init)
    BusFault_Handler                         0x01003475   Thumb Code     4  mhscpu_it.o(i.BusFault_Handler)
    Cal_CRC16                                0x01003479   Thumb Code    52  ymodem.o(i.Cal_CRC16)
    CaptureCardType                          0x010034ad   Thumb Code    48  contactlessapi.o(i.CaptureCardType)
    DebugMon_Handler                         0x010034e1   Thumb Code    10  mhscpu_it.o(i.DebugMon_Handler)
    DownloadFirmware                         0x010034fd   Thumb Code   138  download.o(i.DownloadFirmware)
    FLASH_ErasePage                          0x0100368d   Thumb Code   100  mhscpu_flash.o(i.FLASH_ErasePage)
    FLASH_Lock                               0x0100372d   Thumb Code    20  mhscpu_flash.o(i.FLASH_Lock)
    FLASH_ProgramWord                        0x010037a5   Thumb Code   190  mhscpu_flash.o(i.FLASH_ProgramWord)
    FLASH_UnProtect                          0x010038a5   Thumb Code    70  mhscpu_flash.o(i.FLASH_UnProtect)
    FLASH_Unlock                             0x010038f5   Thumb Code    14  mhscpu_flash.o(i.FLASH_Unlock)
    GPIO_Init                                0x010039e5   Thumb Code   324  mhscpu_gpio.o(i.GPIO_Init)
    GPIO_PinRemapConfig                      0x01003b61   Thumb Code   248  mhscpu_gpio.o(i.GPIO_PinRemapConfig)
    GPIO_ReadInputDataBit                    0x01003c91   Thumb Code   156  mhscpu_gpio.o(i.GPIO_ReadInputDataBit)
    GPIO_ResetBits                           0x01003d61   Thumb Code   208  mhscpu_gpio.o(i.GPIO_ResetBits)
    GPIO_SetBits                             0x01003e69   Thumb Code   202  mhscpu_gpio.o(i.GPIO_SetBits)
    GetKey                                   0x01003f6d   Thumb Code   128  key.o(i.GetKey)
    HardFault_Handler                        0x01004041   Thumb Code    10  mhscpu_it.o(i.HardFault_Handler)
    IAP_FlashEease                           0x01004059   Thumb Code    78  iap_flash.o(i.IAP_FlashEease)
    IAP_JumpToApplication                    0x010040b5   Thumb Code    44  download.o(i.IAP_JumpToApplication)
    IAP_SerialGetByte                        0x010040ed   Thumb Code    28  ymodem.o(i.IAP_SerialGetByte)
    IAP_SerialSendByte                       0x0100410d   Thumb Code    26  ymodem.o(i.IAP_SerialSendByte)
    IAP_SerialSendStr                        0x0100412d   Thumb Code    22  ymodem.o(i.IAP_SerialSendStr)
    IAP_UpdataParam                          0x01004145   Thumb Code    66  iap_flash.o(i.IAP_UpdataParam)
    IAP_UpdataProgram                        0x0100418d   Thumb Code    68  iap_flash.o(i.IAP_UpdataProgram)
    IIC_Ack                                  0x010041d5   Thumb Code    60  24cxx.o(i.IIC_Ack)
    IIC_Init                                 0x01004215   Thumb Code    46  24cxx.o(i.IIC_Init)
    IIC_NAck                                 0x01004249   Thumb Code    60  24cxx.o(i.IIC_NAck)
    IIC_Read_Byte                            0x01004289   Thumb Code    92  24cxx.o(i.IIC_Read_Byte)
    IIC_Send_Byte                            0x010042e9   Thumb Code   100  24cxx.o(i.IIC_Send_Byte)
    IIC_Start                                0x01004351   Thumb Code    64  24cxx.o(i.IIC_Start)
    IIC_Stop                                 0x01004395   Thumb Code    64  24cxx.o(i.IIC_Stop)
    IIC_Wait_Ack                             0x010043d9   Thumb Code    90  24cxx.o(i.IIC_Wait_Ack)
    ISO14443_4_HalfDuplexExchange            0x01004439   Thumb Code  1208  iso14443_4.o(i.ISO14443_4_HalfDuplexExchange)
    ISO7816_Bspinit                          0x010048f1   Thumb Code    78  7816.o(i.ISO7816_Bspinit)
    Is_Leap_Year                             0x01004951   Thumb Code    58  rtc.o(i.Is_Leap_Year)
    LED_Control                              0x010049f9   Thumb Code   104  led.o(i.LED_Control)
    MemManage_Handler                        0x01004a69   Thumb Code     4  mhscpu_it.o(i.MemManage_Handler)
    Mystrcmp                                 0x01004a6d   Thumb Code    58  psamapi.o(i.Mystrcmp)
    NMI_Handler                              0x01004aa7   Thumb Code     2  mhscpu_it.o(i.NMI_Handler)
    NVIC_Configuration                       0x01004aa9   Thumb Code    52  main.o(i.NVIC_Configuration)
    NVIC_Init                                0x01004add   Thumb Code   258  misc.o(i.NVIC_Init)
    PSAM_TestCommond                         0x01004c3d   Thumb Code   506  psamapi.o(i.PSAM_TestCommond)
    PendSV_Handler                           0x01004e75   Thumb Code     2  mhscpu_it.o(i.PendSV_Handler)
    PubGetVar                                0x01004e77   Thumb Code    46  24cxx.o(i.PubGetVar)
    PubSaveVar                               0x01004ea5   Thumb Code    46  24cxx.o(i.PubSaveVar)
    RTC_ClearITPendingBit                    0x01004ed5   Thumb Code    20  mhscpu_rtc.o(i.RTC_ClearITPendingBit)
    RTC_Get                                  0x01004eed   Thumb Code   250  rtc.o(i.RTC_Get)
    RTC_GetCounter                           0x01004ffd   Thumb Code    54  mhscpu_rtc.o(i.RTC_GetCounter)
    RTC_Get_Week                             0x01005039   Thumb Code   116  rtc.o(i.RTC_Get_Week)
    RTC_IRQHandler                           0x010050b1   Thumb Code    24  rtc.o(i.RTC_IRQHandler)
    RTC_Is_Ready                             0x010050c9   Thumb Code    18  mhscpu_rtc.o(i.RTC_Is_Ready)
    RTC_ResetCounter                         0x010050e1   Thumb Code    30  mhscpu_rtc.o(i.RTC_ResetCounter)
    RTC_Set                                  0x01005105   Thumb Code   178  rtc.o(i.RTC_Set)
    RTC_SetAlarm                             0x010051c9   Thumb Code    20  mhscpu_rtc.o(i.RTC_SetAlarm)
    RTC_SetRefRegister                       0x010051e1   Thumb Code    20  mhscpu_rtc.o(i.RTC_SetRefRegister)
    ReadConfigData                           0x010051f9   Thumb Code    26  24cxx.o(i.ReadConfigData)
    ReadConfigDataNew                        0x01005213   Thumb Code   136  24cxx.o(i.ReadConfigDataNew)
    ReadJRreaderTerminalParam                0x0100529d   Thumb Code    58  24cxx.o(i.ReadJRreaderTerminalParam)
    ReadKeyStatus                            0x010052dd   Thumb Code   348  key.o(i.ReadKeyStatus)
    SCI0_IRQHandler                          0x0100543d   Thumb Code    10  mhscpu_emv_hard.o(i.SCI0_IRQHandler)
    SCI_ConfigEMV                            0x01005449   Thumb Code   172  mhscpu_emv_hard.o(i.SCI_ConfigEMV)
    SCI_MatchBaudReg                         0x01005509   Thumb Code   112  mhscpu_emv_hard.o(i.SCI_MatchBaudReg)
    SPI_Cmd                                  0x010059fd   Thumb Code    36  mhscpu_spi.o(i.SPI_Cmd)
    SPI_GetFlagStatus                        0x01005a4d   Thumb Code    54  mhscpu_spi.o(i.SPI_GetFlagStatus)
    SPI_Init                                 0x01005ab1   Thumb Code   440  mhscpu_spi.o(i.SPI_Init)
    SPI_MasterSlaveModeSet                   0x01005c95   Thumb Code    12  mhscpu_spi.o(i.SPI_MasterSlaveModeSet)
    SPI_ReceiveData                          0x01005ca1   Thumb Code     8  mhscpu_spi.o(i.SPI_ReceiveData)
    SPI_SendData                             0x01005ca9   Thumb Code     4  mhscpu_spi.o(i.SPI_SendData)
    SVC_Handler                              0x01005cad   Thumb Code     2  mhscpu_it.o(i.SVC_Handler)
    SYSCTRL_APBPeriphClockCmd                0x01005cb1   Thumb Code    66  mhscpu_sysctrl.o(i.SYSCTRL_APBPeriphClockCmd)
    SYSCTRL_APBPeriphResetCmd                0x01005d2d   Thumb Code    66  mhscpu_sysctrl.o(i.SYSCTRL_APBPeriphResetCmd)
    SYSCTRL_GetClocksFreq                    0x01005da9   Thumb Code    54  mhscpu_sysctrl.o(i.SYSCTRL_GetClocksFreq)
    SYSCTRL_HCLKConfig                       0x01005ded   Thumb Code   130  mhscpu_sysctrl.o(i.SYSCTRL_HCLKConfig)
    SYSCTRL_PCLKConfig                       0x01005ea5   Thumb Code    78  mhscpu_sysctrl.o(i.SYSCTRL_PCLKConfig)
    SYSCTRL_PLLConfig                        0x01005f29   Thumb Code    82  mhscpu_sysctrl.o(i.SYSCTRL_PLLConfig)
    SYSCTRL_SPI_MasterSlaveModeSet           0x01005fb1   Thumb Code    86  mhscpu_sysctrl.o(i.SYSCTRL_SPI_MasterSlaveModeSet)
    SYSCTRL_SYSCLKSourceSelect               0x01006011   Thumb Code    62  mhscpu_sysctrl.o(i.SYSCTRL_SYSCLKSourceSelect)
    SaveConfigData                           0x01006085   Thumb Code    26  24cxx.o(i.SaveConfigData)
    SaveConfigDataNew                        0x0100609f   Thumb Code   142  24cxx.o(i.SaveConfigDataNew)
    SendKeyValue                             0x0100612d   Thumb Code   172  jrreader.o(i.SendKeyValue)
    SerJRReaderHandle                        0x010061e5   Thumb Code  3198  jrreader.o(i.SerJRReaderHandle)
    SetHardVersionStat                       0x01006e81   Thumb Code    18  24cxx.o(i.SetHardVersionStat)
    SetSoftVersionStat                       0x01006e93   Thumb Code    18  24cxx.o(i.SetSoftVersionStat)
    SystemInit                               0x01006ea5   Thumb Code    22  system_mhscpu.o(i.SystemInit)
    TIM0_1_IRQHandler                        0x01006ebd   Thumb Code    42  timer.o(i.TIM0_1_IRQHandler)
    TIM0_4_IRQHandler                        0x01006ef1   Thumb Code    28  psam_bsp.o(i.TIM0_4_IRQHandler)
    TIMER_Configuration                      0x01006f15   Thumb Code    82  timer.o(i.TIMER_Configuration)
    TIM_ClearITPendingBit                    0x01006f71   Thumb Code    16  mhscpu_timer.o(i.TIM_ClearITPendingBit)
    TIM_Cmd                                  0x01006f81   Thumb Code    78  mhscpu_timer.o(i.TIM_Cmd)
    TIM_DeInit                               0x01007001   Thumb Code    20  mhscpu_timer.o(i.TIM_DeInit)
    TIM_ITConfig                             0x01007019   Thumb Code    78  mhscpu_timer.o(i.TIM_ITConfig)
    TIM_Init                                 0x01007099   Thumb Code   100  mhscpu_timer.o(i.TIM_Init)
    TIM_PWMInit                              0x010070fd   Thumb Code   112  mhscpu_timer.o(i.TIM_PWMInit)
    TimerPWMSetStructInit                    0x0100716d   Thumb Code    40  timer.o(i.TimerPWMSetStructInit)
    UART0_IRQHandler                         0x0100719d   Thumb Code   498  uart.o(i.UART0_IRQHandler)
    UART0_SendBuf                            0x010073a9   Thumb Code    28  uart.o(i.UART0_SendBuf)
    UART0_SendByte                           0x010073c5   Thumb Code    26  uart.o(i.UART0_SendByte)
    UART_ITConfig                            0x010073e5   Thumb Code    18  mhscpu_uart.o(i.UART_ITConfig)
    UART_Init                                0x010073f9   Thumb Code   180  mhscpu_uart.o(i.UART_Init)
    UART_IsRXReceived                        0x010074e1   Thumb Code    18  mhscpu_uart.o(i.UART_IsRXReceived)
    UART_IsTXEmpty                           0x010074f3   Thumb Code    18  mhscpu_uart.o(i.UART_IsTXEmpty)
    UART_ReceiveData                         0x01007505   Thumb Code     8  mhscpu_uart.o(i.UART_ReceiveData)
    UART_SendData                            0x0100750d   Thumb Code     6  mhscpu_uart.o(i.UART_SendData)
    UpdateCRC16                              0x01007513   Thumb Code    50  ymodem.o(i.UpdateCRC16)
    UploadCardSn                             0x01007545   Thumb Code   162  jrreader.o(i.UploadCardSn)
    UsageFault_Handler                       0x010075f5   Thumb Code     4  mhscpu_it.o(i.UsageFault_Handler)
    YModem_Int2Str                           0x010075f9   Thumb Code    84  ymodem.o(i.YModem_Int2Str)
    YModem_Receive                           0x01007651   Thumb Code   436  ymodem.o(i.YModem_Receive)
    YModem_RecvByte                          0x01007809   Thumb Code    34  ymodem.o(i.YModem_RecvByte)
    YModem_RecvPacket                        0x0100782b   Thumb Code   260  ymodem.o(i.YModem_RecvPacket)
    YModem_SendByte                          0x0100792f   Thumb Code    12  ymodem.o(i.YModem_SendByte)
    __0printf$8                              0x0100793d   Thumb Code    22  printf8.o(i.__0printf$8)
    __1printf$8                              0x0100793d   Thumb Code     0  printf8.o(i.__0printf$8)
    __2printf                                0x0100793d   Thumb Code     0  printf8.o(i.__0printf$8)
    __aeabi_errno_addr                       0x0100795d   Thumb Code     4  errno.o(i.__aeabi_errno_addr)
    __rt_errno_addr                          0x0100795d   Thumb Code     0  errno.o(i.__aeabi_errno_addr)
    __scatterload_copy                       0x01007965   Thumb Code    14  handlers.o(i.__scatterload_copy)
    __scatterload_null                       0x01007973   Thumb Code     2  handlers.o(i.__scatterload_null)
    __scatterload_zeroinit                   0x01007975   Thumb Code    14  handlers.o(i.__scatterload_zeroinit)
    assert_failed                            0x01007de7   Thumb Code     4  main.o(i.assert_failed)
    beep                                     0x01007ded   Thumb Code    64  gpio.o(i.beep)
    clear_bit_mask                           0x01007e35   Thumb Code    26  mh523.o(i.clear_bit_mask)
    crc16                                    0x01007e51   Thumb Code    46  crc.o(i.crc16)
    delayms                                  0x01007e89   Thumb Code    28  delay.o(i.delayms)
    delayus                                  0x01007ea5   Thumb Code    78  delay.o(i.delayus)
    dig_Display                              0x01007ef9   Thumb Code   196  digital.o(i.dig_Display)
    dig_bsp_init                             0x01007fc5   Thumb Code   168  digital.o(i.dig_bsp_init)
    dig_write_dat                            0x01008071   Thumb Code    76  digital.o(i.dig_write_dat)
    emv_disturb_interruption                 0x010080c1   Thumb Code     6  mhscpu_emv_hard.o(i.emv_disturb_interruption)
    emv_hard_cold_reset                      0x010080c9   Thumb Code   244  mhscpu_emv_hard.o(i.emv_hard_cold_reset)
    emv_hard_config                          0x010081c9   Thumb Code    68  mhscpu_emv_hard.o(i.emv_hard_config)
    emv_hard_detect                          0x01008211   Thumb Code    40  mhscpu_emv_hard.o(i.emv_hard_detect)
    emv_hard_init                            0x0100823d   Thumb Code     4  mhscpu_emv_hard.o(i.emv_hard_init)
    emv_hard_power_dump                      0x01008241   Thumb Code   114  mhscpu_emv_hard.o(i.emv_hard_power_dump)
    emv_hard_power_pump                      0x010082c5   Thumb Code   172  mhscpu_emv_hard.o(i.emv_hard_power_pump)
    emv_hard_warm_reset                      0x01008385   Thumb Code   242  mhscpu_emv_hard.o(i.emv_hard_warm_reset)
    emv_hard_xmit                            0x01008485   Thumb Code   230  mhscpu_emv_hard.o(i.emv_hard_xmit)
    emv_sci_reset                            0x01008579   Thumb Code   108  mhscpu_emv_hard.o(i.emv_sci_reset)
    fputc                                    0x010085f5   Thumb Code    42  uart.o(i.fputc)
    getvar                                   0x01008625   Thumb Code    22  24cxx.o(i.getvar)
    gpio_config                              0x0100863d   Thumb Code   106  gpio.o(i.gpio_config)
    init_timer0                              0x010086ad   Thumb Code    78  timer.o(i.init_timer0)
    iso7816_analy_atr                        0x01008709   Thumb Code   288  psam.o(i.iso7816_analy_atr)
    iso7816_rcv_byte                         0x01008829   Thumb Code   120  psam_bsp.o(i.iso7816_rcv_byte)
    iso7816_send_ADPU                        0x010088a1   Thumb Code   412  psam.o(i.iso7816_send_ADPU)
    iso7816_send_byte                        0x01008a3d   Thumb Code   134  psam_bsp.o(i.iso7816_send_byte)
    isvalid_channel                          0x01008ac3   Thumb Code    14  mhscpu_emv_hard.o(i.isvalid_channel)
    key_init                                 0x01008ad1   Thumb Code    24  key.o(i.key_init)
    main                                     0x01008aed   Thumb Code   314  main.o(i.main)
    parameter_init                           0x01008ca9   Thumb Code    42  24cxx.o(i.parameter_init)
    pasm_rst_write                           0x01008cf1   Thumb Code    72  psam_bsp.o(i.pasm_rst_write)
    pcd_antenna_off                          0x01008d3d   Thumb Code    22  mh523.o(i.pcd_antenna_off)
    pcd_antenna_on                           0x01008d53   Thumb Code    22  mh523.o(i.pcd_antenna_on)
    pcd_cascaded_anticoll                    0x01008d69   Thumb Code   614  iso14443a.o(i.pcd_cascaded_anticoll)
    pcd_cascaded_select                      0x01008fd5   Thumb Code   138  iso14443a.o(i.pcd_cascaded_select)
    pcd_com_transceive                       0x01009065   Thumb Code  1084  mh523.o(i.pcd_com_transceive)
    pcd_delay_sfgi                           0x010094a1   Thumb Code   114  mh523.o(i.pcd_delay_sfgi)
    pcd_hlta                                 0x01009519   Thumb Code    80  iso14443a.o(i.pcd_hlta)
    pcd_rats_a                               0x0100956d   Thumb Code   458  iso14443a.o(i.pcd_rats_a)
    pcd_request                              0x01009745   Thumb Code   104  iso14443a.o(i.pcd_request)
    pcd_set_tmo                              0x010097b1   Thumb Code    48  mh523.o(i.pcd_set_tmo)
    pro_APDU                                 0x010097e1   Thumb Code    36  contactlessapi.o(i.pro_APDU)
    pro_APDU_PSAM                            0x01009809   Thumb Code   264  psamapi.o(i.pro_APDU_PSAM)
    pro_GetCardID                            0x0100991d   Thumb Code   112  contactlessapi.o(i.pro_GetCardID)
    protocolflag_init                        0x01009995   Thumb Code    26  uart.o(i.protocolflag_init)
    psam_data_read                           0x010099b9   Thumb Code    52  psam_bsp.o(i.psam_data_read)
    psam_data_set                            0x010099f1   Thumb Code    54  psam_bsp.o(i.psam_data_set)
    psam_data_write                          0x01009a2d   Thumb Code    72  psam_bsp.o(i.psam_data_write)
    psam_init                                0x01009a79   Thumb Code   162  psam_bsp.o(i.psam_init)
    psam_iso7816_send_ADPU                   0x01009b21   Thumb Code   894  psam.o(i.psam_iso7816_send_ADPU)
    psam_power_on                            0x01009ea9   Thumb Code     2  psam_bsp.o(i.psam_power_on)
    psam_reset                               0x01009ead   Thumb Code   152  psam.o(i.psam_reset)
    read_reg                                 0x01009f55   Thumb Code    44  mh523.o(i.read_reg)
    savevar                                  0x01009f85   Thumb Code    22  24cxx.o(i.savevar)
    select_slot                              0x01009f9d   Thumb Code    22  mhscpu_emv_hard.o(i.select_slot)
    set_bit_mask                             0x01009fbd   Thumb Code    26  mh523.o(i.set_bit_mask)
    spi_config                               0x01009fd9   Thumb Code    70  spi.o(i.spi_config)
    spi_read_byte                            0x0100a029   Thumb Code    52  spi.o(i.spi_read_byte)
    spi_write_byte                           0x0100a061   Thumb Code    56  spi.o(i.spi_write_byte)
    tim_pwm_init                             0x0100a09d   Thumb Code    72  psam_bsp.o(i.tim_pwm_init)
    tst_SCIWarmReset                         0x0100a0ed   Thumb Code   300  7816.o(i.tst_SCIWarmReset)
    uart_Config                              0x0100a23d   Thumb Code   102  uart.o(i.uart_Config)
    uart_cmd_Receive                         0x0100a2b1   Thumb Code    68  uart.o(i.uart_cmd_Receive)
    writeBPK                                 0x0100a2fd   Thumb Code    60  bpk.o(i.writeBPK)
    write_reg                                0x0100a339   Thumb Code    44  mh523.o(i.write_reg)
    Seg                                      0x0100a387   Data          16  digital.o(.constdata)
    GPIO_PIN                                 0x0100a398   Data           8  led.o(.constdata)
    auchCRCHi                                0x0100a3a0   Data         256  crc.o(.constdata)
    auchCRCLo                                0x0100a4a0   Data         256  crc.o(.constdata)
    table_week                               0x0100a5a0   Data          12  rtc.o(.constdata)
    mon_table                                0x0100a5ac   Data          12  rtc.o(.constdata)
    FI                                       0x0100a5b8   Data          64  emv_fidi_table.o(.constdata)
    DI                                       0x0100a5f8   Data          64  emv_fidi_table.o(.constdata)
    __ctype_table                            0x0100a648   Data         129  ctype_o.o(.constdata)
    Region$$Table$$Base                      0x0100a714   Number         0  anon$$obj.o(Region$$Table)
    Region$$Table$$Limit                     0x0100a734   Number         0  anon$$obj.o(Region$$Table)
    fac_us                                   0x20000014   Data           4  delay.o(.data)
    uart_len                                 0x20000018   Data           2  uart.o(.data)
    g_current_tick                           0x2000001c   Data           4  timer.o(.data)
    Key_Buf                                  0x20000020   Data          96  key.o(.data)
    GPIO_PORT                                0x20000080   Data          16  led.o(.data)
    gausMaxFrameSizeTable                    0x20000090   Data          36  iso14443a.o(.data)
    psam_atr_len                             0x200000b4   Data           1  psam.o(.data)
    psam_err_arq_data                        0x200000b5   Data           1  psam.o(.data)
    ATR_init_iso7816_flag                    0x200000b6   Data           1  psam.o(.data)
    iso7816_etu_flg                          0x200000b8   Data           4  psam_bsp.o(.data)
    iso7816_baud                             0x200000bc   Data           4  psam_bsp.o(.data)
    selPsam                                  0x200000c0   Data           1  psam_bsp.o(.data)
    AID_index                                0x200000c1   Data           1  psamapi.o(.data)
    AID_indexcmp                             0x200000c2   Data           1  psamapi.o(.data)
    DID_delay                                0x200000c3   Data           1  psamapi.o(.data)
    PSAMSendLen                              0x200000c4   Data           1  psamapi.o(.data)
    PCardSN                                  0x200000c5   Data           4  jrreader.o(.data)
    CardIN                                   0x200000c9   Data           1  jrreader.o(.data)
    KeyVoice                                 0x200000ca   Data           1  jrreader.o(.data)
    Jump_To_Application                      0x200000cc   Data           4  download.o(.data)
    __stdout                                 0x200000e0   Data           4  stdout.o(.data)
    scs_queue                                0x200000e8   Data        1584  mhscpu_emv_hard.o(.bss)
    receivePacket                            0x20000778   Data         820  main.o(.bss)
    sendPacket                               0x20000aac   Data         820  main.o(.bss)
    MH523                                    0x20000de0   Data        2158  main.o(.bss)
    APDU_Send                                0x2000164e   Data         262  main.o(.bss)
    APDU_Rec                                 0x20001754   Data         258  main.o(.bss)
    read                                     0x20001856   Data          66  main.o(.bss)
    g_uart_param                             0x20001898   Data         548  uart.o(.bss)
    ProtocolFlag                             0x20001abc   Data          16  uart.o(.bss)
    uart_buf                                 0x20001acc   Data         512  uart.o(.bss)
    timerPWMSet                              0x20001ccc   Data          36  timer.o(.bss)
    atr_buf                                  0x20001cf0   Data          64  7816.o(.bss)
    apdu_req                                 0x20001d30   Data         524  7816.o(.bss)
    apdu_rsp                                 0x20001f3c   Data         520  7816.o(.bss)
    g_pcd_module_info                        0x20002144   Data          32  iso14443_4.o(.bss)
    mf_com_data                              0x20002164   Data         260  mh523.o(.bss)
    psam_atr_tab                             0x20002268   Data          40  psam.o(.bss)
    psam_rest_atr                            0x20002290   Data          44  psam.o(.bss)
    res_atr                                  0x200022bc   Data         212  psam.o(.bss)
    SC_ADPU                                  0x20002390   Data         262  psamapi.o(.bss)
    SC_Responce                              0x20002496   Data         258  psamapi.o(.bss)
    PsamSendBuf                              0x20002598   Data         200  psamapi.o(.bss)
    stTerminalParam                          0x20002660   Data          20  24cxx.o(.bss)
    tab_1024                                 0x20002674   Data        1024  download.o(.bss)
    file_name                                0x20002a74   Data         256  ymodem.o(.bss)
    calendar                                 0x20002b74   Data          12  rtc.o(.bss)
    emv_devs                                 0x20002b80   Data         336  iso7816_3.o(.bss)
    __initial_sp                             0x20006cd0   Data           0  startup_mhscpu.o(STACK)



==============================================================================

Memory Map of the image

  Image Entry point : 0x010010b5

  Load Region LR_IROM1 (Base: 0x01001000, Size: 0x0000981c, Max: 0x0000f000, ABSOLUTE)

    Execution Region ER_IROM1 (Exec base: 0x01001000, Load base: 0x01001000, Size: 0x00009734, Max: 0x0000f000, ABSOLUTE)

    Exec Addr    Load Addr    Size         Type   Attr      Idx    E Section Name        Object

    0x01001000   0x01001000   0x000000b4   Data   RO            3    RESET               startup_mhscpu.o
    0x010010b4   0x010010b4   0x00000000   Code   RO         3754  * .ARM.Collect$$$$00000000  mc_w.l(entry.o)
    0x010010b4   0x010010b4   0x00000004   Code   RO         4040    .ARM.Collect$$$$00000001  mc_w.l(entry2.o)
    0x010010b8   0x010010b8   0x00000004   Code   RO         4043    .ARM.Collect$$$$00000004  mc_w.l(entry5.o)
    0x010010bc   0x010010bc   0x00000000   Code   RO         4045    .ARM.Collect$$$$00000008  mc_w.l(entry7b.o)
    0x010010bc   0x010010bc   0x00000000   Code   RO         4047    .ARM.Collect$$$$0000000A  mc_w.l(entry8b.o)
    0x010010bc   0x010010bc   0x00000008   Code   RO         4048    .ARM.Collect$$$$0000000B  mc_w.l(entry9a.o)
    0x010010c4   0x010010c4   0x00000000   Code   RO         4050    .ARM.Collect$$$$0000000D  mc_w.l(entry10a.o)
    0x010010c4   0x010010c4   0x00000000   Code   RO         4052    .ARM.Collect$$$$0000000F  mc_w.l(entry11a.o)
    0x010010c4   0x010010c4   0x00000004   Code   RO         4041    .ARM.Collect$$$$00002712  mc_w.l(entry2.o)
    0x010010c8   0x010010c8   0x00000038   Code   RO            4    .text               startup_mhscpu.o
    0x01001100   0x01001100   0x00000ff4   Code   RO         3652    .text               mh1902_emv.lib(emv_core.o)
    0x010020f4   0x010020f4   0x000001a8   Code   RO         3685    .text               mh1902_emv.lib(emv_queue.o)
    0x0100229c   0x0100229c   0x000004fc   Code   RO         3699    .text               mh1902_emv.lib(iso7816_3.o)
    0x01002798   0x01002798   0x00000060   Code   RO         3726    .text               mh1902_emv.lib(emv_fidi_table.o)
    0x010027f8   0x010027f8   0x00000684   Code   RO         3741    .text               mh1902_emv.lib(emv_patch.o)
    0x01002e7c   0x01002e7c   0x00000024   Code   RO         3757    .text               mc_w.l(memcpya.o)
    0x01002ea0   0x01002ea0   0x00000024   Code   RO         3759    .text               mc_w.l(memseta.o)
    0x01002ec4   0x01002ec4   0x00000024   Code   RO         3761    .text               mc_w.l(strstr.o)
    0x01002ee8   0x01002ee8   0x00000012   Code   RO         3763    .text               mc_w.l(strcpy.o)
    0x01002efa   0x01002efa   0x0000001a   Code   RO         4028    .text               mc_w.l(atoi.o)
    0x01002f14   0x01002f14   0x00000062   Code   RO         4057    .text               mc_w.l(uldiv.o)
    0x01002f76   0x01002f76   0x0000001e   Code   RO         4059    .text               mc_w.l(llshl.o)
    0x01002f94   0x01002f94   0x00000020   Code   RO         4061    .text               mc_w.l(llushr.o)
    0x01002fb4   0x01002fb4   0x00000070   Code   RO         4072    .text               mc_w.l(strtol.o)
    0x01003024   0x01003024   0x00000024   Code   RO         4081    .text               mc_w.l(init.o)
    0x01003048   0x01003048   0x00000008   Code   RO         4083    .text               mc_w.l(ctype_o.o)
    0x01003050   0x01003050   0x0000009e   Code   RO         4111    .text               mc_w.l(_strtoul.o)
    0x010030ee   0x010030ee   0x0000001c   Code   RO         4113    .text               mc_w.l(_chval.o)
    0x0100310a   0x0100310a   0x00000090   Code   RO         3076    i.AT24CXX_Read      24cxx.o
    0x0100319a   0x0100319a   0x00000074   Code   RO         3079    i.AT24CXX_Write     24cxx.o
    0x0100320e   0x0100320e   0x00000002   PAD
    0x01003210   0x01003210   0x00000018   Code   RO         1235    i.BPK_IsReady       mhscpu_bpk.o
    0x01003228   0x01003228   0x0000007c   Code   RO         1237    i.BPK_KeyReadLock   mhscpu_bpk.o
    0x010032a4   0x010032a4   0x0000007c   Code   RO         1238    i.BPK_KeyWriteLock  mhscpu_bpk.o
    0x01003320   0x01003320   0x00000084   Code   RO         1239    i.BPK_Lock          mhscpu_bpk.o
    0x010033a4   0x010033a4   0x0000000c   Code   RO         3571    i.BPK_ReadUnlockFun  bpk.o
    0x010033b0   0x010033b0   0x0000003c   Code   RO         1244    i.BPK_WriteKey      mhscpu_bpk.o
    0x010033ec   0x010033ec   0x0000000c   Code   RO         3572    i.BPK_WriteLockFun  bpk.o
    0x010033f8   0x010033f8   0x0000000c   Code   RO         3574    i.BPK_WriteUnlockFun  bpk.o
    0x01003404   0x01003404   0x00000070   Code   RO         2188    i.BSP_LED_Init      led.o
    0x01003474   0x01003474   0x00000004   Code   RO         1682    i.BusFault_Handler  mhscpu_it.o
    0x01003478   0x01003478   0x00000034   Code   RO         3400    i.Cal_CRC16         ymodem.o
    0x010034ac   0x010034ac   0x00000034   Code   RO         2729    i.CaptureCardType   contactlessapi.o
    0x010034e0   0x010034e0   0x0000001c   Code   RO         1683    i.DebugMon_Handler  mhscpu_it.o
    0x010034fc   0x010034fc   0x00000190   Code   RO         3319    i.DownloadFirmware  download.o
    0x0100368c   0x0100368c   0x000000a0   Code   RO         1036    i.FLASH_ErasePage   mhscpu_flash.o
    0x0100372c   0x0100372c   0x00000028   Code   RO         1041    i.FLASH_Lock        mhscpu_flash.o
    0x01003754   0x01003754   0x00000050   Code   RO         1042    i.FLASH_Operate     mhscpu_flash.o
    0x010037a4   0x010037a4   0x00000100   Code   RO         1043    i.FLASH_ProgramWord  mhscpu_flash.o
    0x010038a4   0x010038a4   0x00000050   Code   RO         1050    i.FLASH_UnProtect   mhscpu_flash.o
    0x010038f4   0x010038f4   0x00000020   Code   RO         1051    i.FLASH_Unlock      mhscpu_flash.o
    0x01003914   0x01003914   0x00000044   Code   RO          870    i.FLUSH_QUEUE       mhscpu_emv_hard.o
    0x01003958   0x01003958   0x0000008c   Code   RO          110    i.GPIO_GetGPIONum   mhscpu_gpio.o
    0x010039e4   0x010039e4   0x0000017c   Code   RO          111    i.GPIO_Init         mhscpu_gpio.o
    0x01003b60   0x01003b60   0x00000130   Code   RO          112    i.GPIO_PinRemapConfig  mhscpu_gpio.o
    0x01003c90   0x01003c90   0x000000d0   Code   RO          115    i.GPIO_ReadInputDataBit  mhscpu_gpio.o
    0x01003d60   0x01003d60   0x00000108   Code   RO          118    i.GPIO_ResetBits    mhscpu_gpio.o
    0x01003e68   0x01003e68   0x00000104   Code   RO          119    i.GPIO_SetBits      mhscpu_gpio.o
    0x01003f6c   0x01003f6c   0x00000084   Code   RO         2105    i.GetKey            key.o
    0x01003ff0   0x01003ff0   0x00000050   Code   RO         2106    i.Get_Key_Level     key.o
    0x01004040   0x01004040   0x00000018   Code   RO         1684    i.HardFault_Handler  mhscpu_it.o
    0x01004058   0x01004058   0x0000005c   Code   RO         3358    i.IAP_FlashEease    iap_flash.o
    0x010040b4   0x010040b4   0x00000038   Code   RO         3320    i.IAP_JumpToApplication  download.o
    0x010040ec   0x010040ec   0x00000020   Code   RO         3402    i.IAP_SerialGetByte  ymodem.o
    0x0100410c   0x0100410c   0x00000020   Code   RO         3403    i.IAP_SerialSendByte  ymodem.o
    0x0100412c   0x0100412c   0x00000016   Code   RO         3404    i.IAP_SerialSendStr  ymodem.o
    0x01004142   0x01004142   0x00000002   PAD
    0x01004144   0x01004144   0x00000048   Code   RO         3359    i.IAP_UpdataParam   iap_flash.o
    0x0100418c   0x0100418c   0x00000048   Code   RO         3360    i.IAP_UpdataProgram  iap_flash.o
    0x010041d4   0x010041d4   0x00000040   Code   RO         3087    i.IIC_Ack           24cxx.o
    0x01004214   0x01004214   0x00000034   Code   RO         3088    i.IIC_Init          24cxx.o
    0x01004248   0x01004248   0x00000040   Code   RO         3089    i.IIC_NAck          24cxx.o
    0x01004288   0x01004288   0x00000060   Code   RO         3090    i.IIC_Read_Byte     24cxx.o
    0x010042e8   0x010042e8   0x00000068   Code   RO         3091    i.IIC_Send_Byte     24cxx.o
    0x01004350   0x01004350   0x00000044   Code   RO         3092    i.IIC_Start         24cxx.o
    0x01004394   0x01004394   0x00000044   Code   RO         3093    i.IIC_Stop          24cxx.o
    0x010043d8   0x010043d8   0x00000060   Code   RO         3095    i.IIC_Wait_Ack      24cxx.o
    0x01004438   0x01004438   0x000004b8   Code   RO         2347    i.ISO14443_4_HalfDuplexExchange  iso14443_4.o
    0x010048f0   0x010048f0   0x00000060   Code   RO         1981    i.ISO7816_Bspinit   7816.o
    0x01004950   0x01004950   0x0000003a   Code   RO         3491    i.Is_Leap_Year      rtc.o
    0x0100498a   0x0100498a   0x00000002   PAD
    0x0100498c   0x0100498c   0x00000010   Code   RO         2107    i.KEY0_ReadPin      key.o
    0x0100499c   0x0100499c   0x00000010   Code   RO         2108    i.KEY1_ReadPin      key.o
    0x010049ac   0x010049ac   0x00000010   Code   RO         2109    i.KEY2_ReadPin      key.o
    0x010049bc   0x010049bc   0x00000010   Code   RO         2110    i.KEY3_ReadPin      key.o
    0x010049cc   0x010049cc   0x00000010   Code   RO         2111    i.KEY4_ReadPin      key.o
    0x010049dc   0x010049dc   0x0000001c   Code   RO         2112    i.KEY5_ReadPin      key.o
    0x010049f8   0x010049f8   0x00000070   Code   RO         2189    i.LED_Control       led.o
    0x01004a68   0x01004a68   0x00000004   Code   RO         1685    i.MemManage_Handler  mhscpu_it.o
    0x01004a6c   0x01004a6c   0x0000003a   Code   RO         2958    i.Mystrcmp          psamapi.o
    0x01004aa6   0x01004aa6   0x00000002   Code   RO         1686    i.NMI_Handler       mhscpu_it.o
    0x01004aa8   0x01004aa8   0x00000034   Code   RO         1541    i.NVIC_Configuration  main.o
    0x01004adc   0x01004adc   0x00000138   Code   RO          506    i.NVIC_Init         misc.o
    0x01004c14   0x01004c14   0x00000028   Code   RO         1542    i.NVIC_SetPriorityGrouping  main.o
    0x01004c3c   0x01004c3c   0x00000238   Code   RO         2959    i.PSAM_TestCommond  psamapi.o
    0x01004e74   0x01004e74   0x00000002   Code   RO         1687    i.PendSV_Handler    mhscpu_it.o
    0x01004e76   0x01004e76   0x0000002e   Code   RO         3096    i.PubGetVar         24cxx.o
    0x01004ea4   0x01004ea4   0x0000002e   Code   RO         3097    i.PubSaveVar        24cxx.o
    0x01004ed2   0x01004ed2   0x00000002   PAD
    0x01004ed4   0x01004ed4   0x00000018   Code   RO         1158    i.RTC_ClearITPendingBit  mhscpu_rtc.o
    0x01004eec   0x01004eec   0x00000110   Code   RO         3492    i.RTC_Get           rtc.o
    0x01004ffc   0x01004ffc   0x0000003c   Code   RO         1160    i.RTC_GetCounter    mhscpu_rtc.o
    0x01005038   0x01005038   0x00000078   Code   RO         3493    i.RTC_Get_Week      rtc.o
    0x010050b0   0x010050b0   0x00000018   Code   RO         3494    i.RTC_IRQHandler    rtc.o
    0x010050c8   0x010050c8   0x00000018   Code   RO         1164    i.RTC_Is_Ready      mhscpu_rtc.o
    0x010050e0   0x010050e0   0x00000024   Code   RO         1165    i.RTC_ResetCounter  mhscpu_rtc.o
    0x01005104   0x01005104   0x000000c4   Code   RO         3497    i.RTC_Set           rtc.o
    0x010051c8   0x010051c8   0x00000018   Code   RO         1166    i.RTC_SetAlarm      mhscpu_rtc.o
    0x010051e0   0x010051e0   0x00000018   Code   RO         1167    i.RTC_SetRefRegister  mhscpu_rtc.o
    0x010051f8   0x010051f8   0x0000001a   Code   RO         3098    i.ReadConfigData    24cxx.o
    0x01005212   0x01005212   0x00000088   Code   RO         3099    i.ReadConfigDataNew  24cxx.o
    0x0100529a   0x0100529a   0x00000002   PAD
    0x0100529c   0x0100529c   0x00000040   Code   RO         3100    i.ReadJRreaderTerminalParam  24cxx.o
    0x010052dc   0x010052dc   0x00000160   Code   RO         2113    i.ReadKeyStatus     key.o
    0x0100543c   0x0100543c   0x0000000a   Code   RO          871    i.SCI0_IRQHandler   mhscpu_emv_hard.o
    0x01005446   0x01005446   0x00000002   PAD
    0x01005448   0x01005448   0x000000c0   Code   RO          873    i.SCI_ConfigEMV     mhscpu_emv_hard.o
    0x01005508   0x01005508   0x00000070   Code   RO          874    i.SCI_MatchBaudReg  mhscpu_emv_hard.o
    0x01005578   0x01005578   0x00000420   Code   RO          875    i.SCIx_IRQHandler   mhscpu_emv_hard.o
    0x01005998   0x01005998   0x00000064   Code   RO          876    i.SET_ERR           mhscpu_emv_hard.o
    0x010059fc   0x010059fc   0x00000050   Code   RO          238    i.SPI_Cmd           mhscpu_spi.o
    0x01005a4c   0x01005a4c   0x00000064   Code   RO          244    i.SPI_GetFlagStatus  mhscpu_spi.o
    0x01005ab0   0x01005ab0   0x000001e4   Code   RO          248    i.SPI_Init          mhscpu_spi.o
    0x01005c94   0x01005c94   0x0000000c   Code   RO          252    i.SPI_MasterSlaveModeSet  mhscpu_spi.o
    0x01005ca0   0x01005ca0   0x00000008   Code   RO          253    i.SPI_ReceiveData   mhscpu_spi.o
    0x01005ca8   0x01005ca8   0x00000004   Code   RO          254    i.SPI_SendData      mhscpu_spi.o
    0x01005cac   0x01005cac   0x00000002   Code   RO         1688    i.SVC_Handler       mhscpu_it.o
    0x01005cae   0x01005cae   0x00000002   PAD
    0x01005cb0   0x01005cb0   0x0000007c   Code   RO          395    i.SYSCTRL_APBPeriphClockCmd  mhscpu_sysctrl.o
    0x01005d2c   0x01005d2c   0x0000007c   Code   RO          396    i.SYSCTRL_APBPeriphResetCmd  mhscpu_sysctrl.o
    0x01005da8   0x01005da8   0x00000044   Code   RO          399    i.SYSCTRL_GetClocksFreq  mhscpu_sysctrl.o
    0x01005dec   0x01005dec   0x000000b8   Code   RO          402    i.SYSCTRL_HCLKConfig  mhscpu_sysctrl.o
    0x01005ea4   0x01005ea4   0x00000084   Code   RO          403    i.SYSCTRL_PCLKConfig  mhscpu_sysctrl.o
    0x01005f28   0x01005f28   0x00000088   Code   RO          404    i.SYSCTRL_PLLConfig  mhscpu_sysctrl.o
    0x01005fb0   0x01005fb0   0x00000060   Code   RO          405    i.SYSCTRL_SPI_MasterSlaveModeSet  mhscpu_sysctrl.o
    0x01006010   0x01006010   0x00000074   Code   RO          407    i.SYSCTRL_SYSCLKSourceSelect  mhscpu_sysctrl.o
    0x01006084   0x01006084   0x0000001a   Code   RO         3101    i.SaveConfigData    24cxx.o
    0x0100609e   0x0100609e   0x0000008e   Code   RO         3102    i.SaveConfigDataNew  24cxx.o
    0x0100612c   0x0100612c   0x000000b8   Code   RO         3028    i.SendKeyValue      jrreader.o
    0x010061e4   0x010061e4   0x00000c9c   Code   RO         3029    i.SerJRReaderHandle  jrreader.o
    0x01006e80   0x01006e80   0x00000012   Code   RO         3104    i.SetHardVersionStat  24cxx.o
    0x01006e92   0x01006e92   0x00000012   Code   RO         3106    i.SetSoftVersionStat  24cxx.o
    0x01006ea4   0x01006ea4   0x00000016   Code   RO           13    i.SystemInit        system_mhscpu.o
    0x01006eba   0x01006eba   0x00000002   PAD
    0x01006ebc   0x01006ebc   0x00000034   Code   RO         1905    i.TIM0_1_IRQHandler  timer.o
    0x01006ef0   0x01006ef0   0x00000024   Code   RO         2845    i.TIM0_4_IRQHandler  psam_bsp.o
    0x01006f14   0x01006f14   0x0000005c   Code   RO         1906    i.TIMER_Configuration  timer.o
    0x01006f70   0x01006f70   0x00000010   Code   RO          778    i.TIM_ClearITPendingBit  mhscpu_timer.o
    0x01006f80   0x01006f80   0x00000080   Code   RO          779    i.TIM_Cmd           mhscpu_timer.o
    0x01007000   0x01007000   0x00000018   Code   RO          780    i.TIM_DeInit        mhscpu_timer.o
    0x01007018   0x01007018   0x00000080   Code   RO          785    i.TIM_ITConfig      mhscpu_timer.o
    0x01007098   0x01007098   0x00000064   Code   RO          786    i.TIM_Init          mhscpu_timer.o
    0x010070fc   0x010070fc   0x00000070   Code   RO          788    i.TIM_PWMInit       mhscpu_timer.o
    0x0100716c   0x0100716c   0x00000030   Code   RO         1908    i.TimerPWMSetStructInit  timer.o
    0x0100719c   0x0100719c   0x0000020c   Code   RO         1819    i.UART0_IRQHandler  uart.o
    0x010073a8   0x010073a8   0x0000001c   Code   RO         1820    i.UART0_SendBuf     uart.o
    0x010073c4   0x010073c4   0x00000020   Code   RO         1821    i.UART0_SendByte    uart.o
    0x010073e4   0x010073e4   0x00000012   Code   RO          554    i.UART_ITConfig     mhscpu_uart.o
    0x010073f6   0x010073f6   0x00000002   PAD
    0x010073f8   0x010073f8   0x000000e8   Code   RO          555    i.UART_Init         mhscpu_uart.o
    0x010074e0   0x010074e0   0x00000012   Code   RO          563    i.UART_IsRXReceived  mhscpu_uart.o
    0x010074f2   0x010074f2   0x00000012   Code   RO          564    i.UART_IsTXEmpty    mhscpu_uart.o
    0x01007504   0x01007504   0x00000008   Code   RO          570    i.UART_ReceiveData  mhscpu_uart.o
    0x0100750c   0x0100750c   0x00000006   Code   RO          574    i.UART_SendData     mhscpu_uart.o
    0x01007512   0x01007512   0x00000032   Code   RO         3405    i.UpdateCRC16       ymodem.o
    0x01007544   0x01007544   0x000000b0   Code   RO         3030    i.UploadCardSn      jrreader.o
    0x010075f4   0x010075f4   0x00000004   Code   RO         1689    i.UsageFault_Handler  mhscpu_it.o
    0x010075f8   0x010075f8   0x00000058   Code   RO         3406    i.YModem_Int2Str    ymodem.o
    0x01007650   0x01007650   0x000001b8   Code   RO         3407    i.YModem_Receive    ymodem.o
    0x01007808   0x01007808   0x00000022   Code   RO         3408    i.YModem_RecvByte   ymodem.o
    0x0100782a   0x0100782a   0x00000104   Code   RO         3409    i.YModem_RecvPacket  ymodem.o
    0x0100792e   0x0100792e   0x0000000c   Code   RO         3410    i.YModem_SendByte   ymodem.o
    0x0100793a   0x0100793a   0x00000002   PAD
    0x0100793c   0x0100793c   0x00000020   Code   RO         3974    i.__0printf$8       mc_w.l(printf8.o)
    0x0100795c   0x0100795c   0x00000008   Code   RO         4065    i.__aeabi_errno_addr  mc_w.l(errno.o)
    0x01007964   0x01007964   0x0000000e   Code   RO         4117    i.__scatterload_copy  mc_w.l(handlers.o)
    0x01007972   0x01007972   0x00000002   Code   RO         4118    i.__scatterload_null  mc_w.l(handlers.o)
    0x01007974   0x01007974   0x0000000e   Code   RO         4119    i.__scatterload_zeroinit  mc_w.l(handlers.o)
    0x01007982   0x01007982   0x00000002   PAD
    0x01007984   0x01007984   0x00000410   Code   RO         3981    i._printf_core      mc_w.l(printf8.o)
    0x01007d94   0x01007d94   0x00000024   Code   RO         3982    i._printf_post_padding  mc_w.l(printf8.o)
    0x01007db8   0x01007db8   0x0000002e   Code   RO         3983    i._printf_pre_padding  mc_w.l(printf8.o)
    0x01007de6   0x01007de6   0x00000004   Code   RO         1544    i.assert_failed     main.o
    0x01007dea   0x01007dea   0x00000002   PAD
    0x01007dec   0x01007dec   0x00000048   Code   RO         1483    i.beep              gpio.o
    0x01007e34   0x01007e34   0x0000001a   Code   RO         2540    i.clear_bit_mask    mh523.o
    0x01007e4e   0x01007e4e   0x00000002   PAD
    0x01007e50   0x01007e50   0x00000038   Code   RO         3003    i.crc16             crc.o
    0x01007e88   0x01007e88   0x0000001c   Code   RO         1789    i.delayms           delay.o
    0x01007ea4   0x01007ea4   0x00000054   Code   RO         1790    i.delayus           delay.o
    0x01007ef8   0x01007ef8   0x000000cc   Code   RO         2060    i.dig_Display       digital.o
    0x01007fc4   0x01007fc4   0x000000ac   Code   RO         2061    i.dig_bsp_init      digital.o
    0x01008070   0x01008070   0x00000050   Code   RO         2063    i.dig_write_dat     digital.o
    0x010080c0   0x010080c0   0x00000006   Code   RO          878    i.emv_disturb_interruption  mhscpu_emv_hard.o
    0x010080c6   0x010080c6   0x00000002   PAD
    0x010080c8   0x010080c8   0x00000100   Code   RO          879    i.emv_hard_cold_reset  mhscpu_emv_hard.o
    0x010081c8   0x010081c8   0x00000048   Code   RO          880    i.emv_hard_config   mhscpu_emv_hard.o
    0x01008210   0x01008210   0x0000002c   Code   RO          881    i.emv_hard_detect   mhscpu_emv_hard.o
    0x0100823c   0x0100823c   0x00000004   Code   RO          882    i.emv_hard_init     mhscpu_emv_hard.o
    0x01008240   0x01008240   0x00000084   Code   RO          883    i.emv_hard_power_dump  mhscpu_emv_hard.o
    0x010082c4   0x010082c4   0x000000c0   Code   RO          884    i.emv_hard_power_pump  mhscpu_emv_hard.o
    0x01008384   0x01008384   0x00000100   Code   RO          885    i.emv_hard_warm_reset  mhscpu_emv_hard.o
    0x01008484   0x01008484   0x000000f4   Code   RO          886    i.emv_hard_xmit     mhscpu_emv_hard.o
    0x01008578   0x01008578   0x0000007c   Code   RO          887    i.emv_sci_reset     mhscpu_emv_hard.o
    0x010085f4   0x010085f4   0x00000030   Code   RO         1822    i.fputc             uart.o
    0x01008624   0x01008624   0x00000016   Code   RO         3107    i.getvar            24cxx.o
    0x0100863a   0x0100863a   0x00000002   PAD
    0x0100863c   0x0100863c   0x00000070   Code   RO         1484    i.gpio_config       gpio.o
    0x010086ac   0x010086ac   0x0000005c   Code   RO         1911    i.init_timer0       timer.o
    0x01008708   0x01008708   0x00000120   Code   RO         2774    i.iso7816_analy_atr  psam.o
    0x01008828   0x01008828   0x00000078   Code   RO         2847    i.iso7816_rcv_byte  psam_bsp.o
    0x010088a0   0x010088a0   0x0000019c   Code   RO         2776    i.iso7816_send_ADPU  psam.o
    0x01008a3c   0x01008a3c   0x00000086   Code   RO         2848    i.iso7816_send_byte  psam_bsp.o
    0x01008ac2   0x01008ac2   0x0000000e   Code   RO          888    i.isvalid_channel   mhscpu_emv_hard.o
    0x01008ad0   0x01008ad0   0x0000001c   Code   RO         2115    i.key_init          key.o
    0x01008aec   0x01008aec   0x000001bc   Code   RO         1545    i.main              main.o
    0x01008ca8   0x01008ca8   0x00000048   Code   RO         3108    i.parameter_init    24cxx.o
    0x01008cf0   0x01008cf0   0x0000004c   Code   RO         2850    i.pasm_rst_write    psam_bsp.o
    0x01008d3c   0x01008d3c   0x00000016   Code   RO         2543    i.pcd_antenna_off   mh523.o
    0x01008d52   0x01008d52   0x00000016   Code   RO         2544    i.pcd_antenna_on    mh523.o
    0x01008d68   0x01008d68   0x0000026c   Code   RO         2394    i.pcd_cascaded_anticoll  iso14443a.o
    0x01008fd4   0x01008fd4   0x00000090   Code   RO         2395    i.pcd_cascaded_select  iso14443a.o
    0x01009064   0x01009064   0x0000043c   Code   RO         2545    i.pcd_com_transceive  mh523.o
    0x010094a0   0x010094a0   0x00000078   Code   RO         2547    i.pcd_delay_sfgi    mh523.o
    0x01009518   0x01009518   0x00000054   Code   RO         2396    i.pcd_hlta          iso14443a.o
    0x0100956c   0x0100956c   0x000001d8   Code   RO         2398    i.pcd_rats_a        iso14443a.o
    0x01009744   0x01009744   0x0000006c   Code   RO         2399    i.pcd_request       iso14443a.o
    0x010097b0   0x010097b0   0x00000030   Code   RO         2555    i.pcd_set_tmo       mh523.o
    0x010097e0   0x010097e0   0x00000028   Code   RO         2730    i.pro_APDU          contactlessapi.o
    0x01009808   0x01009808   0x00000114   Code   RO         2960    i.pro_APDU_PSAM     psamapi.o
    0x0100991c   0x0100991c   0x00000078   Code   RO         2731    i.pro_GetCardID     contactlessapi.o
    0x01009994   0x01009994   0x00000024   Code   RO         1823    i.protocolflag_init  uart.o
    0x010099b8   0x010099b8   0x00000038   Code   RO         2851    i.psam_data_read    psam_bsp.o
    0x010099f0   0x010099f0   0x0000003c   Code   RO         2852    i.psam_data_set     psam_bsp.o
    0x01009a2c   0x01009a2c   0x0000004c   Code   RO         2853    i.psam_data_write   psam_bsp.o
    0x01009a78   0x01009a78   0x000000a8   Code   RO         2854    i.psam_init         psam_bsp.o
    0x01009b20   0x01009b20   0x00000388   Code   RO         2778    i.psam_iso7816_send_ADPU  psam.o
    0x01009ea8   0x01009ea8   0x00000002   Code   RO         2856    i.psam_power_on     psam_bsp.o
    0x01009eaa   0x01009eaa   0x00000002   PAD
    0x01009eac   0x01009eac   0x000000a8   Code   RO         2779    i.psam_reset        psam.o
    0x01009f54   0x01009f54   0x00000030   Code   RO         2556    i.read_reg          mh523.o
    0x01009f84   0x01009f84   0x00000016   Code   RO         3109    i.savevar           24cxx.o
    0x01009f9a   0x01009f9a   0x00000002   PAD
    0x01009f9c   0x01009f9c   0x00000020   Code   RO          889    i.select_slot       mhscpu_emv_hard.o
    0x01009fbc   0x01009fbc   0x0000001a   Code   RO         2557    i.set_bit_mask      mh523.o
    0x01009fd6   0x01009fd6   0x00000002   PAD
    0x01009fd8   0x01009fd8   0x00000050   Code   RO         1751    i.spi_config        spi.o
    0x0100a028   0x0100a028   0x00000038   Code   RO         1752    i.spi_read_byte     spi.o
    0x0100a060   0x0100a060   0x0000003c   Code   RO         1753    i.spi_write_byte    spi.o
    0x0100a09c   0x0100a09c   0x00000050   Code   RO         2858    i.tim_pwm_init      psam_bsp.o
    0x0100a0ec   0x0100a0ec   0x00000150   Code   RO         1983    i.tst_SCIWarmReset  7816.o
    0x0100a23c   0x0100a23c   0x00000074   Code   RO         1824    i.uart_Config       uart.o
    0x0100a2b0   0x0100a2b0   0x0000004c   Code   RO         1825    i.uart_cmd_Receive  uart.o
    0x0100a2fc   0x0100a2fc   0x0000003c   Code   RO         3579    i.writeBPK          bpk.o
    0x0100a338   0x0100a338   0x00000030   Code   RO         2558    i.write_reg         mh523.o
    0x0100a368   0x0100a368   0x00000010   Data   RO          126    .constdata          mhscpu_gpio.o
    0x0100a378   0x0100a378   0x0000000f   Data   RO          891    .constdata          mhscpu_emv_hard.o
    0x0100a387   0x0100a387   0x00000010   Data   RO         2064    .constdata          digital.o
    0x0100a397   0x0100a397   0x00000001   PAD
    0x0100a398   0x0100a398   0x00000008   Data   RO         2191    .constdata          led.o
    0x0100a3a0   0x0100a3a0   0x00000200   Data   RO         3004    .constdata          crc.o
    0x0100a5a0   0x0100a5a0   0x00000018   Data   RO         3500    .constdata          rtc.o
    0x0100a5b8   0x0100a5b8   0x00000080   Data   RO         3727    .constdata          mh1902_emv.lib(emv_fidi_table.o)
    0x0100a638   0x0100a638   0x00000010   Data   RO         3742    .constdata          mh1902_emv.lib(emv_patch.o)
    0x0100a648   0x0100a648   0x00000081   Data   RO         4084    .constdata          mc_w.l(ctype_o.o)
    0x0100a6c9   0x0100a6c9   0x00000003   PAD
    0x0100a6cc   0x0100a6cc   0x00000004   Data   RO         4085    .constdata          mc_w.l(ctype_o.o)
    0x0100a6d0   0x0100a6d0   0x00000042   Data   RO         3322    .conststring        download.o
    0x0100a712   0x0100a712   0x00000002   PAD
    0x0100a714   0x0100a714   0x00000020   Data   RO         4115    Region$$Table       anon$$obj.o


    Execution Region RW_IRAM1 (Exec base: 0x20000000, Load base: 0x0100a734, Size: 0x00006cd0, Max: 0x0000f000, ABSOLUTE)

    Exec Addr    Load Addr    Size         Type   Attr      Idx    E Section Name        Object

    0x20000000   0x0100a734   0x00000008   Data   RW          127    .data               mhscpu_gpio.o
    0x20000008   0x0100a73c   0x00000008   Data   RW         1053    .data               mhscpu_flash.o
    0x20000010   0x0100a744   0x00000004   Data   RW         1754    .data               spi.o
    0x20000014   0x0100a748   0x00000004   Data   RW         1791    .data               delay.o
    0x20000018   0x0100a74c   0x00000003   Data   RW         1827    .data               uart.o
    0x2000001b   0x0100a74f   0x00000001   PAD
    0x2000001c   0x0100a750   0x00000004   Data   RW         1915    .data               timer.o
    0x20000020   0x0100a754   0x00000060   Data   RW         2116    .data               key.o
    0x20000080   0x0100a7b4   0x00000010   Data   RW         2192    .data               led.o
    0x20000090   0x0100a7c4   0x00000024   Data   RW         2400    .data               iso14443a.o
    0x200000b4   0x0100a7e8   0x00000003   Data   RW         2782    .data               psam.o
    0x200000b7   0x0100a7eb   0x00000001   PAD
    0x200000b8   0x0100a7ec   0x00000009   Data   RW         2859    .data               psam_bsp.o
    0x200000c1   0x0100a7f5   0x00000004   Data   RW         2962    .data               psamapi.o
    0x200000c5   0x0100a7f9   0x00000006   Data   RW         3031    .data               jrreader.o
    0x200000cb   0x0100a7ff   0x00000001   PAD
    0x200000cc   0x0100a800   0x00000004   Data   RW         3323    .data               download.o
    0x200000d0   0x0100a804   0x00000004   Data   RW         3361    .data               iap_flash.o
    0x200000d4   0x0100a808   0x00000002   Data   RW         3501    .data               rtc.o
    0x200000d6   0x0100a80a   0x00000002   PAD
    0x200000d8   0x0100a80c   0x00000008   Data   RW         3686    .data               mh1902_emv.lib(emv_queue.o)
    0x200000e0   0x0100a814   0x00000004   Data   RW         4054    .data               mc_w.l(stdout.o)
    0x200000e4   0x0100a818   0x00000004   Data   RW         4068    .data               mc_w.l(errno.o)
    0x200000e8        -       0x00000690   Zero   RW          890    .bss                mhscpu_emv_hard.o
    0x20000778        -       0x00001120   Zero   RW         1546    .bss                main.o
    0x20001898        -       0x00000434   Zero   RW         1826    .bss                uart.o
    0x20001ccc        -       0x00000024   Zero   RW         1914    .bss                timer.o
    0x20001cf0        -       0x00000454   Zero   RW         1984    .bss                7816.o
    0x20002144        -       0x00000020   Zero   RW         2350    .bss                iso14443_4.o
    0x20002164        -       0x00000104   Zero   RW         2559    .bss                mh523.o
    0x20002268        -       0x00000128   Zero   RW         2780    .bss                psam.o
    0x20002390        -       0x000002d0   Zero   RW         2961    .bss                psamapi.o
    0x20002660        -       0x00000014   Zero   RW         3110    .bss                24cxx.o
    0x20002674        -       0x00000400   Zero   RW         3321    .bss                download.o
    0x20002a74        -       0x00000100   Zero   RW         3411    .bss                ymodem.o
    0x20002b74        -       0x0000000c   Zero   RW         3499    .bss                rtc.o
    0x20002b80        -       0x00000150   Zero   RW         3700    .bss                mh1902_emv.lib(iso7816_3.o)
    0x20002cd0        -       0x00004000   Zero   RW            1    STACK               startup_mhscpu.o


==============================================================================

Image component sizes


      Code (inc. data)   RO Data    RW Data    ZI Data      Debug   Object Name

      1510         72          0          0         20      15348   24cxx.o
       432         54          0          0       1108       2373   7816.o
        96          0          0          0          0       1891   bpk.o
       212         16          0          0          0       1977   contactlessapi.o
        56         10        512          0          0       1426   crc.o
       112          6          0          4          0       1265   delay.o
       456         16         16          0          0       2951   digital.o
       456        274         66          4       1024       3690   download.o
       184         14          0          0          0        969   gpio.o
       236         24          0          4          0       2099   iap_flash.o
      1208         20          0          0         32       7918   iso14443_4.o
      1428         34          0         36          0       5624   iso14443a.o
      3588        172          0          6          0       5724   jrreader.o
       700         38          0         96          0       6390   key.o
       224         14          8         16          0       2446   led.o
       540        140          0          0       4384      14365   main.o
      1444         14          0          0        260      11054   mh523.o
       464        160          0          0          0       3729   mhscpu_bpk.o
      2914        158         15          0       1680      18050   mhscpu_emv_hard.o
       648        188          0          8          0       4848   mhscpu_flash.o
      1556        342         16          8          0       5470   mhscpu_gpio.o
        70         32          0          0          0       3392   mhscpu_it.o
       192         30          0          0          0       3211   mhscpu_rtc.o
       688        134          0          0          0       4259   mhscpu_spi.o
       980        356          0          0          0       7336   mhscpu_sysctrl.o
       508        104          0          0          0       4159   mhscpu_timer.o
       300         52          0          0          0       4084   mhscpu_uart.o
       312         54          0          0          0      25447   misc.o
      1772         26          0          3        296       6716   psam.o
       808         40          0          9          0       6857   psam_bsp.o
       902         74          0          4        720       5549   psamapi.o
       670         44         24          2         12       4627   rtc.o
       196         18          0          4          0       2346   spi.o
        56         18        180          0      16384        908   startup_mhscpu.o
        22          0          0          0          0      56249   system_mhscpu.o
       284         42          0          4         36       2297   timer.o
       860         70          0          3       1076      32662   uart.o
      1022         18          0          0        256       8109   ymodem.o

    ----------------------------------------------------------------------
     28140       2878        872        216      27288     297815   Object Totals
         0          0         32          0          0          0   (incl. Generated)
        34          0          3          5          0          0   (incl. Padding)

    ----------------------------------------------------------------------

      Code (inc. data)   RO Data    RW Data    ZI Data      Debug   Library Member Name

        28          0          0          0          0         68   _chval.o
       158          0          0          0          0         92   _strtoul.o
        26          0          0          0          0         80   atoi.o
         8          4        133          0          0         68   ctype_o.o
         0          0          0          0          0          0   entry.o
         0          0          0          0          0          0   entry10a.o
         0          0          0          0          0          0   entry11a.o
         8          4          0          0          0          0   entry2.o
         4          0          0          0          0          0   entry5.o
         0          0          0          0          0          0   entry7b.o
         0          0          0          0          0          0   entry8b.o
         8          4          0          0          0          0   entry9a.o
         8          4          0          4          0         68   errno.o
        30          0          0          0          0          0   handlers.o
        36          8          0          0          0         68   init.o
        30          0          0          0          0         68   llshl.o
        32          0          0          0          0         68   llushr.o
        36          0          0          0          0         68   memcpya.o
        36          0          0          0          0        108   memseta.o
      1154         54          0          0          0        352   printf8.o
         0          0          0          4          0          0   stdout.o
        18          0          0          0          0         68   strcpy.o
        36          0          0          0          0         80   strstr.o
       112          0          0          0          0         88   strtol.o
        98          0          0          0          0         92   uldiv.o
      4084         48          0          0          0      10868   emv_core.o
        96          8        128          0          0       1842   emv_fidi_table.o
      1668         28         16          0          0       3676   emv_patch.o
       424         14          0          8          0       3136   emv_queue.o
      1276         48          0          0        336       6228   iso7816_3.o

    ----------------------------------------------------------------------
      9416        224        280         16        336      27186   Library Totals
         2          0          3          0          0          0   (incl. Padding)

    ----------------------------------------------------------------------

      Code (inc. data)   RO Data    RW Data    ZI Data      Debug   Library Name

      1866         78        133          8          0       1436   mc_w.l
      7548        146        144          8        336      25750   mh1902_emv.lib

    ----------------------------------------------------------------------
      9416        224        280         16        336      27186   Library Totals

    ----------------------------------------------------------------------

==============================================================================


      Code (inc. data)   RO Data    RW Data    ZI Data      Debug   

     37556       3102       1152        232      27624     313661   Grand Totals
     37556       3102       1152        232      27624     313661   ELF Image Totals
     37556       3102       1152        232          0          0   ROM Totals

==============================================================================

    Total RO  Size (Code + RO Data)                38708 (  37.80kB)
    Total RW  Size (RW Data + ZI Data)             27856 (  27.20kB)
    Total ROM Size (Code + RO Data + RW Data)      38940 (  38.03kB)

==============================================================================

