Component: ARM Compiler 5.06 update 6 (build 750) Tool: armlink [4d35ed]

==============================================================================

Section Cross References

    main.o(.text) refers to mhscpu_gpio.o(.text) for GPIO_Init
    main.o(.text) refers to misc.o(.text) for NVIC_Init
    main.o(.text) refers to mhscpu_uart.o(.text) for UART_StructInit
    main.o(.text) refers to mhscpu_sysctrl.o(.text) for SYSCTRL_APBPeriphClockCmd
    main.o(.text) refers to printf5.o(i.__0printf$5) for __2printf
    main.o(.text) refers to delay.o(.text) for delayms
    main.o(.text) refers to mhscpu_timer.o(.text) for TIM_Init
    main.o(.text) refers to mhscpu_trng.o(.text) for TRNG_ITConfig
    main.o(.text) refers to mhscpu_dma.o(.text) for DMA_Init
    main.o(.text) refers to main.o(.data) for TIM_InitStructure
    main.o(.text) refers to main.o(.bss) for dst_Buf
    delay.o(.text) refers to delay.o(.emb_text) for delayus
    system_mhscpu.o(.text) refers to mhscpu_sysctrl.o(.text) for SYSCTRL_SYSCLKSourceSelect
    system_mhscpu.o(.text) refers to system_mhscpu.o(.data) for SystemCoreClock
    startup_mhscpu.o(RESET) refers to startup_mhscpu.o(STACK) for __initial_sp
    startup_mhscpu.o(RESET) refers to startup_mhscpu.o(.text) for Reset_Handler
    startup_mhscpu.o(RESET) refers to mhscpu_it.o(.text) for NMI_Handler
    startup_mhscpu.o(.text) refers to startup_mhscpu.o(RESET) for __Vectors
    startup_mhscpu.o(.text) refers to system_mhscpu.o(.text) for SystemInit
    startup_mhscpu.o(.text) refers to entry.o(.ARM.Collect$$$$00000000) for __main
    mhscpu_dma.o(.text) refers to mhscpu_sysctrl.o(.text) for SYSCTRL_DMA_ChannelConfig
    mhscpu_exti.o(.text) refers to main.o(.text) for assert_failed
    mhscpu_gpio.o(.text) refers to main.o(.text) for assert_failed
    mhscpu_gpio.o(.text) refers to mhscpu_sysctrl.o(.text) for SYSCTRL_APBPeriphResetCmd
    mhscpu_gpio.o(.text) refers to mhscpu_gpio.o(.constdata) for .constdata
    mhscpu_gpio.o(.text) refers to mhscpu_gpio.o(.data) for GPIO_OD_Mark
    mhscpu_it.o(.text) refers to printf5.o(i.__0printf$5) for __2printf
    mhscpu_it.o(.text) refers to mhscpu_uart.o(.text) for UART_ReceiveData
    mhscpu_it.o(.text) refers to mhscpu_trng.o(.text) for TRNG_Get
    mhscpu_it.o(.text) refers to mhscpu_timer.o(.text) for TIM_ClearITPendingBit
    mhscpu_it.o(.text) refers to mhscpu_it.o(.bss) for Num
    mhscpu_sysctrl.o(.text) refers to main.o(.text) for assert_failed
    mhscpu_sysctrl.o(.text) refers to mhscpu_sysctrl.o(.emb_text) for __asm___16_mhscpu_sysctrl_c_220ebcab__SYSCTRL_Sleep
    mhscpu_uart.o(.text) refers to mhscpu_sysctrl.o(.text) for SYSCTRL_UART_Reset
    mhscpu_uart.o(.text) refers to main.o(.text) for assert_failed
    misc.o(.text) refers to main.o(.text) for assert_failed
    mhscpu_timer.o(.text) refers to mhscpu_sysctrl.o(.text) for SYSCTRL_APBPeriphResetCmd
    mhscpu_timer.o(.text) refers to main.o(.text) for assert_failed
    mhscpu_trng.o(.text) refers to main.o(.text) for assert_failed
    entry.o(.ARM.Collect$$$$00000000) refers (Special) to entry10a.o(.ARM.Collect$$$$0000000D) for __rt_final_cpp
    entry.o(.ARM.Collect$$$$00000000) refers (Special) to entry11a.o(.ARM.Collect$$$$0000000F) for __rt_final_exit
    entry.o(.ARM.Collect$$$$00000000) refers (Special) to entry7b.o(.ARM.Collect$$$$00000008) for _main_clock
    entry.o(.ARM.Collect$$$$00000000) refers (Special) to entry8b.o(.ARM.Collect$$$$0000000A) for _main_cpp_init
    entry.o(.ARM.Collect$$$$00000000) refers (Special) to entry9a.o(.ARM.Collect$$$$0000000B) for _main_init
    entry.o(.ARM.Collect$$$$00000000) refers (Special) to entry5.o(.ARM.Collect$$$$00000004) for _main_scatterload
    entry.o(.ARM.Collect$$$$00000000) refers (Special) to entry2.o(.ARM.Collect$$$$00000001) for _main_stk
    printfb.o(i.__0fprintf$bare) refers to printfb.o(i._printf_core) for _printf_core
    printfb.o(i.__0fprintf$bare) refers to main.o(.text) for fputc
    printfb.o(i.__0printf$bare) refers to printfb.o(i._printf_core) for _printf_core
    printfb.o(i.__0printf$bare) refers to main.o(.text) for fputc
    printfb.o(i.__0printf$bare) refers to stdout.o(.data) for __stdout
    printfb.o(i.__0snprintf$bare) refers to printfb.o(i._printf_core) for _printf_core
    printfb.o(i.__0snprintf$bare) refers to printfb.o(i._snputc) for _snputc
    printfb.o(i.__0sprintf$bare) refers to printfb.o(i._printf_core) for _printf_core
    printfb.o(i.__0sprintf$bare) refers to printfb.o(i._sputc) for _sputc
    printfb.o(i.__0vfprintf$bare) refers to printfb.o(i._printf_core) for _printf_core
    printfb.o(i.__0vfprintf$bare) refers to main.o(.text) for fputc
    printfb.o(i.__0vprintf$bare) refers to printfb.o(i._printf_core) for _printf_core
    printfb.o(i.__0vprintf$bare) refers to main.o(.text) for fputc
    printfb.o(i.__0vprintf$bare) refers to stdout.o(.data) for __stdout
    printfb.o(i.__0vsnprintf$bare) refers to printfb.o(i._printf_core) for _printf_core
    printfb.o(i.__0vsnprintf$bare) refers to printfb.o(i._snputc) for _snputc
    printfb.o(i.__0vsprintf$bare) refers to printfb.o(i._printf_core) for _printf_core
    printfb.o(i.__0vsprintf$bare) refers to printfb.o(i._sputc) for _sputc
    printf0.o(i.__0fprintf$0) refers to printf0.o(i._printf_core) for _printf_core
    printf0.o(i.__0fprintf$0) refers to main.o(.text) for fputc
    printf0.o(i.__0printf$0) refers to printf0.o(i._printf_core) for _printf_core
    printf0.o(i.__0printf$0) refers to main.o(.text) for fputc
    printf0.o(i.__0printf$0) refers to stdout.o(.data) for __stdout
    printf0.o(i.__0snprintf$0) refers to printf0.o(i._printf_core) for _printf_core
    printf0.o(i.__0snprintf$0) refers to printf0.o(i._snputc) for _snputc
    printf0.o(i.__0sprintf$0) refers to printf0.o(i._printf_core) for _printf_core
    printf0.o(i.__0sprintf$0) refers to printf0.o(i._sputc) for _sputc
    printf0.o(i.__0vfprintf$0) refers to printf0.o(i._printf_core) for _printf_core
    printf0.o(i.__0vfprintf$0) refers to main.o(.text) for fputc
    printf0.o(i.__0vprintf$0) refers to printf0.o(i._printf_core) for _printf_core
    printf0.o(i.__0vprintf$0) refers to main.o(.text) for fputc
    printf0.o(i.__0vprintf$0) refers to stdout.o(.data) for __stdout
    printf0.o(i.__0vsnprintf$0) refers to printf0.o(i._printf_core) for _printf_core
    printf0.o(i.__0vsnprintf$0) refers to printf0.o(i._snputc) for _snputc
    printf0.o(i.__0vsprintf$0) refers to printf0.o(i._printf_core) for _printf_core
    printf0.o(i.__0vsprintf$0) refers to printf0.o(i._sputc) for _sputc
    printf1.o(i.__0fprintf$1) refers to printf1.o(i._printf_core) for _printf_core
    printf1.o(i.__0fprintf$1) refers to main.o(.text) for fputc
    printf1.o(i.__0printf$1) refers to printf1.o(i._printf_core) for _printf_core
    printf1.o(i.__0printf$1) refers to main.o(.text) for fputc
    printf1.o(i.__0printf$1) refers to stdout.o(.data) for __stdout
    printf1.o(i.__0snprintf$1) refers to printf1.o(i._printf_core) for _printf_core
    printf1.o(i.__0snprintf$1) refers to printf1.o(i._snputc) for _snputc
    printf1.o(i.__0sprintf$1) refers to printf1.o(i._printf_core) for _printf_core
    printf1.o(i.__0sprintf$1) refers to printf1.o(i._sputc) for _sputc
    printf1.o(i.__0vfprintf$1) refers to printf1.o(i._printf_core) for _printf_core
    printf1.o(i.__0vfprintf$1) refers to main.o(.text) for fputc
    printf1.o(i.__0vprintf$1) refers to printf1.o(i._printf_core) for _printf_core
    printf1.o(i.__0vprintf$1) refers to main.o(.text) for fputc
    printf1.o(i.__0vprintf$1) refers to stdout.o(.data) for __stdout
    printf1.o(i.__0vsnprintf$1) refers to printf1.o(i._printf_core) for _printf_core
    printf1.o(i.__0vsnprintf$1) refers to printf1.o(i._snputc) for _snputc
    printf1.o(i.__0vsprintf$1) refers to printf1.o(i._printf_core) for _printf_core
    printf1.o(i.__0vsprintf$1) refers to printf1.o(i._sputc) for _sputc
    printf1.o(i._printf_core) refers to uidiv.o(.text) for __aeabi_uidivmod
    printf2.o(i.__0fprintf$2) refers to printf2.o(i._printf_core) for _printf_core
    printf2.o(i.__0fprintf$2) refers to main.o(.text) for fputc
    printf2.o(i.__0printf$2) refers to printf2.o(i._printf_core) for _printf_core
    printf2.o(i.__0printf$2) refers to main.o(.text) for fputc
    printf2.o(i.__0printf$2) refers to stdout.o(.data) for __stdout
    printf2.o(i.__0snprintf$2) refers to printf2.o(i._printf_core) for _printf_core
    printf2.o(i.__0snprintf$2) refers to printf2.o(i._snputc) for _snputc
    printf2.o(i.__0sprintf$2) refers to printf2.o(i._printf_core) for _printf_core
    printf2.o(i.__0sprintf$2) refers to printf2.o(i._sputc) for _sputc
    printf2.o(i.__0vfprintf$2) refers to printf2.o(i._printf_core) for _printf_core
    printf2.o(i.__0vfprintf$2) refers to main.o(.text) for fputc
    printf2.o(i.__0vprintf$2) refers to printf2.o(i._printf_core) for _printf_core
    printf2.o(i.__0vprintf$2) refers to main.o(.text) for fputc
    printf2.o(i.__0vprintf$2) refers to stdout.o(.data) for __stdout
    printf2.o(i.__0vsnprintf$2) refers to printf2.o(i._printf_core) for _printf_core
    printf2.o(i.__0vsnprintf$2) refers to printf2.o(i._snputc) for _snputc
    printf2.o(i.__0vsprintf$2) refers to printf2.o(i._printf_core) for _printf_core
    printf2.o(i.__0vsprintf$2) refers to printf2.o(i._sputc) for _sputc
    printf3.o(i.__0fprintf$3) refers to printf3.o(i._printf_core) for _printf_core
    printf3.o(i.__0fprintf$3) refers to main.o(.text) for fputc
    printf3.o(i.__0printf$3) refers to printf3.o(i._printf_core) for _printf_core
    printf3.o(i.__0printf$3) refers to main.o(.text) for fputc
    printf3.o(i.__0printf$3) refers to stdout.o(.data) for __stdout
    printf3.o(i.__0snprintf$3) refers to printf3.o(i._printf_core) for _printf_core
    printf3.o(i.__0snprintf$3) refers to printf3.o(i._snputc) for _snputc
    printf3.o(i.__0sprintf$3) refers to printf3.o(i._printf_core) for _printf_core
    printf3.o(i.__0sprintf$3) refers to printf3.o(i._sputc) for _sputc
    printf3.o(i.__0vfprintf$3) refers to printf3.o(i._printf_core) for _printf_core
    printf3.o(i.__0vfprintf$3) refers to main.o(.text) for fputc
    printf3.o(i.__0vprintf$3) refers to printf3.o(i._printf_core) for _printf_core
    printf3.o(i.__0vprintf$3) refers to main.o(.text) for fputc
    printf3.o(i.__0vprintf$3) refers to stdout.o(.data) for __stdout
    printf3.o(i.__0vsnprintf$3) refers to printf3.o(i._printf_core) for _printf_core
    printf3.o(i.__0vsnprintf$3) refers to printf3.o(i._snputc) for _snputc
    printf3.o(i.__0vsprintf$3) refers to printf3.o(i._printf_core) for _printf_core
    printf3.o(i.__0vsprintf$3) refers to printf3.o(i._sputc) for _sputc
    printf3.o(i._printf_core) refers to uidiv.o(.text) for __aeabi_uidivmod
    printf4.o(i.__0fprintf$4) refers to printf4.o(i._printf_core) for _printf_core
    printf4.o(i.__0fprintf$4) refers to main.o(.text) for fputc
    printf4.o(i.__0printf$4) refers to printf4.o(i._printf_core) for _printf_core
    printf4.o(i.__0printf$4) refers to main.o(.text) for fputc
    printf4.o(i.__0printf$4) refers to stdout.o(.data) for __stdout
    printf4.o(i.__0snprintf$4) refers to printf4.o(i._printf_core) for _printf_core
    printf4.o(i.__0snprintf$4) refers to printf4.o(i._snputc) for _snputc
    printf4.o(i.__0sprintf$4) refers to printf4.o(i._printf_core) for _printf_core
    printf4.o(i.__0sprintf$4) refers to printf4.o(i._sputc) for _sputc
    printf4.o(i.__0vfprintf$4) refers to printf4.o(i._printf_core) for _printf_core
    printf4.o(i.__0vfprintf$4) refers to main.o(.text) for fputc
    printf4.o(i.__0vprintf$4) refers to printf4.o(i._printf_core) for _printf_core
    printf4.o(i.__0vprintf$4) refers to main.o(.text) for fputc
    printf4.o(i.__0vprintf$4) refers to stdout.o(.data) for __stdout
    printf4.o(i.__0vsnprintf$4) refers to printf4.o(i._printf_core) for _printf_core
    printf4.o(i.__0vsnprintf$4) refers to printf4.o(i._snputc) for _snputc
    printf4.o(i.__0vsprintf$4) refers to printf4.o(i._printf_core) for _printf_core
    printf4.o(i.__0vsprintf$4) refers to printf4.o(i._sputc) for _sputc
    printf4.o(i._printf_core) refers to uldiv.o(.text) for __aeabi_uldivmod
    printf5.o(i.__0fprintf$5) refers to printf5.o(i._printf_core) for _printf_core
    printf5.o(i.__0fprintf$5) refers to main.o(.text) for fputc
    printf5.o(i.__0printf$5) refers to printf5.o(i._printf_core) for _printf_core
    printf5.o(i.__0printf$5) refers to main.o(.text) for fputc
    printf5.o(i.__0printf$5) refers to stdout.o(.data) for __stdout
    printf5.o(i.__0snprintf$5) refers to printf5.o(i._printf_core) for _printf_core
    printf5.o(i.__0snprintf$5) refers to printf5.o(i._snputc) for _snputc
    printf5.o(i.__0sprintf$5) refers to printf5.o(i._printf_core) for _printf_core
    printf5.o(i.__0sprintf$5) refers to printf5.o(i._sputc) for _sputc
    printf5.o(i.__0vfprintf$5) refers to printf5.o(i._printf_core) for _printf_core
    printf5.o(i.__0vfprintf$5) refers to main.o(.text) for fputc
    printf5.o(i.__0vprintf$5) refers to printf5.o(i._printf_core) for _printf_core
    printf5.o(i.__0vprintf$5) refers to main.o(.text) for fputc
    printf5.o(i.__0vprintf$5) refers to stdout.o(.data) for __stdout
    printf5.o(i.__0vsnprintf$5) refers to printf5.o(i._printf_core) for _printf_core
    printf5.o(i.__0vsnprintf$5) refers to printf5.o(i._snputc) for _snputc
    printf5.o(i.__0vsprintf$5) refers to printf5.o(i._printf_core) for _printf_core
    printf5.o(i.__0vsprintf$5) refers to printf5.o(i._sputc) for _sputc
    printf5.o(i._printf_core) refers to uldiv.o(.text) for __aeabi_uldivmod
    printf6.o(i.__0fprintf$6) refers to printf6.o(i._printf_core) for _printf_core
    printf6.o(i.__0fprintf$6) refers to main.o(.text) for fputc
    printf6.o(i.__0printf$6) refers to printf6.o(i._printf_core) for _printf_core
    printf6.o(i.__0printf$6) refers to main.o(.text) for fputc
    printf6.o(i.__0printf$6) refers to stdout.o(.data) for __stdout
    printf6.o(i.__0snprintf$6) refers to printf6.o(i._printf_core) for _printf_core
    printf6.o(i.__0snprintf$6) refers to printf6.o(i._snputc) for _snputc
    printf6.o(i.__0sprintf$6) refers to printf6.o(i._printf_core) for _printf_core
    printf6.o(i.__0sprintf$6) refers to printf6.o(i._sputc) for _sputc
    printf6.o(i.__0vfprintf$6) refers to printf6.o(i._printf_core) for _printf_core
    printf6.o(i.__0vfprintf$6) refers to main.o(.text) for fputc
    printf6.o(i.__0vprintf$6) refers to printf6.o(i._printf_core) for _printf_core
    printf6.o(i.__0vprintf$6) refers to main.o(.text) for fputc
    printf6.o(i.__0vprintf$6) refers to stdout.o(.data) for __stdout
    printf6.o(i.__0vsnprintf$6) refers to printf6.o(i._printf_core) for _printf_core
    printf6.o(i.__0vsnprintf$6) refers to printf6.o(i._snputc) for _snputc
    printf6.o(i.__0vsprintf$6) refers to printf6.o(i._printf_core) for _printf_core
    printf6.o(i.__0vsprintf$6) refers to printf6.o(i._sputc) for _sputc
    printf6.o(i._printf_core) refers to printf6.o(i._printf_pre_padding) for _printf_pre_padding
    printf6.o(i._printf_core) refers to uidiv.o(.text) for __aeabi_uidivmod
    printf6.o(i._printf_core) refers to printf6.o(i._printf_post_padding) for _printf_post_padding
    printf7.o(i.__0fprintf$7) refers to printf7.o(i._printf_core) for _printf_core
    printf7.o(i.__0fprintf$7) refers to main.o(.text) for fputc
    printf7.o(i.__0printf$7) refers to printf7.o(i._printf_core) for _printf_core
    printf7.o(i.__0printf$7) refers to main.o(.text) for fputc
    printf7.o(i.__0printf$7) refers to stdout.o(.data) for __stdout
    printf7.o(i.__0snprintf$7) refers to printf7.o(i._printf_core) for _printf_core
    printf7.o(i.__0snprintf$7) refers to printf7.o(i._snputc) for _snputc
    printf7.o(i.__0sprintf$7) refers to printf7.o(i._printf_core) for _printf_core
    printf7.o(i.__0sprintf$7) refers to printf7.o(i._sputc) for _sputc
    printf7.o(i.__0vfprintf$7) refers to printf7.o(i._printf_core) for _printf_core
    printf7.o(i.__0vfprintf$7) refers to main.o(.text) for fputc
    printf7.o(i.__0vprintf$7) refers to printf7.o(i._printf_core) for _printf_core
    printf7.o(i.__0vprintf$7) refers to main.o(.text) for fputc
    printf7.o(i.__0vprintf$7) refers to stdout.o(.data) for __stdout
    printf7.o(i.__0vsnprintf$7) refers to printf7.o(i._printf_core) for _printf_core
    printf7.o(i.__0vsnprintf$7) refers to printf7.o(i._snputc) for _snputc
    printf7.o(i.__0vsprintf$7) refers to printf7.o(i._printf_core) for _printf_core
    printf7.o(i.__0vsprintf$7) refers to printf7.o(i._sputc) for _sputc
    printf7.o(i._printf_core) refers to printf7.o(i._printf_pre_padding) for _printf_pre_padding
    printf7.o(i._printf_core) refers to uldiv.o(.text) for __aeabi_uldivmod
    printf7.o(i._printf_core) refers to printf7.o(i._printf_post_padding) for _printf_post_padding
    printf8.o(i.__0fprintf$8) refers to printf8.o(i._printf_core) for _printf_core
    printf8.o(i.__0fprintf$8) refers to main.o(.text) for fputc
    printf8.o(i.__0printf$8) refers to printf8.o(i._printf_core) for _printf_core
    printf8.o(i.__0printf$8) refers to main.o(.text) for fputc
    printf8.o(i.__0printf$8) refers to stdout.o(.data) for __stdout
    printf8.o(i.__0snprintf$8) refers to printf8.o(i._printf_core) for _printf_core
    printf8.o(i.__0snprintf$8) refers to printf8.o(i._snputc) for _snputc
    printf8.o(i.__0sprintf$8) refers to printf8.o(i._printf_core) for _printf_core
    printf8.o(i.__0sprintf$8) refers to printf8.o(i._sputc) for _sputc
    printf8.o(i.__0vfprintf$8) refers to printf8.o(i._printf_core) for _printf_core
    printf8.o(i.__0vfprintf$8) refers to main.o(.text) for fputc
    printf8.o(i.__0vprintf$8) refers to printf8.o(i._printf_core) for _printf_core
    printf8.o(i.__0vprintf$8) refers to main.o(.text) for fputc
    printf8.o(i.__0vprintf$8) refers to stdout.o(.data) for __stdout
    printf8.o(i.__0vsnprintf$8) refers to printf8.o(i._printf_core) for _printf_core
    printf8.o(i.__0vsnprintf$8) refers to printf8.o(i._snputc) for _snputc
    printf8.o(i.__0vsprintf$8) refers to printf8.o(i._printf_core) for _printf_core
    printf8.o(i.__0vsprintf$8) refers to printf8.o(i._sputc) for _sputc
    printf8.o(i._printf_core) refers to printf8.o(i._printf_pre_padding) for _printf_pre_padding
    printf8.o(i._printf_core) refers to uldiv.o(.text) for __aeabi_uldivmod
    printf8.o(i._printf_core) refers to printf8.o(i._printf_post_padding) for _printf_post_padding
    printfa.o(i.__0fprintf) refers (Special) to iusefp.o(.text) for __I$use$fp
    printfa.o(i.__0fprintf) refers to printfa.o(i._printf_core) for _printf_core
    printfa.o(i.__0fprintf) refers to main.o(.text) for fputc
    printfa.o(i.__0printf) refers (Special) to iusefp.o(.text) for __I$use$fp
    printfa.o(i.__0printf) refers to printfa.o(i._printf_core) for _printf_core
    printfa.o(i.__0printf) refers to main.o(.text) for fputc
    printfa.o(i.__0printf) refers to stdout.o(.data) for __stdout
    printfa.o(i.__0snprintf) refers (Special) to iusefp.o(.text) for __I$use$fp
    printfa.o(i.__0snprintf) refers to printfa.o(i._printf_core) for _printf_core
    printfa.o(i.__0snprintf) refers to printfa.o(i._snputc) for _snputc
    printfa.o(i.__0sprintf) refers (Special) to iusefp.o(.text) for __I$use$fp
    printfa.o(i.__0sprintf) refers to printfa.o(i._printf_core) for _printf_core
    printfa.o(i.__0sprintf) refers to printfa.o(i._sputc) for _sputc
    printfa.o(i.__0vfprintf) refers (Special) to iusefp.o(.text) for __I$use$fp
    printfa.o(i.__0vfprintf) refers to printfa.o(i._printf_core) for _printf_core
    printfa.o(i.__0vfprintf) refers to main.o(.text) for fputc
    printfa.o(i.__0vprintf) refers (Special) to iusefp.o(.text) for __I$use$fp
    printfa.o(i.__0vprintf) refers to printfa.o(i._printf_core) for _printf_core
    printfa.o(i.__0vprintf) refers to main.o(.text) for fputc
    printfa.o(i.__0vprintf) refers to stdout.o(.data) for __stdout
    printfa.o(i.__0vsnprintf) refers (Special) to iusefp.o(.text) for __I$use$fp
    printfa.o(i.__0vsnprintf) refers to printfa.o(i._printf_core) for _printf_core
    printfa.o(i.__0vsnprintf) refers to printfa.o(i._snputc) for _snputc
    printfa.o(i.__0vsprintf) refers (Special) to iusefp.o(.text) for __I$use$fp
    printfa.o(i.__0vsprintf) refers to printfa.o(i._printf_core) for _printf_core
    printfa.o(i.__0vsprintf) refers to printfa.o(i._sputc) for _sputc
    printfa.o(i._fp_digits) refers (Special) to iusefp.o(.text) for __I$use$fp
    printfa.o(i._fp_digits) refers to dmul.o(.text) for __aeabi_dmul
    printfa.o(i._fp_digits) refers to ddiv.o(.text) for __aeabi_ddiv
    printfa.o(i._fp_digits) refers to cdrcmple.o(.text) for __aeabi_cdrcmple
    printfa.o(i._fp_digits) refers to dadd.o(.text) for __aeabi_dadd
    printfa.o(i._fp_digits) refers to dfixul.o(.text) for __aeabi_d2ulz
    printfa.o(i._fp_digits) refers to uldiv.o(.text) for __aeabi_uldivmod
    printfa.o(i._printf_core) refers (Special) to iusefp.o(.text) for __I$use$fp
    printfa.o(i._printf_core) refers to printfa.o(i._printf_pre_padding) for _printf_pre_padding
    printfa.o(i._printf_core) refers to uldiv.o(.text) for __aeabi_uldivmod
    printfa.o(i._printf_core) refers to printfa.o(i._printf_post_padding) for _printf_post_padding
    printfa.o(i._printf_core) refers to printfa.o(i._fp_digits) for _fp_digits
    printfa.o(i._printf_core) refers to uidiv.o(.text) for __aeabi_uidivmod
    printfa.o(i._printf_post_padding) refers (Special) to iusefp.o(.text) for __I$use$fp
    printfa.o(i._printf_pre_padding) refers (Special) to iusefp.o(.text) for __I$use$fp
    printfa.o(i._snputc) refers (Special) to iusefp.o(.text) for __I$use$fp
    printfa.o(i._sputc) refers (Special) to iusefp.o(.text) for __I$use$fp
    entry2.o(.ARM.Collect$$$$00000001) refers to entry2.o(.ARM.Collect$$$$00002712) for __lit__00000000
    entry2.o(.ARM.Collect$$$$00002712) refers to startup_mhscpu.o(STACK) for __initial_sp
    entry2.o(__vectab_stack_and_reset_area) refers to startup_mhscpu.o(STACK) for __initial_sp
    entry2.o(__vectab_stack_and_reset_area) refers to entry.o(.ARM.Collect$$$$00000000) for __main
    entry5.o(.ARM.Collect$$$$00000004) refers to init.o(.text) for __scatterload
    entry9a.o(.ARM.Collect$$$$0000000B) refers to main.o(.text) for main
    entry9b.o(.ARM.Collect$$$$0000000C) refers to main.o(.text) for main
    uldiv.o(.text) refers to llushr.o(.text) for __aeabi_llsr
    uldiv.o(.text) refers to llshl.o(.text) for __aeabi_llsl
    dadd.o(.text) refers to llshl.o(.text) for __aeabi_llsl
    dadd.o(.text) refers to llsshr.o(.text) for __aeabi_lasr
    dadd.o(.text) refers to depilogue.o(.text) for _double_epilogue
    dmul.o(.text) refers to depilogue.o(.text) for _double_epilogue
    ddiv.o(.text) refers to depilogue.o(.text) for _double_round
    dfixul.o(.text) refers to llushr.o(.text) for __aeabi_llsr
    dfixul.o(.text) refers to llshl.o(.text) for __aeabi_llsl
    init.o(.text) refers to entry5.o(.ARM.Collect$$$$00000004) for __main_after_scatterload
    depilogue.o(.text) refers to llshl.o(.text) for __aeabi_llsl
    depilogue.o(.text) refers to llushr.o(.text) for __aeabi_llsr


==============================================================================

Removing Unused input sections from the image.

    Removing main.o(.rev16_text), (4 bytes).
    Removing main.o(.revsh_text), (4 bytes).
    Removing delay.o(.rev16_text), (4 bytes).
    Removing delay.o(.revsh_text), (4 bytes).
    Removing system_mhscpu.o(.rev16_text), (4 bytes).
    Removing system_mhscpu.o(.revsh_text), (4 bytes).
    Removing startup_mhscpu.o(HEAP), (8192 bytes).
    Removing mhscpu_dma.o(.rev16_text), (4 bytes).
    Removing mhscpu_dma.o(.revsh_text), (4 bytes).
    Removing mhscpu_exti.o(.rev16_text), (4 bytes).
    Removing mhscpu_exti.o(.revsh_text), (4 bytes).
    Removing mhscpu_exti.o(.text), (284 bytes).
    Removing mhscpu_gpio.o(.rev16_text), (4 bytes).
    Removing mhscpu_gpio.o(.revsh_text), (4 bytes).
    Removing mhscpu_it.o(.rev16_text), (4 bytes).
    Removing mhscpu_it.o(.revsh_text), (4 bytes).
    Removing mhscpu_sysctrl.o(.rev16_text), (4 bytes).
    Removing mhscpu_sysctrl.o(.revsh_text), (4 bytes).
    Removing mhscpu_uart.o(.rev16_text), (4 bytes).
    Removing mhscpu_uart.o(.revsh_text), (4 bytes).
    Removing misc.o(.rev16_text), (4 bytes).
    Removing misc.o(.revsh_text), (4 bytes).
    Removing mhscpu_timer.o(.rev16_text), (4 bytes).
    Removing mhscpu_timer.o(.revsh_text), (4 bytes).
    Removing mhscpu_trng.o(.rev16_text), (4 bytes).
    Removing mhscpu_trng.o(.revsh_text), (4 bytes).
    Removing dadd.o(.text), (334 bytes).
    Removing dmul.o(.text), (228 bytes).
    Removing ddiv.o(.text), (222 bytes).
    Removing dfixul.o(.text), (48 bytes).
    Removing cdrcmple.o(.text), (48 bytes).
    Removing depilogue.o(.text), (186 bytes).

32 unused section(s) (total 9638 bytes) removed from the image.

==============================================================================

Image Symbol Table

    Local Symbols

    Symbol Name                              Value     Ov Type        Size  Object(Section)

    ../clib/microlib/division.c              0x00000000   Number         0  uldiv.o ABSOLUTE
    ../clib/microlib/division.c              0x00000000   Number         0  uidiv.o ABSOLUTE
    ../clib/microlib/init/entry.s            0x00000000   Number         0  entry8a.o ABSOLUTE
    ../clib/microlib/init/entry.s            0x00000000   Number         0  entry10a.o ABSOLUTE
    ../clib/microlib/init/entry.s            0x00000000   Number         0  entry9b.o ABSOLUTE
    ../clib/microlib/init/entry.s            0x00000000   Number         0  entry9a.o ABSOLUTE
    ../clib/microlib/init/entry.s            0x00000000   Number         0  entry7b.o ABSOLUTE
    ../clib/microlib/init/entry.s            0x00000000   Number         0  entry.o ABSOLUTE
    ../clib/microlib/init/entry.s            0x00000000   Number         0  entry2.o ABSOLUTE
    ../clib/microlib/init/entry.s            0x00000000   Number         0  entry5.o ABSOLUTE
    ../clib/microlib/init/entry.s            0x00000000   Number         0  entry11b.o ABSOLUTE
    ../clib/microlib/init/entry.s            0x00000000   Number         0  entry7a.o ABSOLUTE
    ../clib/microlib/init/entry.s            0x00000000   Number         0  entry11a.o ABSOLUTE
    ../clib/microlib/init/entry.s            0x00000000   Number         0  entry10b.o ABSOLUTE
    ../clib/microlib/init/entry.s            0x00000000   Number         0  entry8b.o ABSOLUTE
    ../clib/microlib/longlong.c              0x00000000   Number         0  llsshr.o ABSOLUTE
    ../clib/microlib/longlong.c              0x00000000   Number         0  llushr.o ABSOLUTE
    ../clib/microlib/longlong.c              0x00000000   Number         0  llshl.o ABSOLUTE
    ../clib/microlib/printf/printf.c         0x00000000   Number         0  printfa.o ABSOLUTE
    ../clib/microlib/printf/printf.c         0x00000000   Number         0  printf8.o ABSOLUTE
    ../clib/microlib/printf/printf.c         0x00000000   Number         0  printf7.o ABSOLUTE
    ../clib/microlib/printf/printf.c         0x00000000   Number         0  printf1.o ABSOLUTE
    ../clib/microlib/printf/printf.c         0x00000000   Number         0  printf6.o ABSOLUTE
    ../clib/microlib/printf/printf.c         0x00000000   Number         0  printf5.o ABSOLUTE
    ../clib/microlib/printf/printf.c         0x00000000   Number         0  printf4.o ABSOLUTE
    ../clib/microlib/printf/printf.c         0x00000000   Number         0  printf3.o ABSOLUTE
    ../clib/microlib/printf/printf.c         0x00000000   Number         0  printf2.o ABSOLUTE
    ../clib/microlib/printf/printf.c         0x00000000   Number         0  printfb.o ABSOLUTE
    ../clib/microlib/printf/printf.c         0x00000000   Number         0  printf0.o ABSOLUTE
    ../clib/microlib/printf/stubs.s          0x00000000   Number         0  stubs.o ABSOLUTE
    ../clib/microlib/stdio/streams.c         0x00000000   Number         0  stdout.o ABSOLUTE
    ../clib/microlib/stubs.s                 0x00000000   Number         0  iusefp.o ABSOLUTE
    ../fplib/microlib/fpadd.c                0x00000000   Number         0  dadd.o ABSOLUTE
    ../fplib/microlib/fpdiv.c                0x00000000   Number         0  ddiv.o ABSOLUTE
    ../fplib/microlib/fpepilogue.c           0x00000000   Number         0  depilogue.o ABSOLUTE
    ../fplib/microlib/fpfix.c                0x00000000   Number         0  dfixul.o ABSOLUTE
    ../fplib/microlib/fpmul.c                0x00000000   Number         0  dmul.o ABSOLUTE
    ..\Drives\delay.c                        0x00000000   Number         0  delay.o ABSOLUTE
    ..\MHSCPU_Driver\src\mhscpu_dma.c        0x00000000   Number         0  mhscpu_dma.o ABSOLUTE
    ..\MHSCPU_Driver\src\mhscpu_exti.c       0x00000000   Number         0  mhscpu_exti.o ABSOLUTE
    ..\MHSCPU_Driver\src\mhscpu_gpio.c       0x00000000   Number         0  mhscpu_gpio.o ABSOLUTE
    ..\MHSCPU_Driver\src\mhscpu_it.c         0x00000000   Number         0  mhscpu_it.o ABSOLUTE
    ..\MHSCPU_Driver\src\mhscpu_sysctrl.c    0x00000000   Number         0  mhscpu_sysctrl.o ABSOLUTE
    ..\MHSCPU_Driver\src\mhscpu_timer.c      0x00000000   Number         0  mhscpu_timer.o ABSOLUTE
    ..\MHSCPU_Driver\src\mhscpu_trng.c       0x00000000   Number         0  mhscpu_trng.o ABSOLUTE
    ..\MHSCPU_Driver\src\mhscpu_uart.c       0x00000000   Number         0  mhscpu_uart.o ABSOLUTE
    ..\MHSCPU_Driver\src\misc.c              0x00000000   Number         0  misc.o ABSOLUTE
    ..\\Drives\\delay.c                      0x00000000   Number         0  delay.o ABSOLUTE
    ..\\MHSCPU_Driver\\src\\mhscpu_dma.c     0x00000000   Number         0  mhscpu_dma.o ABSOLUTE
    ..\\MHSCPU_Driver\\src\\mhscpu_exti.c    0x00000000   Number         0  mhscpu_exti.o ABSOLUTE
    ..\\MHSCPU_Driver\\src\\mhscpu_gpio.c    0x00000000   Number         0  mhscpu_gpio.o ABSOLUTE
    ..\\MHSCPU_Driver\\src\\mhscpu_it.c      0x00000000   Number         0  mhscpu_it.o ABSOLUTE
    ..\\MHSCPU_Driver\\src\\mhscpu_sysctrl.c 0x00000000   Number         0  mhscpu_sysctrl.o ABSOLUTE
    ..\\MHSCPU_Driver\\src\\mhscpu_timer.c   0x00000000   Number         0  mhscpu_timer.o ABSOLUTE
    ..\\MHSCPU_Driver\\src\\mhscpu_trng.c    0x00000000   Number         0  mhscpu_trng.o ABSOLUTE
    ..\\MHSCPU_Driver\\src\\mhscpu_uart.c    0x00000000   Number         0  mhscpu_uart.o ABSOLUTE
    ..\\MHSCPU_Driver\\src\\misc.c           0x00000000   Number         0  misc.o ABSOLUTE
    ..\\mhscpu\\Source\\system_mhscpu.c      0x00000000   Number         0  system_mhscpu.o ABSOLUTE
    ..\mhscpu\Source\startup_mhscpu.s        0x00000000   Number         0  startup_mhscpu.o ABSOLUTE
    ..\mhscpu\Source\system_mhscpu.c         0x00000000   Number         0  system_mhscpu.o ABSOLUTE
    cdrcmple.s                               0x00000000   Number         0  cdrcmple.o ABSOLUTE
    dc.s                                     0x00000000   Number         0  dc.o ABSOLUTE
    handlers.s                               0x00000000   Number         0  handlers.o ABSOLUTE
    init.s                                   0x00000000   Number         0  init.o ABSOLUTE
    main.c                                   0x00000000   Number         0  main.o ABSOLUTE
    main.c                                   0x00000000   Number         0  main.o ABSOLUTE
    RESET                                    0x01001000   Section      180  startup_mhscpu.o(RESET)
    .ARM.Collect$$$$00000000                 0x010010b4   Section        0  entry.o(.ARM.Collect$$$$00000000)
    .ARM.Collect$$$$00000001                 0x010010b4   Section        4  entry2.o(.ARM.Collect$$$$00000001)
    .ARM.Collect$$$$00000004                 0x010010b8   Section        4  entry5.o(.ARM.Collect$$$$00000004)
    .ARM.Collect$$$$00000008                 0x010010bc   Section        0  entry7b.o(.ARM.Collect$$$$00000008)
    .ARM.Collect$$$$0000000A                 0x010010bc   Section        0  entry8b.o(.ARM.Collect$$$$0000000A)
    .ARM.Collect$$$$0000000B                 0x010010bc   Section        8  entry9a.o(.ARM.Collect$$$$0000000B)
    .ARM.Collect$$$$0000000D                 0x010010c4   Section        0  entry10a.o(.ARM.Collect$$$$0000000D)
    .ARM.Collect$$$$0000000F                 0x010010c4   Section        0  entry11a.o(.ARM.Collect$$$$0000000F)
    .ARM.Collect$$$$00002712                 0x010010c4   Section        4  entry2.o(.ARM.Collect$$$$00002712)
    __lit__00000000                          0x010010c4   Data           4  entry2.o(.ARM.Collect$$$$00002712)
    .emb_text                                0x010010c8   Section       24  delay.o(.emb_text)
    .emb_text                                0x010010e0   Section       24  mhscpu_sysctrl.o(.emb_text)
    .text                                    0x010010f8   Section        0  main.o(.text)
    .text                                    0x010012d8   Section        0  delay.o(.text)
    .text                                    0x010012f4   Section        0  system_mhscpu.o(.text)
    .text                                    0x01001320   Section       56  startup_mhscpu.o(.text)
    .text                                    0x01001358   Section        0  mhscpu_dma.o(.text)
    DMA_GetPeripheralConfig                  0x01001359   Thumb Code    52  mhscpu_dma.o(.text)
    DMA_GetChannelxBit                       0x0100138d   Thumb Code    48  mhscpu_dma.o(.text)
    .text                                    0x01001858   Section        0  mhscpu_gpio.o(.text)
    GPIO_GetGPIONum                          0x01001859   Thumb Code    82  mhscpu_gpio.o(.text)
    .text                                    0x01002104   Section        0  mhscpu_it.o(.text)
    .text                                    0x010021cc   Section        0  mhscpu_sysctrl.o(.text)
    .text                                    0x01002754   Section        0  mhscpu_uart.o(.text)
    .text                                    0x01002af8   Section        0  misc.o(.text)
    .text                                    0x01002cac   Section        0  mhscpu_timer.o(.text)
    .text                                    0x01002f18   Section        0  mhscpu_trng.o(.text)
    .text                                    0x01003084   Section        0  uldiv.o(.text)
    .text                                    0x010030e8   Section       36  init.o(.text)
    .text                                    0x0100310c   Section        0  llshl.o(.text)
    .text                                    0x0100312a   Section        0  llushr.o(.text)
    i.__0printf$5                            0x0100314c   Section        0  printf5.o(i.__0printf$5)
    i.__scatterload_copy                     0x0100316c   Section       14  handlers.o(i.__scatterload_copy)
    i.__scatterload_null                     0x0100317a   Section        2  handlers.o(i.__scatterload_null)
    i.__scatterload_zeroinit                 0x0100317c   Section       14  handlers.o(i.__scatterload_zeroinit)
    i._printf_core                           0x0100318c   Section        0  printf5.o(i._printf_core)
    _printf_core                             0x0100318d   Thumb Code   658  printf5.o(i._printf_core)
    .constdata                               0x0100344c   Section       16  mhscpu_gpio.o(.constdata)
    .data                                    0x20000000   Section        8  main.o(.data)
    .data                                    0x20000008   Section        4  system_mhscpu.o(.data)
    .data                                    0x2000000c   Section        8  mhscpu_gpio.o(.data)
    GPIO_OD_Mark                             0x2000000c   Data           8  mhscpu_gpio.o(.data)
    .data                                    0x20000014   Section        4  stdout.o(.data)
    .bss                                     0x20000018   Section      256  main.o(.bss)
    .bss                                     0x20000118   Section       16  mhscpu_it.o(.bss)
    STACK                                    0x20000128   Section    16384  startup_mhscpu.o(STACK)

    Global Symbols

    Symbol Name                              Value     Ov Type        Size  Object(Section)

    BuildAttributes$$THM_ISAv4$P$D$K$B$S$PE$A:L22UL41UL21$X:L11$S22US41US21$IEEE1$IW$USESV6$~STKCKD$USESV7$~SHL$OSPACE$ROPI$EBA8$MICROLIB$REQ8$PRES8$EABIv2 0x00000000   Number         0  anon$$obj.o ABSOLUTE
    __ARM_use_no_argv                        0x00000000   Number         0  main.o ABSOLUTE
    _printf_a                                0x00000000   Number         0  stubs.o ABSOLUTE
    _printf_c                                0x00000000   Number         0  stubs.o ABSOLUTE
    _printf_charcount                        0x00000000   Number         0  stubs.o ABSOLUTE
    _printf_d                                0x00000000   Number         0  stubs.o ABSOLUTE
    _printf_e                                0x00000000   Number         0  stubs.o ABSOLUTE
    _printf_f                                0x00000000   Number         0  stubs.o ABSOLUTE
    _printf_flags                            0x00000000   Number         0  stubs.o ABSOLUTE
    _printf_fp_dec                           0x00000000   Number         0  stubs.o ABSOLUTE
    _printf_fp_hex                           0x00000000   Number         0  stubs.o ABSOLUTE
    _printf_g                                0x00000000   Number         0  stubs.o ABSOLUTE
    _printf_i                                0x00000000   Number         0  stubs.o ABSOLUTE
    _printf_int_dec                          0x00000000   Number         0  stubs.o ABSOLUTE
    _printf_l                                0x00000000   Number         0  stubs.o ABSOLUTE
    _printf_lc                               0x00000000   Number         0  stubs.o ABSOLUTE
    _printf_ll                               0x00000000   Number         0  stubs.o ABSOLUTE
    _printf_lld                              0x00000000   Number         0  stubs.o ABSOLUTE
    _printf_lli                              0x00000000   Number         0  stubs.o ABSOLUTE
    _printf_llo                              0x00000000   Number         0  stubs.o ABSOLUTE
    _printf_llu                              0x00000000   Number         0  stubs.o ABSOLUTE
    _printf_llx                              0x00000000   Number         0  stubs.o ABSOLUTE
    _printf_longlong_dec                     0x00000000   Number         0  stubs.o ABSOLUTE
    _printf_longlong_hex                     0x00000000   Number         0  stubs.o ABSOLUTE
    _printf_longlong_oct                     0x00000000   Number         0  stubs.o ABSOLUTE
    _printf_ls                               0x00000000   Number         0  stubs.o ABSOLUTE
    _printf_mbtowc                           0x00000000   Number         0  stubs.o ABSOLUTE
    _printf_n                                0x00000000   Number         0  stubs.o ABSOLUTE
    _printf_o                                0x00000000   Number         0  stubs.o ABSOLUTE
    _printf_p                                0x00000000   Number         0  stubs.o ABSOLUTE
    _printf_percent                          0x00000000   Number         0  stubs.o ABSOLUTE
    _printf_pre_padding                      0x00000000   Number         0  stubs.o ABSOLUTE
    _printf_return_value                     0x00000000   Number         0  stubs.o ABSOLUTE
    _printf_s                                0x00000000   Number         0  stubs.o ABSOLUTE
    _printf_sizespec                         0x00000000   Number         0  stubs.o ABSOLUTE
    _printf_str                              0x00000000   Number         0  stubs.o ABSOLUTE
    _printf_truncate_signed                  0x00000000   Number         0  stubs.o ABSOLUTE
    _printf_truncate_unsigned                0x00000000   Number         0  stubs.o ABSOLUTE
    _printf_u                                0x00000000   Number         0  stubs.o ABSOLUTE
    _printf_wc                               0x00000000   Number         0  stubs.o ABSOLUTE
    _printf_wctomb                           0x00000000   Number         0  stubs.o ABSOLUTE
    _printf_widthprec                        0x00000000   Number         0  stubs.o ABSOLUTE
    _printf_x                                0x00000000   Number         0  stubs.o ABSOLUTE
    __cpp_initialize__aeabi_                  - Undefined Weak Reference
    __cxa_finalize                            - Undefined Weak Reference
    __decompress                              - Undefined Weak Reference
    _clock_init                               - Undefined Weak Reference
    _microlib_exit                            - Undefined Weak Reference
    __Vectors_Size                           0x000000b4   Number         0  startup_mhscpu.o ABSOLUTE
    __Vectors                                0x01001000   Data           4  startup_mhscpu.o(RESET)
    __Vectors_End                            0x010010b4   Data           0  startup_mhscpu.o(RESET)
    __main                                   0x010010b5   Thumb Code     0  entry.o(.ARM.Collect$$$$00000000)
    _main_stk                                0x010010b5   Thumb Code     0  entry2.o(.ARM.Collect$$$$00000001)
    _main_scatterload                        0x010010b9   Thumb Code     0  entry5.o(.ARM.Collect$$$$00000004)
    __main_after_scatterload                 0x010010bd   Thumb Code     0  entry5.o(.ARM.Collect$$$$00000004)
    _main_clock                              0x010010bd   Thumb Code     0  entry7b.o(.ARM.Collect$$$$00000008)
    _main_cpp_init                           0x010010bd   Thumb Code     0  entry8b.o(.ARM.Collect$$$$0000000A)
    _main_init                               0x010010bd   Thumb Code     0  entry9a.o(.ARM.Collect$$$$0000000B)
    __rt_final_cpp                           0x010010c5   Thumb Code     0  entry10a.o(.ARM.Collect$$$$0000000D)
    __rt_final_exit                          0x010010c5   Thumb Code     0  entry11a.o(.ARM.Collect$$$$0000000F)
    delayus                                  0x010010c9   Thumb Code    24  delay.o(.emb_text)
    __asm___16_mhscpu_sysctrl_c_220ebcab__SYSCTRL_Sleep 0x010010e1   Thumb Code    24  mhscpu_sysctrl.o(.emb_text)
    LED_Init                                 0x010010f9   Thumb Code    36  main.o(.text)
    NVIC_Configuration                       0x0100111d   Thumb Code    78  main.o(.text)
    UART_Configuration                       0x0100116b   Thumb Code   100  main.o(.text)
    main                                     0x010011cf   Thumb Code    46  main.o(.text)
    fputc                                    0x010011fd   Thumb Code    30  main.o(.text)
    assert_failed                            0x0100121b   Thumb Code     4  main.o(.text)
    TimerInit                                0x0100121f   Thumb Code    42  main.o(.text)
    TRNG_Init                                0x01001249   Thumb Code    32  main.o(.text)
    DMA_Configuration                        0x01001269   Thumb Code    56  main.o(.text)
    delayms                                  0x010012d9   Thumb Code    28  delay.o(.text)
    SystemCoreClockUpdate                    0x010012f5   Thumb Code     8  system_mhscpu.o(.text)
    SystemInit                               0x010012fd   Thumb Code    28  system_mhscpu.o(.text)
    Reset_Handler                            0x01001321   Thumb Code    18  startup_mhscpu.o(.text)
    ADC0_IRQHandler                          0x01001347   Thumb Code     0  startup_mhscpu.o(.text)
    CRYPT0_IRQHandler                        0x01001347   Thumb Code     0  startup_mhscpu.o(.text)
    DCMI_IRQHandler                          0x01001347   Thumb Code     0  startup_mhscpu.o(.text)
    DMA0_IRQHandler                          0x01001347   Thumb Code     0  startup_mhscpu.o(.text)
    EXTI0_IRQHandler                         0x01001347   Thumb Code     0  startup_mhscpu.o(.text)
    EXTI1_IRQHandler                         0x01001347   Thumb Code     0  startup_mhscpu.o(.text)
    EXTI2_IRQHandler                         0x01001347   Thumb Code     0  startup_mhscpu.o(.text)
    EXTI3_IRQHandler                         0x01001347   Thumb Code     0  startup_mhscpu.o(.text)
    IMG_COP_IRQHandler                       0x01001347   Thumb Code     0  startup_mhscpu.o(.text)
    LCD_IRQHandler                           0x01001347   Thumb Code     0  startup_mhscpu.o(.text)
    MSR_IRQHandler                           0x01001347   Thumb Code     0  startup_mhscpu.o(.text)
    RTC_IRQHandler                           0x01001347   Thumb Code     0  startup_mhscpu.o(.text)
    SCI0_IRQHandler                          0x01001347   Thumb Code     0  startup_mhscpu.o(.text)
    SENSOR_IRQHandler                        0x01001347   Thumb Code     0  startup_mhscpu.o(.text)
    SPI0_IRQHandler                          0x01001347   Thumb Code     0  startup_mhscpu.o(.text)
    SPI1_IRQHandler                          0x01001347   Thumb Code     0  startup_mhscpu.o(.text)
    SPI2_IRQHandler                          0x01001347   Thumb Code     0  startup_mhscpu.o(.text)
    SSC_IRQHandler                           0x01001347   Thumb Code     0  startup_mhscpu.o(.text)
    TIM0_1_IRQHandler                        0x01001347   Thumb Code     0  startup_mhscpu.o(.text)
    TIM0_2_IRQHandler                        0x01001347   Thumb Code     0  startup_mhscpu.o(.text)
    TIM0_3_IRQHandler                        0x01001347   Thumb Code     0  startup_mhscpu.o(.text)
    TIM0_4_IRQHandler                        0x01001347   Thumb Code     0  startup_mhscpu.o(.text)
    TIM0_5_IRQHandler                        0x01001347   Thumb Code     0  startup_mhscpu.o(.text)
    UART1_IRQHandler                         0x01001347   Thumb Code     0  startup_mhscpu.o(.text)
    USBDMA_IRQHandler                        0x01001347   Thumb Code     0  startup_mhscpu.o(.text)
    USB_IRQHandler                           0x01001347   Thumb Code     0  startup_mhscpu.o(.text)
    DMA_IsChannelEnabled                     0x010013bd   Thumb Code    30  mhscpu_dma.o(.text)
    DMA_Cmd                                  0x010013db   Thumb Code    22  mhscpu_dma.o(.text)
    DMA_ChannelConfig                        0x010013f1   Thumb Code    20  mhscpu_dma.o(.text)
    DMA_ChannelCmd                           0x01001405   Thumb Code    40  mhscpu_dma.o(.text)
    DMA_Init                                 0x0100142d   Thumb Code   498  mhscpu_dma.o(.text)
    DMA_SetSrcSingleReq                      0x0100161f   Thumb Code    28  mhscpu_dma.o(.text)
    DMA_SetSrcBlockReq                       0x0100163b   Thumb Code    28  mhscpu_dma.o(.text)
    DMA_SetSRCAddress                        0x01001657   Thumb Code     4  mhscpu_dma.o(.text)
    DMA_SetDSRAddress                        0x0100165b   Thumb Code     4  mhscpu_dma.o(.text)
    DMA_SetChannelHardShakePeriph            0x0100165f   Thumb Code     2  mhscpu_dma.o(.text)
    DMA_ITConfig                             0x01001661   Thumb Code   160  mhscpu_dma.o(.text)
    DMA_ClearITPendingBit                    0x01001701   Thumb Code    86  mhscpu_dma.o(.text)
    DMA_GetITStatus                          0x01001757   Thumb Code   132  mhscpu_dma.o(.text)
    DMA_GetRawStatus                         0x010017db   Thumb Code   120  mhscpu_dma.o(.text)
    GPIO_DeInit                              0x010018ab   Thumb Code    12  mhscpu_gpio.o(.text)
    GPIO_PinRemapConfig                      0x010018b7   Thumb Code   248  mhscpu_gpio.o(.text)
    GPIO_Init                                0x010019af   Thumb Code   324  mhscpu_gpio.o(.text)
    GPIO_StructInit                          0x01001af3   Thumb Code    14  mhscpu_gpio.o(.text)
    GPIO_ReadInputDataBit                    0x01001b01   Thumb Code   156  mhscpu_gpio.o(.text)
    GPIO_ReadInputData                       0x01001b9d   Thumb Code    14  mhscpu_gpio.o(.text)
    GPIO_ReadOutputDataBit                   0x01001bab   Thumb Code   208  mhscpu_gpio.o(.text)
    GPIO_ReadOutputData                      0x01001c7b   Thumb Code     8  mhscpu_gpio.o(.text)
    GPIO_SetBits                             0x01001c83   Thumb Code   206  mhscpu_gpio.o(.text)
    GPIO_ResetBits                           0x01001d51   Thumb Code   212  mhscpu_gpio.o(.text)
    GPIO_WriteBit                            0x01001e25   Thumb Code   172  mhscpu_gpio.o(.text)
    GPIO_Write                               0x01001ed1   Thumb Code   154  mhscpu_gpio.o(.text)
    GPIO_PullUpCmd                           0x01001f6b   Thumb Code    92  mhscpu_gpio.o(.text)
    GPIO_WakeEvenDeInit                      0x01001fc7   Thumb Code    10  mhscpu_gpio.o(.text)
    GPIO_WakeEvenConfig                      0x01001fd1   Thumb Code   254  mhscpu_gpio.o(.text)
    GPIO_WakeModeConfig                      0x010020cf   Thumb Code    44  mhscpu_gpio.o(.text)
    NMI_Handler                              0x01002105   Thumb Code     2  mhscpu_it.o(.text)
    HardFault_Handler                        0x01002107   Thumb Code     4  mhscpu_it.o(.text)
    MemManage_Handler                        0x0100210b   Thumb Code     4  mhscpu_it.o(.text)
    BusFault_Handler                         0x0100210f   Thumb Code     4  mhscpu_it.o(.text)
    UsageFault_Handler                       0x01002113   Thumb Code     4  mhscpu_it.o(.text)
    SVC_Handler                              0x01002117   Thumb Code     2  mhscpu_it.o(.text)
    DebugMon_Handler                         0x01002119   Thumb Code     2  mhscpu_it.o(.text)
    PendSV_Handler                           0x0100211b   Thumb Code     2  mhscpu_it.o(.text)
    SysTick_Handler                          0x0100211d   Thumb Code    10  mhscpu_it.o(.text)
    UART0_IRQHandler                         0x01002127   Thumb Code    40  mhscpu_it.o(.text)
    TRNG_IRQHandler                          0x0100214f   Thumb Code    40  mhscpu_it.o(.text)
    TIM0_0_IRQHandler                        0x01002177   Thumb Code    18  mhscpu_it.o(.text)
    SYSCTRL_AHBPeriphClockCmd                0x010021cd   Thumb Code    66  mhscpu_sysctrl.o(.text)
    SYSCTRL_APBPeriphClockCmd                0x0100220f   Thumb Code    66  mhscpu_sysctrl.o(.text)
    SYSCTRL_AHBPeriphResetCmd                0x01002251   Thumb Code    92  mhscpu_sysctrl.o(.text)
    SYSCTRL_APBPeriphResetCmd                0x010022ad   Thumb Code    66  mhscpu_sysctrl.o(.text)
    SYSCTRL_EnterSleep                       0x010022ef   Thumb Code    92  mhscpu_sysctrl.o(.text)
    SYSCTRL_GetWakeupFlag1Status             0x0100234b   Thumb Code    10  mhscpu_sysctrl.o(.text)
    SYSCTRL_GetWakeupFlag2Status             0x01002355   Thumb Code    12  mhscpu_sysctrl.o(.text)
    SYSCTRL_SYSCLKSourceSelect               0x01002361   Thumb Code    62  mhscpu_sysctrl.o(.text)
    SYSCTRL_PLLConfig                        0x0100239f   Thumb Code    82  mhscpu_sysctrl.o(.text)
    SYSCTRL_HCLKConfig                       0x010023f1   Thumb Code   130  mhscpu_sysctrl.o(.text)
    SYSCTRL_PCLKConfig                       0x01002473   Thumb Code    78  mhscpu_sysctrl.o(.text)
    SYSCTRL_GetClocksFreq                    0x010024c1   Thumb Code    54  mhscpu_sysctrl.o(.text)
    SYSCTRL_DMA_ChannelConfig                0x010024f7   Thumb Code   390  mhscpu_sysctrl.o(.text)
    SYSCTRL_SPI_Reset                        0x0100267d   Thumb Code    66  mhscpu_sysctrl.o(.text)
    SYSCTRL_SPI_MasterSlaveModeSet           0x010026bf   Thumb Code    86  mhscpu_sysctrl.o(.text)
    SYSCTRL_UART_Reset                       0x01002715   Thumb Code    42  mhscpu_sysctrl.o(.text)
    UART_DeInit                              0x01002755   Thumb Code    12  mhscpu_uart.o(.text)
    UART_Init                                0x01002761   Thumb Code   180  mhscpu_uart.o(.text)
    UART_StructInit                          0x01002815   Thumb Code    18  mhscpu_uart.o(.text)
    UART_ITConfig                            0x01002827   Thumb Code    18  mhscpu_uart.o(.text)
    UART_SendData                            0x01002839   Thumb Code     6  mhscpu_uart.o(.text)
    UART_ReceiveData                         0x0100283f   Thumb Code     8  mhscpu_uart.o(.text)
    UART_AutoFlowCtrlCmd                     0x01002847   Thumb Code    22  mhscpu_uart.o(.text)
    UART_SetDTR                              0x0100285d   Thumb Code    10  mhscpu_uart.o(.text)
    UART_ResetDTR                            0x01002867   Thumb Code    10  mhscpu_uart.o(.text)
    UART_SetRTS                              0x01002871   Thumb Code    10  mhscpu_uart.o(.text)
    UART_ResetRTS                            0x0100287b   Thumb Code    10  mhscpu_uart.o(.text)
    UART_FIFOInit                            0x01002885   Thumb Code   124  mhscpu_uart.o(.text)
    UART_FIFOStructInit                      0x01002901   Thumb Code    20  mhscpu_uart.o(.text)
    UART_FIFOReset                           0x01002915   Thumb Code    26  mhscpu_uart.o(.text)
    UART_FIFOCmd                             0x0100292f   Thumb Code    30  mhscpu_uart.o(.text)
    UART_GetLineStatus                       0x0100294d   Thumb Code     6  mhscpu_uart.o(.text)
    UART_GetModemStatus                      0x01002953   Thumb Code     6  mhscpu_uart.o(.text)
    UART_GetITIdentity                       0x01002959   Thumb Code     6  mhscpu_uart.o(.text)
    UART_IsRXFIFOError                       0x0100295f   Thumb Code    18  mhscpu_uart.o(.text)
    UART_IsRXFramingError                    0x01002971   Thumb Code    18  mhscpu_uart.o(.text)
    UART_IsRXParityError                     0x01002983   Thumb Code    18  mhscpu_uart.o(.text)
    UART_IsRXOverrunError                    0x01002995   Thumb Code    18  mhscpu_uart.o(.text)
    UART_IsRXReceived                        0x010029a7   Thumb Code    18  mhscpu_uart.o(.text)
    UART_IsTXEmpty                           0x010029b9   Thumb Code    18  mhscpu_uart.o(.text)
    UART_IsTXHoldingRegisterEmpty            0x010029cb   Thumb Code    18  mhscpu_uart.o(.text)
    UART_IsTXFIFOTrigger                     0x010029dd   Thumb Code    18  mhscpu_uart.o(.text)
    UART_IsRXFIFOFull                        0x010029ef   Thumb Code    18  mhscpu_uart.o(.text)
    UART_IsRXFIFONotEmpty                    0x01002a01   Thumb Code    18  mhscpu_uart.o(.text)
    UART_IsTXFIFOEmpty                       0x01002a13   Thumb Code    18  mhscpu_uart.o(.text)
    UART_IsTXFIFONotFull                     0x01002a25   Thumb Code    18  mhscpu_uart.o(.text)
    UART_IsUARTBusy                          0x01002a37   Thumb Code    18  mhscpu_uart.o(.text)
    UART_DMAGenerateSoftAck                  0x01002a49   Thumb Code    14  mhscpu_uart.o(.text)
    UART_TXHaltCmd                           0x01002a57   Thumb Code    30  mhscpu_uart.o(.text)
    UART_FIFOAccessModeCmd                   0x01002a75   Thumb Code    22  mhscpu_uart.o(.text)
    UART_FIFOTxRead                          0x01002a8b   Thumb Code     8  mhscpu_uart.o(.text)
    UART_IrDACmd                             0x01002a93   Thumb Code    46  mhscpu_uart.o(.text)
    UART_SendBreak                           0x01002ac1   Thumb Code    14  mhscpu_uart.o(.text)
    NVIC_Init                                0x01002af9   Thumb Code   264  misc.o(.text)
    NVIC_SetVectorTable                      0x01002c01   Thumb Code    60  misc.o(.text)
    SysTick_CLKSourceConfig                  0x01002c3d   Thumb Code    62  misc.o(.text)
    TIM_DeInit                               0x01002cad   Thumb Code    20  mhscpu_timer.o(.text)
    TIM_Cmd                                  0x01002cc1   Thumb Code    78  mhscpu_timer.o(.text)
    TIM_Init                                 0x01002d0f   Thumb Code   100  mhscpu_timer.o(.text)
    TIM_PWMInit                              0x01002d73   Thumb Code   112  mhscpu_timer.o(.text)
    TIM_ModeConfig                           0x01002de3   Thumb Code    82  mhscpu_timer.o(.text)
    TIM_SetPeriod                            0x01002e35   Thumb Code    10  mhscpu_timer.o(.text)
    TIM_SetPWMPeriod                         0x01002e3f   Thumb Code    20  mhscpu_timer.o(.text)
    TIM_ITConfig                             0x01002e53   Thumb Code    78  mhscpu_timer.o(.text)
    TIM_ClearITPendingBit                    0x01002ea1   Thumb Code    16  mhscpu_timer.o(.text)
    TIM_GetITStatus                          0x01002eb1   Thumb Code    26  mhscpu_timer.o(.text)
    TIM_GetAllITStatus                       0x01002ecb   Thumb Code     8  mhscpu_timer.o(.text)
    TIM_GetRawITStatus                       0x01002ed3   Thumb Code    22  mhscpu_timer.o(.text)
    TIM_GetAllRawITStatus                    0x01002ee9   Thumb Code     8  mhscpu_timer.o(.text)
    TRNG_Get                                 0x01002f19   Thumb Code    76  mhscpu_trng.o(.text)
    TRNG_SetPseudoRandom                     0x01002f65   Thumb Code     6  mhscpu_trng.o(.text)
    TRNG_DirectOutANA                        0x01002f6b   Thumb Code    64  mhscpu_trng.o(.text)
    TRNG_ITConfig                            0x01002fab   Thumb Code    30  mhscpu_trng.o(.text)
    TRNG_GetITStatus                         0x01002fc9   Thumb Code    42  mhscpu_trng.o(.text)
    TRNG_ClearITPendingBit                   0x01002ff3   Thumb Code    34  mhscpu_trng.o(.text)
    TRNG_Start                               0x01003015   Thumb Code    40  mhscpu_trng.o(.text)
    TRNG_Stop                                0x0100303d   Thumb Code    30  mhscpu_trng.o(.text)
    __aeabi_uldivmod                         0x01003085   Thumb Code    98  uldiv.o(.text)
    __scatterload                            0x010030e9   Thumb Code    28  init.o(.text)
    __scatterload_rt2                        0x010030e9   Thumb Code     0  init.o(.text)
    __aeabi_llsl                             0x0100310d   Thumb Code    30  llshl.o(.text)
    _ll_shift_l                              0x0100310d   Thumb Code     0  llshl.o(.text)
    __aeabi_llsr                             0x0100312b   Thumb Code    32  llushr.o(.text)
    _ll_ushift_r                             0x0100312b   Thumb Code     0  llushr.o(.text)
    __0printf$5                              0x0100314d   Thumb Code    22  printf5.o(i.__0printf$5)
    __1printf$5                              0x0100314d   Thumb Code     0  printf5.o(i.__0printf$5)
    __2printf                                0x0100314d   Thumb Code     0  printf5.o(i.__0printf$5)
    __scatterload_copy                       0x0100316d   Thumb Code    14  handlers.o(i.__scatterload_copy)
    __scatterload_null                       0x0100317b   Thumb Code     2  handlers.o(i.__scatterload_null)
    __scatterload_zeroinit                   0x0100317d   Thumb Code    14  handlers.o(i.__scatterload_zeroinit)
    Region$$Table$$Base                      0x0100345c   Number         0  anon$$obj.o(Region$$Table)
    Region$$Table$$Limit                     0x0100347c   Number         0  anon$$obj.o(Region$$Table)
    TIM_InitStructure                        0x20000000   Data           8  main.o(.data)
    SystemCoreClock                          0x20000008   Data           4  system_mhscpu.o(.data)
    __stdout                                 0x20000014   Data           4  stdout.o(.data)
    src_Buf                                  0x20000018   Data         128  main.o(.bss)
    dst_Buf                                  0x20000098   Data         128  main.o(.bss)
    Num                                      0x20000118   Data          16  mhscpu_it.o(.bss)
    __initial_sp                             0x20004128   Data           0  startup_mhscpu.o(STACK)



==============================================================================

Memory Map of the image

  Image Entry point : 0x010010b5

  Load Region LR_IROM1 (Base: 0x01001000, Size: 0x00002494, Max: 0x00040000, ABSOLUTE)

    Execution Region ER_IROM1 (Exec base: 0x01001000, Load base: 0x01001000, Size: 0x0000247c, Max: 0x00040000, ABSOLUTE)

    Exec Addr    Load Addr    Size         Type   Attr      Idx    E Section Name        Object

    0x01001000   0x01001000   0x000000b4   Data   RO          159    RESET               startup_mhscpu.o
    0x010010b4   0x010010b4   0x00000000   Code   RO          368  * .ARM.Collect$$$$00000000  mc_w.l(entry.o)
    0x010010b4   0x010010b4   0x00000004   Code   RO          632    .ARM.Collect$$$$00000001  mc_w.l(entry2.o)
    0x010010b8   0x010010b8   0x00000004   Code   RO          635    .ARM.Collect$$$$00000004  mc_w.l(entry5.o)
    0x010010bc   0x010010bc   0x00000000   Code   RO          637    .ARM.Collect$$$$00000008  mc_w.l(entry7b.o)
    0x010010bc   0x010010bc   0x00000000   Code   RO          639    .ARM.Collect$$$$0000000A  mc_w.l(entry8b.o)
    0x010010bc   0x010010bc   0x00000008   Code   RO          640    .ARM.Collect$$$$0000000B  mc_w.l(entry9a.o)
    0x010010c4   0x010010c4   0x00000000   Code   RO          642    .ARM.Collect$$$$0000000D  mc_w.l(entry10a.o)
    0x010010c4   0x010010c4   0x00000000   Code   RO          644    .ARM.Collect$$$$0000000F  mc_w.l(entry11a.o)
    0x010010c4   0x010010c4   0x00000004   Code   RO          633    .ARM.Collect$$$$00002712  mc_w.l(entry2.o)
    0x010010c8   0x010010c8   0x00000018   Code   RO          102    .emb_text           delay.o
    0x010010e0   0x010010e0   0x00000018   Code   RO          262    .emb_text           mhscpu_sysctrl.o
    0x010010f8   0x010010f8   0x000001e0   Code   RO            3    .text               main.o
    0x010012d8   0x010012d8   0x0000001c   Code   RO          103    .text               delay.o
    0x010012f4   0x010012f4   0x0000002c   Code   RO          133    .text               system_mhscpu.o
    0x01001320   0x01001320   0x00000038   Code   RO          160    .text               startup_mhscpu.o
    0x01001358   0x01001358   0x00000500   Code   RO          166    .text               mhscpu_dma.o
    0x01001858   0x01001858   0x000008ac   Code   RO          209    .text               mhscpu_gpio.o
    0x01002104   0x01002104   0x000000c8   Code   RO          232    .text               mhscpu_it.o
    0x010021cc   0x010021cc   0x00000588   Code   RO          263    .text               mhscpu_sysctrl.o
    0x01002754   0x01002754   0x000003a4   Code   RO          286    .text               mhscpu_uart.o
    0x01002af8   0x01002af8   0x000001b4   Code   RO          306    .text               misc.o
    0x01002cac   0x01002cac   0x0000026c   Code   RO          330    .text               mhscpu_timer.o
    0x01002f18   0x01002f18   0x0000016c   Code   RO          350    .text               mhscpu_trng.o
    0x01003084   0x01003084   0x00000062   Code   RO          649    .text               mc_w.l(uldiv.o)
    0x010030e6   0x010030e6   0x00000002   PAD
    0x010030e8   0x010030e8   0x00000024   Code   RO          662    .text               mc_w.l(init.o)
    0x0100310c   0x0100310c   0x0000001e   Code   RO          664    .text               mc_w.l(llshl.o)
    0x0100312a   0x0100312a   0x00000020   Code   RO          666    .text               mc_w.l(llushr.o)
    0x0100314a   0x0100314a   0x00000002   PAD
    0x0100314c   0x0100314c   0x00000020   Code   RO          504    i.__0printf$5       mc_w.l(printf5.o)
    0x0100316c   0x0100316c   0x0000000e   Code   RO          674    i.__scatterload_copy  mc_w.l(handlers.o)
    0x0100317a   0x0100317a   0x00000002   Code   RO          675    i.__scatterload_null  mc_w.l(handlers.o)
    0x0100317c   0x0100317c   0x0000000e   Code   RO          676    i.__scatterload_zeroinit  mc_w.l(handlers.o)
    0x0100318a   0x0100318a   0x00000002   PAD
    0x0100318c   0x0100318c   0x000002c0   Code   RO          511    i._printf_core      mc_w.l(printf5.o)
    0x0100344c   0x0100344c   0x00000010   Data   RO          210    .constdata          mhscpu_gpio.o
    0x0100345c   0x0100345c   0x00000020   Data   RO          672    Region$$Table       anon$$obj.o


    Execution Region RW_IRAM1 (Exec base: 0x20000000, Load base: 0x0100347c, Size: 0x00004128, Max: 0x00006000, ABSOLUTE)

    Exec Addr    Load Addr    Size         Type   Attr      Idx    E Section Name        Object

    0x20000000   0x0100347c   0x00000008   Data   RW            5    .data               main.o
    0x20000008   0x01003484   0x00000004   Data   RW          134    .data               system_mhscpu.o
    0x2000000c   0x01003488   0x00000008   Data   RW          211    .data               mhscpu_gpio.o
    0x20000014   0x01003490   0x00000004   Data   RW          646    .data               mc_w.l(stdout.o)
    0x20000018        -       0x00000100   Zero   RW            4    .bss                main.o
    0x20000118        -       0x00000010   Zero   RW          233    .bss                mhscpu_it.o
    0x20000128        -       0x00004000   Zero   RW          157    STACK               startup_mhscpu.o


==============================================================================

Image component sizes


      Code (inc. data)   RO Data    RW Data    ZI Data      Debug   Object Name

        52          0          0          0          0        826   delay.o
       480         56          0          8        256      75067   main.o
      1280         20          0          0          0       7366   mhscpu_dma.o
      2220         82         16          8          0       6308   mhscpu_gpio.o
       200         68          0          0         16       2379   mhscpu_it.o
      1440        108          0          0          0       7070   mhscpu_sysctrl.o
       620         40          0          0          0       3839   mhscpu_timer.o
       364         42          0          0          0       2381   mhscpu_trng.o
       932         42          0          0          0       7972   mhscpu_uart.o
       436         50          0          0          0      25731   misc.o
        56         18        180          0      16384        808   startup_mhscpu.o
        44          8          0          4          0        881   system_mhscpu.o

    ----------------------------------------------------------------------
      8124        534        228         20      16656     140628   Object Totals
         0          0         32          0          0          0   (incl. Generated)
         0          0          0          0          0          0   (incl. Padding)

    ----------------------------------------------------------------------

      Code (inc. data)   RO Data    RW Data    ZI Data      Debug   Library Member Name

         0          0          0          0          0          0   entry.o
         0          0          0          0          0          0   entry10a.o
         0          0          0          0          0          0   entry11a.o
         8          4          0          0          0          0   entry2.o
         4          0          0          0          0          0   entry5.o
         0          0          0          0          0          0   entry7b.o
         0          0          0          0          0          0   entry8b.o
         8          4          0          0          0          0   entry9a.o
        30          0          0          0          0          0   handlers.o
        36          8          0          0          0         68   init.o
        30          0          0          0          0         68   llshl.o
        32          0          0          0          0         68   llushr.o
       736         56          0          0          0        184   printf5.o
         0          0          0          4          0          0   stdout.o
        98          0          0          0          0         92   uldiv.o

    ----------------------------------------------------------------------
       988         72          0          4          0        480   Library Totals
         6          0          0          0          0          0   (incl. Padding)

    ----------------------------------------------------------------------

      Code (inc. data)   RO Data    RW Data    ZI Data      Debug   Library Name

       982         72          0          4          0        480   mc_w.l

    ----------------------------------------------------------------------
       988         72          0          4          0        480   Library Totals

    ----------------------------------------------------------------------

==============================================================================


      Code (inc. data)   RO Data    RW Data    ZI Data      Debug   

      9112        606        228         24      16656     139804   Grand Totals
      9112        606        228         24      16656     139804   ELF Image Totals
      9112        606        228         24          0          0   ROM Totals

==============================================================================

    Total RO  Size (Code + RO Data)                 9340 (   9.12kB)
    Total RW  Size (RW Data + ZI Data)             16680 (  16.29kB)
    Total ROM Size (Code + RO Data + RW Data)       9364 (   9.14kB)

==============================================================================

