Component: ARM Compiler 5.06 update 6 (build 750) Tool: armlink [4d35ed]

==============================================================================

Section Cross References

    startup_mhscpu.o(RESET) refers to startup_mhscpu.o(STACK) for __initial_sp
    startup_mhscpu.o(RESET) refers to startup_mhscpu.o(.text) for Reset_Handler
    startup_mhscpu.o(RESET) refers to mhscpu_it.o(i.NMI_Handler) for NMI_Handler
    startup_mhscpu.o(RESET) refers to mhscpu_it.o(i.HardFault_Handler) for HardFault_Handler
    startup_mhscpu.o(RESET) refers to mhscpu_it.o(i.MemManage_Handler) for MemManage_Handler
    startup_mhscpu.o(RESET) refers to mhscpu_it.o(i.BusFault_Handler) for BusFault_Handler
    startup_mhscpu.o(RESET) refers to mhscpu_it.o(i.UsageFault_Handler) for UsageFault_Handler
    startup_mhscpu.o(RESET) refers to mhscpu_it.o(i.SVC_Handler) for SVC_Handler
    startup_mhscpu.o(RESET) refers to mhscpu_it.o(i.DebugMon_Handler) for DebugMon_Handler
    startup_mhscpu.o(RESET) refers to mhscpu_it.o(i.PendSV_Handler) for PendSV_Handler
    startup_mhscpu.o(RESET) refers to mhscpu_emv_hard.o(i.SCI0_IRQHandler) for SCI0_IRQHandler
    startup_mhscpu.o(RESET) refers to uart.o(i.UART0_IRQHandler) for UART0_IRQHandler
    startup_mhscpu.o(RESET) refers to timer.o(i.TIM0_1_IRQHandler) for TIM0_1_IRQHandler
    startup_mhscpu.o(.text) refers to startup_mhscpu.o(RESET) for __Vectors
    startup_mhscpu.o(.text) refers to system_mhscpu.o(i.SystemInit) for SystemInit
    startup_mhscpu.o(.text) refers to entry.o(.ARM.Collect$$$$00000000) for __main
    system_mhscpu.o(i.SystemCoreClockUpdate) refers to system_mhscpu.o(.data) for SystemCoreClock
    system_mhscpu.o(i.SystemInit) refers to mhscpu_sysctrl.o(i.SYSCTRL_PLLConfig) for SYSCTRL_PLLConfig
    system_mhscpu.o(i.SystemInit) refers to mhscpu_sysctrl.o(i.SYSCTRL_HCLKConfig) for SYSCTRL_HCLKConfig
    system_mhscpu.o(i.SystemInit) refers to mhscpu_sysctrl.o(i.SYSCTRL_PCLKConfig) for SYSCTRL_PCLKConfig
    mhscpu_gpio.o(i.GPIO_DeInit) refers to mhscpu_sysctrl.o(i.SYSCTRL_APBPeriphResetCmd) for SYSCTRL_APBPeriphResetCmd
    mhscpu_gpio.o(i.GPIO_GetGPIONum) refers to main.o(i.assert_failed) for assert_failed
    mhscpu_gpio.o(i.GPIO_GetGPIONum) refers to mhscpu_gpio.o(.constdata) for .constdata
    mhscpu_gpio.o(i.GPIO_Init) refers to main.o(i.assert_failed) for assert_failed
    mhscpu_gpio.o(i.GPIO_Init) refers to mhscpu_gpio.o(i.GPIO_PinRemapConfig) for GPIO_PinRemapConfig
    mhscpu_gpio.o(i.GPIO_Init) refers to mhscpu_gpio.o(i.GPIO_GetGPIONum) for GPIO_GetGPIONum
    mhscpu_gpio.o(i.GPIO_Init) refers to mhscpu_gpio.o(.data) for GPIO_OD_Mark
    mhscpu_gpio.o(i.GPIO_PinRemapConfig) refers to main.o(i.assert_failed) for assert_failed
    mhscpu_gpio.o(i.GPIO_PinRemapConfig) refers to mhscpu_gpio.o(i.GPIO_GetGPIONum) for GPIO_GetGPIONum
    mhscpu_gpio.o(i.GPIO_PullUpCmd) refers to main.o(i.assert_failed) for assert_failed
    mhscpu_gpio.o(i.GPIO_ReadInputDataBit) refers to main.o(i.assert_failed) for assert_failed
    mhscpu_gpio.o(i.GPIO_ReadOutputDataBit) refers to main.o(i.assert_failed) for assert_failed
    mhscpu_gpio.o(i.GPIO_ResetBits) refers to main.o(i.assert_failed) for assert_failed
    mhscpu_gpio.o(i.GPIO_ResetBits) refers to mhscpu_gpio.o(i.GPIO_GetGPIONum) for GPIO_GetGPIONum
    mhscpu_gpio.o(i.GPIO_ResetBits) refers to mhscpu_gpio.o(.data) for GPIO_OD_Mark
    mhscpu_gpio.o(i.GPIO_SetBits) refers to main.o(i.assert_failed) for assert_failed
    mhscpu_gpio.o(i.GPIO_SetBits) refers to mhscpu_gpio.o(i.GPIO_GetGPIONum) for GPIO_GetGPIONum
    mhscpu_gpio.o(i.GPIO_SetBits) refers to mhscpu_gpio.o(.data) for GPIO_OD_Mark
    mhscpu_gpio.o(i.GPIO_WakeEvenConfig) refers to main.o(i.assert_failed) for assert_failed
    mhscpu_gpio.o(i.GPIO_WakeEvenConfig) refers to mhscpu_gpio.o(i.GPIO_GetGPIONum) for GPIO_GetGPIONum
    mhscpu_gpio.o(i.GPIO_WakeModeConfig) refers to main.o(i.assert_failed) for assert_failed
    mhscpu_gpio.o(i.GPIO_Write) refers to main.o(i.assert_failed) for assert_failed
    mhscpu_gpio.o(i.GPIO_Write) refers to mhscpu_gpio.o(i.GPIO_GetGPIONum) for GPIO_GetGPIONum
    mhscpu_gpio.o(i.GPIO_Write) refers to mhscpu_gpio.o(.data) for GPIO_OD_Mark
    mhscpu_gpio.o(i.GPIO_WriteBit) refers to main.o(i.assert_failed) for assert_failed
    mhscpu_gpio.o(i.GPIO_WriteBit) refers to mhscpu_gpio.o(i.GPIO_ResetBits) for GPIO_ResetBits
    mhscpu_gpio.o(i.GPIO_WriteBit) refers to mhscpu_gpio.o(i.GPIO_SetBits) for GPIO_SetBits
    mhscpu_spi.o(i.NSM_Init) refers to main.o(i.assert_failed) for assert_failed
    mhscpu_spi.o(i.NSM_Init) refers to mhscpu_spi.o(i.SPI_MasterSlaveModeSet) for SPI_MasterSlaveModeSet
    mhscpu_spi.o(i.SPI_BiDirectionalLineConfig) refers to main.o(i.assert_failed) for assert_failed
    mhscpu_spi.o(i.SPI_ClearITPendingBit) refers to main.o(i.assert_failed) for assert_failed
    mhscpu_spi.o(i.SPI_Cmd) refers to main.o(i.assert_failed) for assert_failed
[...]
    printf1.o(i.__0vprintf$1) refers to uart.o(i.fputc) for fputc
    printf1.o(i.__0vprintf$1) refers to stdout.o(.data) for __stdout
    printf1.o(i.__0vsnprintf$1) refers to printf1.o(i._printf_core) for _printf_core
    printf1.o(i.__0vsnprintf$1) refers to printf1.o(i._snputc) for _snputc
    printf1.o(i.__0vsprintf$1) refers to printf1.o(i._printf_core) for _printf_core
    printf1.o(i.__0vsprintf$1) refers to printf1.o(i._sputc) for _sputc
    printf1.o(i._printf_core) refers to uidiv.o(.text) for __aeabi_uidivmod
    printf2.o(i.__0fprintf$2) refers to printf2.o(i._printf_core) for _printf_core
    printf2.o(i.__0fprintf$2) refers to uart.o(i.fputc) for fputc
    printf2.o(i.__0printf$2) refers to printf2.o(i._printf_core) for _printf_core
    printf2.o(i.__0printf$2) refers to uart.o(i.fputc) for fputc
    printf2.o(i.__0printf$2) refers to stdout.o(.data) for __stdout
    printf2.o(i.__0snprintf$2) refers to printf2.o(i._printf_core) for _printf_core
    printf2.o(i.__0snprintf$2) refers to printf2.o(i._snputc) for _snputc
    printf2.o(i.__0sprintf$2) refers to printf2.o(i._printf_core) for _printf_core
    printf2.o(i.__0sprintf$2) refers to printf2.o(i._sputc) for _sputc
    printf2.o(i.__0vfprintf$2) refers to printf2.o(i._printf_core) for _printf_core
    printf2.o(i.__0vfprintf$2) refers to uart.o(i.fputc) for fputc
    printf2.o(i.__0vprintf$2) refers to printf2.o(i._printf_core) for _printf_core
    printf2.o(i.__0vprintf$2) refers to uart.o(i.fputc) for fputc
    printf2.o(i.__0vprintf$2) refers to stdout.o(.data) for __stdout
    printf2.o(i.__0vsnprintf$2) refers to printf2.o(i._printf_core) for _printf_core
    printf2.o(i.__0vsnprintf$2) refers to printf2.o(i._snputc) for _snputc
    printf2.o(i.__0vsprintf$2) refers to printf2.o(i._printf_core) for _printf_core
    printf2.o(i.__0vsprintf$2) refers to printf2.o(i._sputc) for _sputc
    printf3.o(i.__0fprintf$3) refers to printf3.o(i._printf_core) for _printf_core
    printf3.o(i.__0fprintf$3) refers to uart.o(i.fputc) for fputc
    printf3.o(i.__0printf$3) refers to printf3.o(i._printf_core) for _printf_core
    printf3.o(i.__0printf$3) refers to uart.o(i.fputc) for fputc
    printf3.o(i.__0printf$3) refers to stdout.o(.data) for __stdout
    printf3.o(i.__0snprintf$3) refers to printf3.o(i._printf_core) for _printf_core
    printf3.o(i.__0snprintf$3) refers to printf3.o(i._snputc) for _snputc
    printf3.o(i.__0sprintf$3) refers to printf3.o(i._printf_core) for _printf_core
    printf3.o(i.__0sprintf$3) refers to printf3.o(i._sputc) for _sputc
    printf3.o(i.__0vfprintf$3) refers to printf3.o(i._printf_core) for _printf_core
    printf3.o(i.__0vfprintf$3) refers to uart.o(i.fputc) for fputc
    printf3.o(i.__0vprintf$3) refers to printf3.o(i._printf_core) for _printf_core
    printf3.o(i.__0vprintf$3) refers to uart.o(i.fputc) for fputc
    printf3.o(i.__0vprintf$3) refers to stdout.o(.data) for __stdout
    printf3.o(i.__0vsnprintf$3) refers to printf3.o(i._printf_core) for _printf_core
    printf3.o(i.__0vsnprintf$3) refers to printf3.o(i._snputc) for _snputc
    printf3.o(i.__0vsprintf$3) refers to printf3.o(i._printf_core) for _printf_core
    printf3.o(i.__0vsprintf$3) refers to printf3.o(i._sputc) for _sputc
    printf3.o(i._printf_core) refers to uidiv.o(.text) for __aeabi_uidivmod
    printf4.o(i.__0fprintf$4) refers to printf4.o(i._printf_core) for _printf_core
    printf4.o(i.__0fprintf$4) refers to uart.o(i.fputc) for fputc
    printf4.o(i.__0printf$4) refers to printf4.o(i._printf_core) for _printf_core
    printf4.o(i.__0printf$4) refers to uart.o(i.fputc) for fputc
    printf4.o(i.__0printf$4) refers to stdout.o(.data) for __stdout
    printf4.o(i.__0snprintf$4) refers to printf4.o(i._printf_core) for _printf_core
    printf4.o(i.__0snprintf$4) refers to printf4.o(i._snputc) for _snputc
    printf4.o(i.__0sprintf$4) refers to printf4.o(i._printf_core) for _printf_core
    printf4.o(i.__0sprintf$4) refers to printf4.o(i._sputc) for _sputc
    printf4.o(i.__0vfprintf$4) refers to printf4.o(i._printf_core) for _printf_core
    printf4.o(i.__0vfprintf$4) refers to uart.o(i.fputc) for fputc
    printf4.o(i.__0vprintf$4) refers to printf4.o(i._printf_core) for _printf_core
    printf4.o(i.__0vprintf$4) refers to uart.o(i.fputc) for fputc
    printf4.o(i.__0vprintf$4) refers to stdout.o(.data) for __stdout
    printf4.o(i.__0vsnprintf$4) refers to printf4.o(i._printf_core) for _printf_core
    printf4.o(i.__0vsnprintf$4) refers to printf4.o(i._snputc) for _snputc
    printf4.o(i.__0vsprintf$4) refers to printf4.o(i._printf_core) for _printf_core
    printf4.o(i.__0vsprintf$4) refers to printf4.o(i._sputc) for _sputc
    printf4.o(i._printf_core) refers to uldiv.o(.text) for __aeabi_uldivmod
    printf5.o(i.__0fprintf$5) refers to printf5.o(i._printf_core) for _printf_core
    printf5.o(i.__0fprintf$5) refers to uart.o(i.fputc) for fputc
    printf5.o(i.__0printf$5) refers to printf5.o(i._printf_core) for _printf_core
    printf5.o(i.__0printf$5) refers to uart.o(i.fputc) for fputc
    printf5.o(i.__0printf$5) refers to stdout.o(.data) for __stdout
    printf5.o(i.__0snprintf$5) refers to printf5.o(i._printf_core) for _printf_core
    printf5.o(i.__0snprintf$5) refers to printf5.o(i._snputc) for _snputc
    printf5.o(i.__0sprintf$5) refers to printf5.o(i._printf_core) for _printf_core
    printf5.o(i.__0sprintf$5) refers to printf5.o(i._sputc) for _sputc
    printf5.o(i.__0vfprintf$5) refers to printf5.o(i._printf_core) for _printf_core
    printf5.o(i.__0vfprintf$5) refers to uart.o(i.fputc) for fputc
    printf5.o(i.__0vprintf$5) refers to printf5.o(i._printf_core) for _printf_core
    printf5.o(i.__0vprintf$5) refers to uart.o(i.fputc) for fputc
    printf5.o(i.__0vprintf$5) refers to stdout.o(.data) for __stdout
    printf5.o(i.__0vsnprintf$5) refers to printf5.o(i._printf_core) for _printf_core
    printf5.o(i.__0vsnprintf$5) refers to printf5.o(i._snputc) for _snputc
    printf5.o(i.__0vsprintf$5) refers to printf5.o(i._printf_core) for _printf_core
    printf5.o(i.__0vsprintf$5) refers to printf5.o(i._sputc) for _sputc
    printf5.o(i._printf_core) refers to uldiv.o(.text) for __aeabi_uldivmod
    printf6.o(i.__0fprintf$6) refers to printf6.o(i._printf_core) for _printf_core
    printf6.o(i.__0fprintf$6) refers to uart.o(i.fputc) for fputc
    printf6.o(i.__0printf$6) refers to printf6.o(i._printf_core) for _printf_core
    printf6.o(i.__0printf$6) refers to uart.o(i.fputc) for fputc
    printf6.o(i.__0printf$6) refers to stdout.o(.data) for __stdout
    printf6.o(i.__0snprintf$6) refers to printf6.o(i._printf_core) for _printf_core
    printf6.o(i.__0snprintf$6) refers to printf6.o(i._snputc) for _snputc
    printf6.o(i.__0sprintf$6) refers to printf6.o(i._printf_core) for _printf_core
    printf6.o(i.__0sprintf$6) refers to printf6.o(i._sputc) for _sputc
    printf6.o(i.__0vfprintf$6) refers to printf6.o(i._printf_core) for _printf_core
    printf6.o(i.__0vfprintf$6) refers to uart.o(i.fputc) for fputc
    printf6.o(i.__0vprintf$6) refers to printf6.o(i._printf_core) for _printf_core
    printf6.o(i.__0vprintf$6) refers to uart.o(i.fputc) for fputc
    printf6.o(i.__0vprintf$6) refers to stdout.o(.data) for __stdout
    printf6.o(i.__0vsnprintf$6) refers to printf6.o(i._printf_core) for _printf_core
    printf6.o(i.__0vsnprintf$6) refers to printf6.o(i._snputc) for _snputc
    printf6.o(i.__0vsprintf$6) refers to printf6.o(i._printf_core) for _printf_core
    printf6.o(i.__0vsprintf$6) refers to printf6.o(i._sputc) for _sputc
    printf6.o(i._printf_core) refers to printf6.o(i._printf_pre_padding) for _printf_pre_padding
    printf6.o(i._printf_core) refers to uidiv.o(.text) for __aeabi_uidivmod
    printf6.o(i._printf_core) refers to printf6.o(i._printf_post_padding) for _printf_post_padding
    printf7.o(i.__0fprintf$7) refers to printf7.o(i._printf_core) for _printf_core
    printf7.o(i.__0fprintf$7) refers to uart.o(i.fputc) for fputc
    printf7.o(i.__0printf$7) refers to printf7.o(i._printf_core) for _printf_core
    printf7.o(i.__0printf$7) refers to uart.o(i.fputc) for fputc
    printf7.o(i.__0printf$7) refers to stdout.o(.data) for __stdout
    printf7.o(i.__0snprintf$7) refers to printf7.o(i._printf_core) for _printf_core
    printf7.o(i.__0snprintf$7) refers to printf7.o(i._snputc) for _snputc
    printf7.o(i.__0sprintf$7) refers to printf7.o(i._printf_core) for _printf_core
    printf7.o(i.__0sprintf$7) refers to printf7.o(i._sputc) for _sputc
    printf7.o(i.__0vfprintf$7) refers to printf7.o(i._printf_core) for _printf_core
    printf7.o(i.__0vfprintf$7) refers to uart.o(i.fputc) for fputc
    printf7.o(i.__0vprintf$7) refers to printf7.o(i._printf_core) for _printf_core
    printf7.o(i.__0vprintf$7) refers to uart.o(i.fputc) for fputc
    printf7.o(i.__0vprintf$7) refers to stdout.o(.data) for __stdout
    printf7.o(i.__0vsnprintf$7) refers to printf7.o(i._printf_core) for _printf_core
    printf7.o(i.__0vsnprintf$7) refers to printf7.o(i._snputc) for _snputc
    printf7.o(i.__0vsprintf$7) refers to printf7.o(i._printf_core) for _printf_core
    printf7.o(i.__0vsprintf$7) refers to printf7.o(i._sputc) for _sputc
    printf7.o(i._printf_core) refers to printf7.o(i._printf_pre_padding) for _printf_pre_padding
    printf7.o(i._printf_core) refers to uldiv.o(.text) for __aeabi_uldivmod
    printf7.o(i._printf_core) refers to printf7.o(i._printf_post_padding) for _printf_post_padding
    printf8.o(i.__0fprintf$8) refers to printf8.o(i._printf_core) for _printf_core
    printf8.o(i.__0fprintf$8) refers to uart.o(i.fputc) for fputc
    printf8.o(i.__0printf$8) refers to printf8.o(i._printf_core) for _printf_core
    printf8.o(i.__0printf$8) refers to uart.o(i.fputc) for fputc
    printf8.o(i.__0printf$8) refers to stdout.o(.data) for __stdout
    printf8.o(i.__0snprintf$8) refers to printf8.o(i._printf_core) for _printf_core
    printf8.o(i.__0snprintf$8) refers to printf8.o(i._snputc) for _snputc
    printf8.o(i.__0sprintf$8) refers to printf8.o(i._printf_core) for _printf_core
    printf8.o(i.__0sprintf$8) refers to printf8.o(i._sputc) for _sputc
    printf8.o(i.__0vfprintf$8) refers to printf8.o(i._printf_core) for _printf_core
    printf8.o(i.__0vfprintf$8) refers to uart.o(i.fputc) for fputc
    printf8.o(i.__0vprintf$8) refers to printf8.o(i._printf_core) for _printf_core
    printf8.o(i.__0vprintf$8) refers to uart.o(i.fputc) for fputc
    printf8.o(i.__0vprintf$8) refers to stdout.o(.data) for __stdout
    printf8.o(i.__0vsnprintf$8) refers to printf8.o(i._printf_core) for _printf_core
    printf8.o(i.__0vsnprintf$8) refers to printf8.o(i._snputc) for _snputc
    printf8.o(i.__0vsprintf$8) refers to printf8.o(i._printf_core) for _printf_core
    printf8.o(i.__0vsprintf$8) refers to printf8.o(i._sputc) for _sputc
    printf8.o(i._printf_core) refers to printf8.o(i._printf_pre_padding) for _printf_pre_padding
    printf8.o(i._printf_core) refers to uldiv.o(.text) for __aeabi_uldivmod
    printf8.o(i._printf_core) refers to printf8.o(i._printf_post_padding) for _printf_post_padding
    printfa.o(i.__0fprintf) refers (Special) to iusefp.o(.text) for __I$use$fp
    printfa.o(i.__0fprintf) refers to printfa.o(i._printf_core) for _printf_core
    printfa.o(i.__0fprintf) refers to uart.o(i.fputc) for fputc
    printfa.o(i.__0printf) refers (Special) to iusefp.o(.text) for __I$use$fp
    printfa.o(i.__0printf) refers to printfa.o(i._printf_core) for _printf_core
    printfa.o(i.__0printf) refers to uart.o(i.fputc) for fputc
    printfa.o(i.__0printf) refers to stdout.o(.data) for __stdout
    printfa.o(i.__0snprintf) refers (Special) to iusefp.o(.text) for __I$use$fp
    printfa.o(i.__0snprintf) refers to printfa.o(i._printf_core) for _printf_core
    printfa.o(i.__0snprintf) refers to printfa.o(i._snputc) for _snputc
    printfa.o(i.__0sprintf) refers (Special) to iusefp.o(.text) for __I$use$fp
    printfa.o(i.__0sprintf) refers to printfa.o(i._printf_core) for _printf_core
    printfa.o(i.__0sprintf) refers to printfa.o(i._sputc) for _sputc
    printfa.o(i.__0vfprintf) refers (Special) to iusefp.o(.text) for __I$use$fp
    printfa.o(i.__0vfprintf) refers to printfa.o(i._printf_core) for _printf_core
    printfa.o(i.__0vfprintf) refers to uart.o(i.fputc) for fputc
    printfa.o(i.__0vprintf) refers (Special) to iusefp.o(.text) for __I$use$fp
    printfa.o(i.__0vprintf) refers to printfa.o(i._printf_core) for _printf_core
    printfa.o(i.__0vprintf) refers to uart.o(i.fputc) for fputc
    printfa.o(i.__0vprintf) refers to stdout.o(.data) for __stdout
    printfa.o(i.__0vsnprintf) refers (Special) to iusefp.o(.text) for __I$use$fp
    printfa.o(i.__0vsnprintf) refers to printfa.o(i._printf_core) for _printf_core
    printfa.o(i.__0vsnprintf) refers to printfa.o(i._snputc) for _snputc
    printfa.o(i.__0vsprintf) refers (Special) to iusefp.o(.text) for __I$use$fp
    printfa.o(i.__0vsprintf) refers to printfa.o(i._printf_core) for _printf_core
    printfa.o(i.__0vsprintf) refers to printfa.o(i._sputc) for _sputc
    printfa.o(i._fp_digits) refers (Special) to iusefp.o(.text) for __I$use$fp
    printfa.o(i._fp_digits) refers to dmul.o(.text) for __aeabi_dmul
    printfa.o(i._fp_digits) refers to ddiv.o(.text) for __aeabi_ddiv
    printfa.o(i._fp_digits) refers to cdrcmple.o(.text) for __aeabi_cdrcmple
    printfa.o(i._fp_digits) refers to dadd.o(.text) for __aeabi_dadd
    printfa.o(i._fp_digits) refers to dfixul.o(.text) for __aeabi_d2ulz
    printfa.o(i._fp_digits) refers to uldiv.o(.text) for __aeabi_uldivmod
    printfa.o(i._printf_core) refers (Special) to iusefp.o(.text) for __I$use$fp
    printfa.o(i._printf_core) refers to printfa.o(i._printf_pre_padding) for _printf_pre_padding
    printfa.o(i._printf_core) refers to uldiv.o(.text) for __aeabi_uldivmod
    printfa.o(i._printf_core) refers to printfa.o(i._printf_post_padding) for _printf_post_padding
    printfa.o(i._printf_core) refers to printfa.o(i._fp_digits) for _fp_digits
    printfa.o(i._printf_core) refers to uidiv.o(.text) for __aeabi_uidivmod
    printfa.o(i._printf_post_padding) refers (Special) to iusefp.o(.text) for __I$use$fp
    printfa.o(i._printf_pre_padding) refers (Special) to iusefp.o(.text) for __I$use$fp
    printfa.o(i._snputc) refers (Special) to iusefp.o(.text) for __I$use$fp
    printfa.o(i._sputc) refers (Special) to iusefp.o(.text) for __I$use$fp
    dadd.o(.text) refers (Special) to iusefp.o(.text) for __I$use$fp
    dadd.o(.text) refers to llshl.o(.text) for __aeabi_llsl
    dadd.o(.text) refers to llsshr.o(.text) for __aeabi_lasr
    dadd.o(.text) refers to depilogue.o(.text) for _double_epilogue
    dmul.o(.text) refers (Special) to iusefp.o(.text) for __I$use$fp
    dmul.o(.text) refers to depilogue.o(.text) for _double_epilogue
    ddiv.o(.text) refers (Special) to iusefp.o(.text) for __I$use$fp
    ddiv.o(.text) refers to depilogue.o(.text) for _double_round
    dfltui.o(.text) refers (Special) to iusefp.o(.text) for __I$use$fp
    dfltui.o(.text) refers to depilogue.o(.text) for _double_epilogue
    dfixui.o(.text) refers (Special) to iusefp.o(.text) for __I$use$fp
    dfixui.o(.text) refers to llushr.o(.text) for __aeabi_llsr
    entry2.o(.ARM.Collect$$$$00000001) refers to entry2.o(.ARM.Collect$$$$00002712) for __lit__00000000
    entry2.o(.ARM.Collect$$$$00002712) refers to startup_mhscpu.o(STACK) for __initial_sp
    entry2.o(__vectab_stack_and_reset_area) refers to startup_mhscpu.o(STACK) for __initial_sp
    entry2.o(__vectab_stack_and_reset_area) refers to entry.o(.ARM.Collect$$$$00000000) for __main
    entry5.o(.ARM.Collect$$$$00000004) refers to init.o(.text) for __scatterload
    entry9a.o(.ARM.Collect$$$$0000000B) refers to main.o(i.main) for main
    entry9b.o(.ARM.Collect$$$$0000000C) refers to main.o(i.main) for main
    uldiv.o(.text) refers to llushr.o(.text) for __aeabi_llsr
    uldiv.o(.text) refers to llshl.o(.text) for __aeabi_llsl
    depilogue.o(.text) refers to llshl.o(.text) for __aeabi_llsl
    depilogue.o(.text) refers to llushr.o(.text) for __aeabi_llsr
    dfixul.o(.text) refers to llushr.o(.text) for __aeabi_llsr
    dfixul.o(.text) refers to llshl.o(.text) for __aeabi_llsl
    init.o(.text) refers to entry5.o(.ARM.Collect$$$$00000004) for __main_after_scatterload


==============================================================================

Removing Unused input sections from the image.

    Removing startup_mhscpu.o(HEAP), (8192 bytes).
    Removing system_mhscpu.o(.rev16_text), (4 bytes).
    Removing system_mhscpu.o(.revsh_text), (4 bytes).
    Removing system_mhscpu.o(i.SystemCoreClockUpdate), (16 bytes).
    Removing system_mhscpu.o(.data), (4 bytes).
    Removing mhscpu_gpio.o(.rev16_text), (4 bytes).
    Removing mhscpu_gpio.o(.revsh_text), (4 bytes).
    Removing mhscpu_gpio.o(i.GPIO_DeInit), (12 bytes).
    Removing mhscpu_gpio.o(i.GPIO_PullUpCmd), (140 bytes).
    Removing mhscpu_gpio.o(i.GPIO_ReadInputData), (14 bytes).
    Removing mhscpu_gpio.o(i.GPIO_ReadInputDataBit), (208 bytes).
    Removing mhscpu_gpio.o(i.GPIO_ReadOutputData), (8 bytes).
    Removing mhscpu_gpio.o(i.GPIO_ReadOutputDataBit), (208 bytes).
    Removing mhscpu_gpio.o(i.GPIO_StructInit), (14 bytes).
    Removing mhscpu_gpio.o(i.GPIO_WakeEvenConfig), (292 bytes).
    Removing mhscpu_gpio.o(i.GPIO_WakeEvenDeInit), (16 bytes).
    Removing mhscpu_gpio.o(i.GPIO_WakeModeConfig), (96 bytes).
    Removing mhscpu_gpio.o(i.GPIO_Write), (208 bytes).
    Removing mhscpu_gpio.o(i.GPIO_WriteBit), (220 bytes).
    Removing mhscpu_spi.o(.rev16_text), (4 bytes).
    Removing mhscpu_spi.o(.revsh_text), (4 bytes).
    Removing mhscpu_spi.o(i.NSM_Init), (592 bytes).
    Removing mhscpu_spi.o(i.NSM_StructInit), (32 bytes).
    Removing mhscpu_spi.o(i.SPI_BiDirectionalLineConfig), (96 bytes).
    Removing mhscpu_spi.o(i.SPI_ClearITPendingBit), (120 bytes).
    Removing mhscpu_spi.o(i.SPI_DMACmd), (108 bytes).
    Removing mhscpu_spi.o(i.SPI_DMAInit), (164 bytes).
    Removing mhscpu_spi.o(i.SPI_DMAStructInit), (18 bytes).
    Removing mhscpu_spi.o(i.SPI_DataSizeConfig), (84 bytes).
    Removing mhscpu_spi.o(i.SPI_DeInit), (12 bytes).
    Removing mhscpu_spi.o(i.SPI_GetFlagStatusReg), (6 bytes).
    Removing mhscpu_spi.o(i.SPI_GetITStatus), (104 bytes).
    Removing mhscpu_spi.o(i.SPI_ITConfig), (120 bytes).
    Removing mhscpu_spi.o(i.SPI_IsBusy), (20 bytes).
    Removing mhscpu_spi.o(i.SPI_IsDataCollisionErr), (20 bytes).
    Removing mhscpu_spi.o(i.SPI_IsTXErr), (20 bytes).
    Removing mhscpu_spi.o(i.SPI_StructInit), (30 bytes).
    Removing mhscpu_spi.o(i.SSP_Init), (456 bytes).
    Removing mhscpu_spi.o(i.SSP_StructInit), (24 bytes).
    Removing mhscpu_sysctrl.o(.rev16_text), (4 bytes).
    Removing mhscpu_sysctrl.o(.revsh_text), (4 bytes).
    Removing mhscpu_sysctrl.o(.emb_text), (24 bytes).
    Removing mhscpu_sysctrl.o(i.SYSCTRL_AHBPeriphClockCmd), (124 bytes).
    Removing mhscpu_sysctrl.o(i.SYSCTRL_AHBPeriphResetCmd), (148 bytes).
    Removing mhscpu_sysctrl.o(i.SYSCTRL_DMA_ChannelConfig), (328 bytes).
    Removing mhscpu_sysctrl.o(i.SYSCTRL_EnterSleep), (148 bytes).
    Removing mhscpu_sysctrl.o(i.SYSCTRL_GetWakeupFlag1Status), (20 bytes).
    Removing mhscpu_sysctrl.o(i.SYSCTRL_GetWakeupFlag2Status), (16 bytes).
    Removing mhscpu_sysctrl.o(i.SYSCTRL_SPI_Reset), (72 bytes).
    Removing mhscpu_sysctrl.o(i.SYSCTRL_UART_Reset), (48 bytes).
    Removing misc.o(.rev16_text), (4 bytes).
    Removing misc.o(.revsh_text), (4 bytes).
    Removing misc.o(i.NVIC_SetVectorTable), (112 bytes).
    Removing misc.o(i.SysTick_CLKSourceConfig), (104 bytes).
    Removing mhscpu_uart.o(.rev16_text), (4 bytes).
    Removing mhscpu_uart.o(.revsh_text), (4 bytes).
    Removing mhscpu_uart.o(i.UART_AutoFlowCtrlCmd), (22 bytes).
    Removing mhscpu_uart.o(i.UART_DMAGenerateSoftAck), (14 bytes).
    Removing mhscpu_uart.o(i.UART_DeInit), (12 bytes).
    Removing mhscpu_uart.o(i.UART_FIFOAccessModeCmd), (22 bytes).
    Removing mhscpu_uart.o(i.UART_FIFOCmd), (30 bytes).
    Removing mhscpu_uart.o(i.UART_FIFOInit), (124 bytes).
    Removing mhscpu_uart.o(i.UART_FIFOReset), (26 bytes).
    Removing mhscpu_uart.o(i.UART_FIFOStructInit), (20 bytes).
    Removing mhscpu_uart.o(i.UART_FIFOTxRead), (8 bytes).
    Removing mhscpu_uart.o(i.UART_GetITIdentity), (6 bytes).
    Removing mhscpu_uart.o(i.UART_GetLineStatus), (6 bytes).
    Removing mhscpu_uart.o(i.UART_GetModemStatus), (6 bytes).
    Removing mhscpu_uart.o(i.UART_IrDACmd), (96 bytes).
    Removing mhscpu_uart.o(i.UART_IsRXFIFOError), (18 bytes).
    Removing mhscpu_uart.o(i.UART_IsRXFIFOFull), (18 bytes).
    Removing mhscpu_uart.o(i.UART_IsRXFIFONotEmpty), (18 bytes).
    Removing mhscpu_uart.o(i.UART_IsRXFramingError), (18 bytes).
    Removing mhscpu_uart.o(i.UART_IsRXOverrunError), (18 bytes).
    Removing mhscpu_uart.o(i.UART_IsRXParityError), (18 bytes).
    Removing mhscpu_uart.o(i.UART_IsRXReceived), (18 bytes).
    Removing mhscpu_uart.o(i.UART_IsTXFIFOEmpty), (18 bytes).
    Removing mhscpu_uart.o(i.UART_IsTXFIFONotFull), (18 bytes).
    Removing mhscpu_uart.o(i.UART_IsTXFIFOTrigger), (18 bytes).
    Removing mhscpu_uart.o(i.UART_IsTXHoldingRegisterEmpty), (18 bytes).
    Removing mhscpu_uart.o(i.UART_IsUARTBusy), (18 bytes).
    Removing mhscpu_uart.o(i.UART_ResetDTR), (10 bytes).
    Removing mhscpu_uart.o(i.UART_ResetRTS), (10 bytes).
    Removing mhscpu_uart.o(i.UART_SendBreak), (14 bytes).
    Removing mhscpu_uart.o(i.UART_SetDTR), (10 bytes).
    Removing mhscpu_uart.o(i.UART_SetRTS), (10 bytes).
    Removing mhscpu_uart.o(i.UART_StructInit), (18 bytes).
    Removing mhscpu_uart.o(i.UART_TXHaltCmd), (30 bytes).
    Removing mhscpu_timer.o(.rev16_text), (4 bytes).
    Removing mhscpu_timer.o(.revsh_text), (4 bytes).
    Removing mhscpu_timer.o(i.TIM_GetAllITStatus), (8 bytes).
    Removing mhscpu_timer.o(i.TIM_GetAllRawITStatus), (8 bytes).
    Removing mhscpu_timer.o(i.TIM_GetITStatus), (26 bytes).
    Removing mhscpu_timer.o(i.TIM_GetRawITStatus), (22 bytes).
    Removing mhscpu_timer.o(i.TIM_ModeConfig), (132 bytes).
    Removing mhscpu_timer.o(i.TIM_PWMInit), (112 bytes).
    Removing mhscpu_timer.o(i.TIM_SetPWMPeriod), (20 bytes).
    Removing mhscpu_timer.o(i.TIM_SetPeriod), (10 bytes).
    Removing mhscpu_emv_hard.o(.rev16_text), (4 bytes).
    Removing mhscpu_emv_hard.o(.revsh_text), (4 bytes).
    Removing mhscpu_emv_hard.o(i.SCI1_IRQHandler), (10 bytes).
    Removing mhscpu_emv_hard.o(i.SCI_ConfigEMV), (192 bytes).
    Removing mhscpu_emv_hard.o(i.SCI_MatchBaudReg), (112 bytes).
    Removing mhscpu_emv_hard.o(i.check_dev), (48 bytes).
    Removing mhscpu_emv_hard.o(i.emv_disturb_interruption), (6 bytes).
    Removing mhscpu_emv_hard.o(i.emv_hard_cold_reset), (256 bytes).
    Removing mhscpu_emv_hard.o(i.emv_hard_config), (72 bytes).
    Removing mhscpu_emv_hard.o(i.emv_hard_detect), (44 bytes).
    Removing mhscpu_emv_hard.o(i.emv_hard_init), (4 bytes).
    Removing mhscpu_emv_hard.o(i.emv_hard_power_dump), (132 bytes).
    Removing mhscpu_emv_hard.o(i.emv_hard_power_pump), (192 bytes).
    Removing mhscpu_emv_hard.o(i.emv_hard_warm_reset), (256 bytes).
    Removing mhscpu_emv_hard.o(i.emv_hard_xmit), (244 bytes).
    Removing mhscpu_emv_hard.o(i.emv_sci_reset), (124 bytes).
    Removing mhscpu_emv_hard.o(i.isvalid_channel), (14 bytes).
    Removing mhscpu_emv_hard.o(i.select_slot), (32 bytes).
    Removing mhscpu_emv_hard.o(.data), (8 bytes).
    Removing gpio.o(.rev16_text), (4 bytes).
    Removing gpio.o(.revsh_text), (4 bytes).
    Removing gpio.o(i.led_success_off), (20 bytes).
    Removing gpio.o(i.led_success_on), (20 bytes).
    Removing gpio.o(i.pcd_powerdown), (20 bytes).
    Removing main.o(.rev16_text), (4 bytes).
    Removing main.o(.revsh_text), (4 bytes).
    Removing mhscpu_it.o(.rev16_text), (4 bytes).
    Removing mhscpu_it.o(.revsh_text), (4 bytes).
    Removing spi.o(.rev16_text), (4 bytes).
    Removing spi.o(.revsh_text), (4 bytes).
    Removing delay.o(.rev16_text), (4 bytes).
    Removing delay.o(.revsh_text), (4 bytes).
    Removing uart.o(.rev16_text), (4 bytes).
    Removing uart.o(.revsh_text), (4 bytes).
    Removing uart.o(i.UART0_GetChar), (28 bytes).
    Removing uart.o(i.UART0_GetString), (496 bytes).
    Removing uart.o(i.uart_IsSendFinish), (36 bytes).
    Removing uart.o(i.uart_RecvChar), (100 bytes).
    Removing uart.o(i.uart_RecvFlush), (56 bytes).
    Removing uart.o(i.uart_SendBuff), (26 bytes).
    Removing uart.o(i.uart_SendChar), (92 bytes).
    Removing uart.o(i.uart_SendCharPoll), (28 bytes).
    Removing uart.o(i.uart_getbytes), (12 bytes).
    Removing timer.o(.rev16_text), (4 bytes).
    Removing timer.o(.revsh_text), (4 bytes).
    Removing timer.o(i.is_timeout), (30 bytes).
    Removing 7816.o(.rev16_text), (4 bytes).
    Removing 7816.o(.revsh_text), (4 bytes).
    Removing 7816.o(i.ISO7816_Bspinit), (104 bytes).
    Removing 7816.o(i.tst_SCIColdReset), (496 bytes).
    Removing 7816.o(i.tst_SCIWarmReset), (644 bytes).
    Removing 7816.o(.bss), (1108 bytes).
    Removing iso14443_4.o(.rev16_text), (4 bytes).
    Removing iso14443_4.o(.revsh_text), (4 bytes).
    Removing iso14443_4.o(i.iso14443_4_deselect), (52 bytes).
    Removing iso14443_4.o(i.pcd_default_info), (40 bytes).
    Removing iso14443a.o(.rev16_text), (4 bytes).
    Removing iso14443a.o(.revsh_text), (4 bytes).
    Removing iso14443a.o(i.Send_RATS), (132 bytes).
    Removing iso14443a.o(i.pcd_hlta), (84 bytes).
    Removing iso14443a.o(i.pcd_pps_rate), (400 bytes).
    Removing iso14443b.o(.rev16_text), (4 bytes).
    Removing iso14443b.o(.revsh_text), (4 bytes).
    Removing iso14443b.o(i.completion_sr), (40 bytes).
    Removing iso14443b.o(i.get_idcard_num), (68 bytes).
    Removing iso14443b.o(i.pcd_attri_b), (124 bytes).
    Removing iso14443b.o(i.pcd_halt_b), (56 bytes).
    Removing iso14443b.o(i.pcd_request_b), (128 bytes).
    Removing iso14443b.o(i.pcd_slot_marker), (116 bytes).
    Removing iso14443b.o(i.protect_sr176), (52 bytes).
    Removing iso14443b.o(i.read_sr176), (80 bytes).
    Removing iso14443b.o(i.select_sr), (132 bytes).
    Removing iso14443b.o(i.write_sr176), (60 bytes).
    Removing iso14443b.o(.data), (1 bytes).
    Removing mh523.o(.rev16_text), (4 bytes).
    Removing mh523.o(.revsh_text), (4 bytes).
    Removing mh523.o(i.htonl), (36 bytes).
    Removing mh523.o(i.ntohl), (36 bytes).
    Removing mh523.o(i.pcd_lpcd_check), (46 bytes).
    Removing mh523.o(i.pcd_lpcd_config_start), (272 bytes).
    Removing mh523.o(i.pcd_lpcd_end), (12 bytes).
    Removing mh523.o(i.pcd_lpcd_start), (110 bytes).
    Removing mh523.o(i.pcd_set_rate), (304 bytes).
    Removing mh523.o(.data), (4 bytes).
    Removing mifare.o(.rev16_text), (4 bytes).
    Removing mifare.o(.revsh_text), (4 bytes).
    Removing mifare.o(i.pcd_write_ultralight), (132 bytes).
    Removing rfid.o(.rev16_text), (4 bytes).
    Removing rfid.o(.revsh_text), (4 bytes).
    Removing rfid.o(i.APDU_Exchange), (88 bytes).
    Removing rfid.o(i.com_complect_sr), (20 bytes).
    Removing rfid.o(i.com_exchange), (120 bytes).
    Removing rfid.o(i.com_get_idcard_num), (48 bytes).
    Removing rfid.o(i.com_halt_a), (10 bytes).
    Removing rfid.o(i.com_halt_b), (26 bytes).
    Removing rfid.o(i.com_mf0_read), (40 bytes).
    Removing rfid.o(i.com_mf0_write), (28 bytes).
    Removing rfid.o(i.com_mf1_read), (80 bytes).
    Removing rfid.o(i.com_mf1_write), (84 bytes).
    Removing rfid.o(i.com_multi_exchange_test), (100 bytes).
    Removing rfid.o(i.com_protect_sr176), (32 bytes).
    Removing rfid.o(i.com_reqa), (196 bytes).
    Removing rfid.o(i.com_reqb), (192 bytes).
    Removing rfid.o(i.com_select_sr), (24 bytes).
    Removing rfid.o(i.com_sr176_read), (36 bytes).
    Removing rfid.o(i.com_sr176_write), (32 bytes).
    Removing rfid.o(i.com_typea_rats), (68 bytes).
    Removing rfid.o(i.make_packet), (42 bytes).
    Removing rfid.o(i.rfid_init), (28 bytes).
    Removing rfid.o(i.rfid_operation), (248 bytes).
    Removing rfid.o(i.statistic_print), (168 bytes).
    Removing rfid.o(.bss), (136 bytes).
    Removing rfid.o(.data), (9 bytes).
    Removing packet.o(.rev16_text), (4 bytes).
    Removing packet.o(.revsh_text), (4 bytes).
    Removing packet.o(.data), (8 bytes).
    Removing emv_core.o(.text), (4084 bytes).
    Removing emv_queue.o(.text), (424 bytes).
    Removing emv_queue.o(.data), (8 bytes).
    Removing iso7816_3.o(.text), (1276 bytes).
    Removing iso7816_3.o(.bss), (336 bytes).
    Removing emv_fidi_table.o(.text), (96 bytes).
    Removing emv_fidi_table.o(.constdata), (128 bytes).
    Removing emv_patch.o(.text), (1668 bytes).
    Removing emv_patch.o(.constdata), (16 bytes).
    Removing dadd.o(.text), (334 bytes).
    Removing dmul.o(.text), (228 bytes).
    Removing ddiv.o(.text), (222 bytes).
    Removing dfltui.o(.text), (26 bytes).
    Removing dfixui.o(.text), (50 bytes).
    Removing depilogue.o(.text), (186 bytes).
    Removing dfixul.o(.text), (48 bytes).
    Removing cdrcmple.o(.text), (48 bytes).

231 unused section(s) (total 32670 bytes) removed from the image.

==============================================================================

Image Symbol Table

    Local Symbols

    Symbol Name                              Value     Ov Type        Size  Object(Section)

    ../clib/microlib/division.c              0x00000000   Number         0  uldiv.o ABSOLUTE
    ../clib/microlib/division.c              0x00000000   Number         0  uidiv.o ABSOLUTE
    ../clib/microlib/init/entry.s            0x00000000   Number         0  entry8a.o ABSOLUTE
    ../clib/microlib/init/entry.s            0x00000000   Number         0  entry9b.o ABSOLUTE
    ../clib/microlib/init/entry.s            0x00000000   Number         0  entry10b.o ABSOLUTE
    ../clib/microlib/init/entry.s            0x00000000   Number         0  entry5.o ABSOLUTE
    ../clib/microlib/init/entry.s            0x00000000   Number         0  entry7a.o ABSOLUTE
    ../clib/microlib/init/entry.s            0x00000000   Number         0  entry8b.o ABSOLUTE
    ../clib/microlib/init/entry.s            0x00000000   Number         0  entry7b.o ABSOLUTE
    ../clib/microlib/init/entry.s            0x00000000   Number         0  entry.o ABSOLUTE
    ../clib/microlib/init/entry.s            0x00000000   Number         0  entry10a.o ABSOLUTE
    ../clib/microlib/init/entry.s            0x00000000   Number         0  entry11b.o ABSOLUTE
    ../clib/microlib/init/entry.s            0x00000000   Number         0  entry11a.o ABSOLUTE
    ../clib/microlib/init/entry.s            0x00000000   Number         0  entry9a.o ABSOLUTE
    ../clib/microlib/init/entry.s            0x00000000   Number         0  entry2.o ABSOLUTE
    ../clib/microlib/longlong.c              0x00000000   Number         0  llushr.o ABSOLUTE
    ../clib/microlib/longlong.c              0x00000000   Number         0  llshl.o ABSOLUTE
    ../clib/microlib/longlong.c              0x00000000   Number         0  llsshr.o ABSOLUTE
    ../clib/microlib/printf/printf.c         0x00000000   Number         0  printf4.o ABSOLUTE
    ../clib/microlib/printf/printf.c         0x00000000   Number         0  printf2.o ABSOLUTE
    ../clib/microlib/printf/printf.c         0x00000000   Number         0  printf1.o ABSOLUTE
    ../clib/microlib/printf/printf.c         0x00000000   Number         0  printf0.o ABSOLUTE
    ../clib/microlib/printf/printf.c         0x00000000   Number         0  printfb.o ABSOLUTE
    ../clib/microlib/printf/printf.c         0x00000000   Number         0  printf7.o ABSOLUTE
    ../clib/microlib/printf/printf.c         0x00000000   Number         0  printf3.o ABSOLUTE
    ../clib/microlib/printf/printf.c         0x00000000   Number         0  printf6.o ABSOLUTE
    ../clib/microlib/printf/printf.c         0x00000000   Number         0  printf5.o ABSOLUTE
    ../clib/microlib/printf/printf.c         0x00000000   Number         0  printfa.o ABSOLUTE
    ../clib/microlib/printf/printf.c         0x00000000   Number         0  printf8.o ABSOLUTE
    ../clib/microlib/printf/stubs.s          0x00000000   Number         0  stubs.o ABSOLUTE
    ../clib/microlib/stdio/streams.c         0x00000000   Number         0  stdout.o ABSOLUTE
    ../clib/microlib/string/memcpy.c         0x00000000   Number         0  memmovea.o ABSOLUTE
    ../clib/microlib/string/memcpy.c         0x00000000   Number         0  memcpyb.o ABSOLUTE
    ../clib/microlib/string/memcpy.c         0x00000000   Number         0  memcpya.o ABSOLUTE
    ../clib/microlib/string/memcpy.c         0x00000000   Number         0  memmoveb.o ABSOLUTE
    ../clib/microlib/string/memset.c         0x00000000   Number         0  memseta.o ABSOLUTE
    ../clib/microlib/string/strcpy.c         0x00000000   Number         0  strcpy.o ABSOLUTE
    ../clib/microlib/stubs.s                 0x00000000   Number         0  iusefp.o ABSOLUTE
    ../fplib/microlib/fpadd.c                0x00000000   Number         0  dadd.o ABSOLUTE
    ../fplib/microlib/fpdiv.c                0x00000000   Number         0  ddiv.o ABSOLUTE
    ../fplib/microlib/fpepilogue.c           0x00000000   Number         0  depilogue.o ABSOLUTE
    ../fplib/microlib/fpfix.c                0x00000000   Number         0  dfixui.o ABSOLUTE
    ../fplib/microlib/fpfix.c                0x00000000   Number         0  dfixul.o ABSOLUTE
    ../fplib/microlib/fpflt.c                0x00000000   Number         0  dfltui.o ABSOLUTE
    ../fplib/microlib/fpmul.c                0x00000000   Number         0  dmul.o ABSOLUTE
    ..\..\User\emv_lib\emv_core.c            0x00000000   Number         0  emv_core.o ABSOLUTE
    ..\..\User\emv_lib\emv_fidi_table.c      0x00000000   Number         0  emv_fidi_table.o ABSOLUTE
    ..\..\User\emv_lib\emv_patch.c           0x00000000   Number         0  emv_patch.o ABSOLUTE
    ..\..\User\emv_lib\emv_queue.c           0x00000000   Number         0  emv_queue.o ABSOLUTE
    ..\..\User\emv_lib\iso7816_3.c           0x00000000   Number         0  iso7816_3.o ABSOLUTE
    ..\Libraries\Device\MegaHunt\mhscpu\Source\ARM\startup_mhscpu.s 0x00000000   Number         0  startup_mhscpu.o ABSOLUTE
    ..\Libraries\Device\MegaHunt\mhscpu\Source\system_mhscpu.c 0x00000000   Number         0  system_mhscpu.o ABSOLUTE
    ..\Libraries\MHSCPU_Driver\src\mhscpu_emv_hard.c 0x00000000   Number         0  mhscpu_emv_hard.o ABSOLUTE
    ..\Libraries\MHSCPU_Driver\src\mhscpu_gpio.c 0x00000000   Number         0  mhscpu_gpio.o ABSOLUTE
    ..\Libraries\MHSCPU_Driver\src\mhscpu_spi.c 0x00000000   Number         0  mhscpu_spi.o ABSOLUTE
    ..\Libraries\MHSCPU_Driver\src\mhscpu_sysctrl.c 0x00000000   Number         0  mhscpu_sysctrl.o ABSOLUTE
    ..\Libraries\MHSCPU_Driver\src\mhscpu_timer.c 0x00000000   Number         0  mhscpu_timer.o ABSOLUTE
    ..\Libraries\MHSCPU_Driver\src\mhscpu_uart.c 0x00000000   Number         0  mhscpu_uart.o ABSOLUTE
    ..\Libraries\MHSCPU_Driver\src\misc.c    0x00000000   Number         0  misc.o ABSOLUTE
    ..\User\1608c\iso14443_4.c               0x00000000   Number         0  iso14443_4.o ABSOLUTE
    ..\User\1608c\iso14443a.c                0x00000000   Number         0  iso14443a.o ABSOLUTE
    ..\User\1608c\iso14443b.c                0x00000000   Number         0  iso14443b.o ABSOLUTE
    ..\User\1608c\mh523.c                    0x00000000   Number         0  mh523.o ABSOLUTE
    ..\User\1608c\mifare.c                   0x00000000   Number         0  mifare.o ABSOLUTE
    ..\User\1608c\rfid.c                     0x00000000   Number         0  rfid.o ABSOLUTE
    ..\User\7816\7816.c                      0x00000000   Number         0  7816.o ABSOLUTE
    ..\User\Protocol\Packet.c                0x00000000   Number         0  packet.o ABSOLUTE
    ..\User\delay\delay.c                    0x00000000   Number         0  delay.o ABSOLUTE
    ..\User\gpio.c                           0x00000000   Number         0  gpio.o ABSOLUTE
    ..\User\main.c                           0x00000000   Number         0  main.o ABSOLUTE
    ..\User\mhscpu_it.c                      0x00000000   Number         0  mhscpu_it.o ABSOLUTE
    ..\User\spi.c                            0x00000000   Number         0  spi.o ABSOLUTE
    ..\User\time\timer.c                     0x00000000   Number         0  timer.o ABSOLUTE
    ..\User\uart\uart.c                      0x00000000   Number         0  uart.o ABSOLUTE
    ..\\Libraries\\Device\\MegaHunt\\mhscpu\\Source\\system_mhscpu.c 0x00000000   Number         0  system_mhscpu.o ABSOLUTE
    ..\\Libraries\\MHSCPU_Driver\\src\\mhscpu_emv_hard.c 0x00000000   Number         0  mhscpu_emv_hard.o ABSOLUTE
    ..\\Libraries\\MHSCPU_Driver\\src\\mhscpu_gpio.c 0x00000000   Number         0  mhscpu_gpio.o ABSOLUTE
    ..\\Libraries\\MHSCPU_Driver\\src\\mhscpu_spi.c 0x00000000   Number         0  mhscpu_spi.o ABSOLUTE
    ..\\Libraries\\MHSCPU_Driver\\src\\mhscpu_sysctrl.c 0x00000000   Number         0  mhscpu_sysctrl.o ABSOLUTE
    ..\\Libraries\\MHSCPU_Driver\\src\\mhscpu_timer.c 0x00000000   Number         0  mhscpu_timer.o ABSOLUTE
    ..\\Libraries\\MHSCPU_Driver\\src\\mhscpu_uart.c 0x00000000   Number         0  mhscpu_uart.o ABSOLUTE
    ..\\Libraries\\MHSCPU_Driver\\src\\misc.c 0x00000000   Number         0  misc.o ABSOLUTE
    ..\\User\\1608c\\iso14443_4.c            0x00000000   Number         0  iso14443_4.o ABSOLUTE
    ..\\User\\1608c\\iso14443a.c             0x00000000   Number         0  iso14443a.o ABSOLUTE
    ..\\User\\1608c\\iso14443b.c             0x00000000   Number         0  iso14443b.o ABSOLUTE
    ..\\User\\1608c\\mh523.c                 0x00000000   Number         0  mh523.o ABSOLUTE
    ..\\User\\1608c\\mifare.c                0x00000000   Number         0  mifare.o ABSOLUTE
    ..\\User\\1608c\\rfid.c                  0x00000000   Number         0  rfid.o ABSOLUTE
    ..\\User\\7816\\7816.c                   0x00000000   Number         0  7816.o ABSOLUTE
    ..\\User\\Protocol\\Packet.c             0x00000000   Number         0  packet.o ABSOLUTE
    ..\\User\\delay\\delay.c                 0x00000000   Number         0  delay.o ABSOLUTE
    ..\\User\\gpio.c                         0x00000000   Number         0  gpio.o ABSOLUTE
    ..\\User\\main.c                         0x00000000   Number         0  main.o ABSOLUTE
    ..\\User\\mhscpu_it.c                    0x00000000   Number         0  mhscpu_it.o ABSOLUTE
    ..\\User\\spi.c                          0x00000000   Number         0  spi.o ABSOLUTE
    ..\\User\\time\\timer.c                  0x00000000   Number         0  timer.o ABSOLUTE
    ..\\User\\uart\\uart.c                   0x00000000   Number         0  uart.o ABSOLUTE
    cdrcmple.s                               0x00000000   Number         0  cdrcmple.o ABSOLUTE
    dc.s                                     0x00000000   Number         0  dc.o ABSOLUTE
    handlers.s                               0x00000000   Number         0  handlers.o ABSOLUTE
    init.s                                   0x00000000   Number         0  init.o ABSOLUTE
    RESET                                    0x01001000   Section      180  startup_mhscpu.o(RESET)
    .ARM.Collect$$$$00000000                 0x010010b4   Section        0  entry.o(.ARM.Collect$$$$00000000)
    .ARM.Collect$$$$00000001                 0x010010b4   Section        4  entry2.o(.ARM.Collect$$$$00000001)
    .ARM.Collect$$$$00000004                 0x010010b8   Section        4  entry5.o(.ARM.Collect$$$$00000004)
    .ARM.Collect$$$$00000008                 0x010010bc   Section        0  entry7b.o(.ARM.Collect$$$$00000008)
    .ARM.Collect$$$$0000000A                 0x010010bc   Section        0  entry8b.o(.ARM.Collect$$$$0000000A)
    .ARM.Collect$$$$0000000B                 0x010010bc   Section        8  entry9a.o(.ARM.Collect$$$$0000000B)
    .ARM.Collect$$$$0000000D                 0x010010c4   Section        0  entry10a.o(.ARM.Collect$$$$0000000D)
    .ARM.Collect$$$$0000000F                 0x010010c4   Section        0  entry11a.o(.ARM.Collect$$$$0000000F)
    .ARM.Collect$$$$00002712                 0x010010c4   Section        4  entry2.o(.ARM.Collect$$$$00002712)
    __lit__00000000                          0x010010c4   Data           4  entry2.o(.ARM.Collect$$$$00002712)
    .emb_text                                0x010010c8   Section       24  delay.o(.emb_text)
    .text                                    0x010010e0   Section       56  startup_mhscpu.o(.text)
    .text                                    0x01001118   Section        0  memmovea.o(.text)
    .text                                    0x01001158   Section        0  memseta.o(.text)
    .text                                    0x0100117c   Section        0  uldiv.o(.text)
    .text                                    0x010011de   Section        0  llshl.o(.text)
    .text                                    0x010011fc   Section        0  llushr.o(.text)
    .text                                    0x0100121c   Section       36  init.o(.text)
    i.BusFault_Handler                       0x01001240   Section        0  mhscpu_it.o(i.BusFault_Handler)
    i.CPU_Contact_AnalyzeReceivePacket       0x01001244   Section        0  packet.o(i.CPU_Contact_AnalyzeReceivePacket)
    i.CPU_Proximity_AnalyzeReceivePacket     0x01001328   Section        0  packet.o(i.CPU_Proximity_AnalyzeReceivePacket)
    i.DebugMon_Handler                       0x010013bc   Section        0  mhscpu_it.o(i.DebugMon_Handler)
    i.FLUSH_QUEUE                            0x010013d8   Section        0  mhscpu_emv_hard.o(i.FLUSH_QUEUE)
    FLUSH_QUEUE                              0x010013d9   Thumb Code    64  mhscpu_emv_hard.o(i.FLUSH_QUEUE)
    i.GPIO_GetGPIONum                        0x0100141c   Section        0  mhscpu_gpio.o(i.GPIO_GetGPIONum)
    GPIO_GetGPIONum                          0x0100141d   Thumb Code    82  mhscpu_gpio.o(i.GPIO_GetGPIONum)
    i.GPIO_Init                              0x010014a8   Section        0  mhscpu_gpio.o(i.GPIO_Init)
    i.GPIO_PinRemapConfig                    0x01001624   Section        0  mhscpu_gpio.o(i.GPIO_PinRemapConfig)
    i.GPIO_ResetBits                         0x01001754   Section        0  mhscpu_gpio.o(i.GPIO_ResetBits)
    i.GPIO_SetBits                           0x0100185c   Section        0  mhscpu_gpio.o(i.GPIO_SetBits)
    i.HardFault_Handler                      0x01001960   Section        0  mhscpu_it.o(i.HardFault_Handler)
    i.ISO14443_4_HalfDuplexExchange          0x01001964   Section        0  iso14443_4.o(i.ISO14443_4_HalfDuplexExchange)
    i.M1_AnalyzeReceivePacket                0x01001dfc   Section        0  packet.o(i.M1_AnalyzeReceivePacket)
    i.MemManage_Handler                      0x010021cc   Section        0  mhscpu_it.o(i.MemManage_Handler)
    i.NMI_Handler                            0x010021d0   Section        0  mhscpu_it.o(i.NMI_Handler)
    i.NVIC_Configuration                     0x010021d4   Section        0  main.o(i.NVIC_Configuration)
    i.NVIC_Init                              0x01002210   Section        0  misc.o(i.NVIC_Init)
    i.PendSV_Handler                         0x01002348   Section        0  mhscpu_it.o(i.PendSV_Handler)
    i.SCI0_IRQHandler                        0x0100234a   Section        0  mhscpu_emv_hard.o(i.SCI0_IRQHandler)
    i.SCIx_IRQHandler                        0x01002354   Section        0  mhscpu_emv_hard.o(i.SCIx_IRQHandler)
    SCIx_IRQHandler                          0x01002355   Thumb Code  1056  mhscpu_emv_hard.o(i.SCIx_IRQHandler)
    i.SET_ERR                                0x01002774   Section        0  mhscpu_emv_hard.o(i.SET_ERR)
    SET_ERR                                  0x01002775   Thumb Code    94  mhscpu_emv_hard.o(i.SET_ERR)
    i.SPI_Cmd                                0x010027d8   Section        0  mhscpu_spi.o(i.SPI_Cmd)
    i.SPI_GetFlagStatus                      0x01002828   Section        0  mhscpu_spi.o(i.SPI_GetFlagStatus)
    i.SPI_Init                               0x0100288c   Section        0  mhscpu_spi.o(i.SPI_Init)
    i.SPI_MasterSlaveModeSet                 0x01002a70   Section        0  mhscpu_spi.o(i.SPI_MasterSlaveModeSet)
    i.SPI_ReceiveData                        0x01002a7c   Section        0  mhscpu_spi.o(i.SPI_ReceiveData)
    i.SPI_SendData                           0x01002a84   Section        0  mhscpu_spi.o(i.SPI_SendData)
    i.SVC_Handler                            0x01002a88   Section        0  mhscpu_it.o(i.SVC_Handler)
    i.SYSCTRL_APBPeriphClockCmd              0x01002a8c   Section        0  mhscpu_sysctrl.o(i.SYSCTRL_APBPeriphClockCmd)
    i.SYSCTRL_APBPeriphResetCmd              0x01002b08   Section        0  mhscpu_sysctrl.o(i.SYSCTRL_APBPeriphResetCmd)
    i.SYSCTRL_GetClocksFreq                  0x01002b84   Section        0  mhscpu_sysctrl.o(i.SYSCTRL_GetClocksFreq)
    i.SYSCTRL_HCLKConfig                     0x01002bc8   Section        0  mhscpu_sysctrl.o(i.SYSCTRL_HCLKConfig)
    i.SYSCTRL_PCLKConfig                     0x01002c80   Section        0  mhscpu_sysctrl.o(i.SYSCTRL_PCLKConfig)
    i.SYSCTRL_PLLConfig                      0x01002d04   Section        0  mhscpu_sysctrl.o(i.SYSCTRL_PLLConfig)
    i.SYSCTRL_SPI_MasterSlaveModeSet         0x01002d8c   Section        0  mhscpu_sysctrl.o(i.SYSCTRL_SPI_MasterSlaveModeSet)
    i.SYSCTRL_SYSCLKSourceSelect             0x01002dec   Section        0  mhscpu_sysctrl.o(i.SYSCTRL_SYSCLKSourceSelect)
    i.SendPacket                             0x01002e60   Section        0  packet.o(i.SendPacket)
    i.SystemInit                             0x01003016   Section        0  system_mhscpu.o(i.SystemInit)
    i.TIM0_1_IRQHandler                      0x0100302c   Section        0  timer.o(i.TIM0_1_IRQHandler)
    i.TIM_ClearITPendingBit                  0x0100304c   Section        0  mhscpu_timer.o(i.TIM_ClearITPendingBit)
    i.TIM_Cmd                                0x0100305c   Section        0  mhscpu_timer.o(i.TIM_Cmd)
    i.TIM_DeInit                             0x010030dc   Section        0  mhscpu_timer.o(i.TIM_DeInit)
    i.TIM_ITConfig                           0x010030f4   Section        0  mhscpu_timer.o(i.TIM_ITConfig)
    i.TIM_Init                               0x01003174   Section        0  mhscpu_timer.o(i.TIM_Init)
    i.UART0_IRQHandler                       0x010031d8   Section        0  uart.o(i.UART0_IRQHandler)
    i.UART0_SendByte                         0x010033a0   Section        0  uart.o(i.UART0_SendByte)
    i.UART_ITConfig                          0x010033c0   Section        0  mhscpu_uart.o(i.UART_ITConfig)
    i.UART_Init                              0x010033d4   Section        0  mhscpu_uart.o(i.UART_Init)
    i.UART_IsTXEmpty                         0x010034bc   Section        0  mhscpu_uart.o(i.UART_IsTXEmpty)
    i.UART_ReceiveData                       0x010034ce   Section        0  mhscpu_uart.o(i.UART_ReceiveData)
    i.UART_SendData                          0x010034d6   Section        0  mhscpu_uart.o(i.UART_SendData)
    i.UsageFault_Handler                     0x010034dc   Section        0  mhscpu_it.o(i.UsageFault_Handler)
    i.__0printf$8                            0x010034e0   Section        0  printf8.o(i.__0printf$8)
    i.__scatterload_copy                     0x01003500   Section       14  handlers.o(i.__scatterload_copy)
    i.__scatterload_null                     0x0100350e   Section        2  handlers.o(i.__scatterload_null)
    i.__scatterload_zeroinit                 0x01003510   Section       14  handlers.o(i.__scatterload_zeroinit)
    i._printf_core                           0x01003520   Section        0  printf8.o(i._printf_core)
    _printf_core                             0x01003521   Thumb Code   996  printf8.o(i._printf_core)
    i._printf_post_padding                   0x01003930   Section        0  printf8.o(i._printf_post_padding)
    _printf_post_padding                     0x01003931   Thumb Code    36  printf8.o(i._printf_post_padding)
    i._printf_pre_padding                    0x01003954   Section        0  printf8.o(i._printf_pre_padding)
    _printf_pre_padding                      0x01003955   Thumb Code    46  printf8.o(i._printf_pre_padding)
    i.assert_failed                          0x01003982   Section        0  main.o(i.assert_failed)
    i.clear_bit_mask                         0x01003986   Section        0  mh523.o(i.clear_bit_mask)
    i.complete_Packet                        0x010039a0   Section        0  uart.o(i.complete_Packet)
    i.delayms                                0x01003aae   Section        0  delay.o(i.delayms)
    i.fputc                                  0x01003acc   Section        0  uart.o(i.fputc)
    i.get_diff_tick                          0x01003afc   Section        0  timer.o(i.get_diff_tick)
    i.get_tick                               0x01003b0c   Section        0  timer.o(i.get_tick)
    i.gpio_config                            0x01003b18   Section        0  gpio.o(i.gpio_config)
    i.init_timer0                            0x01003b98   Section        0  timer.o(i.init_timer0)
    i.main                                   0x01003bf0   Section        0  main.o(i.main)
    i.mdelay                                 0x01003cd0   Section        0  timer.o(i.mdelay)
    i.pcd_antenna_off                        0x01003cee   Section        0  mh523.o(i.pcd_antenna_off)
    i.pcd_antenna_on                         0x01003d04   Section        0  mh523.o(i.pcd_antenna_on)
    i.pcd_auth_state                         0x01003d1c   Section        0  mifare.o(i.pcd_auth_state)
    i.pcd_cascaded_anticoll                  0x01003d90   Section        0  iso14443a.o(i.pcd_cascaded_anticoll)
    i.pcd_cascaded_select                    0x01003ffc   Section        0  iso14443a.o(i.pcd_cascaded_select)
    i.pcd_com_transceive                     0x0100408c   Section        0  mh523.o(i.pcd_com_transceive)
    i.pcd_config                             0x010044c8   Section        0  mh523.o(i.pcd_config)
    i.pcd_delay_sfgi                         0x010046e8   Section        0  mh523.o(i.pcd_delay_sfgi)
    i.pcd_init                               0x01004760   Section        0  mh523.o(i.pcd_init)
    i.pcd_poweron                            0x01004780   Section        0  gpio.o(i.pcd_poweron)
    i.pcd_rats_a                             0x010047a0   Section        0  iso14443a.o(i.pcd_rats_a)
    i.pcd_read                               0x01004978   Section        0  mifare.o(i.pcd_read)
    i.pcd_request                            0x010049e0   Section        0  iso14443a.o(i.pcd_request)
    i.pcd_reset                              0x01004a58   Section        0  mh523.o(i.pcd_reset)
    i.pcd_set_tmo                            0x01004a64   Section        0  mh523.o(i.pcd_set_tmo)
    i.pcd_write                              0x01004a94   Section        0  mifare.o(i.pcd_write)
    i.protocolflag_init                      0x01004b6c   Section        0  uart.o(i.protocolflag_init)
    i.read_reg                               0x01004b80   Section        0  mh523.o(i.read_reg)
    i.set_bit_mask                           0x01004bb4   Section        0  mh523.o(i.set_bit_mask)
    i.spi_config                             0x01004bd0   Section        0  spi.o(i.spi_config)
    i.spi_read_byte                          0x01004c20   Section        0  spi.o(i.spi_read_byte)
    i.spi_write_byte                         0x01004c58   Section        0  spi.o(i.spi_write_byte)
    i.uart_Config                            0x01004c94   Section        0  uart.o(i.uart_Config)
    i.write_reg                              0x01004cf0   Section        0  mh523.o(i.write_reg)
    .constdata                               0x01004d24   Section       16  mhscpu_gpio.o(.constdata)
    .constdata                               0x01004d34   Section       15  mhscpu_emv_hard.o(.constdata)
    aSCI_BaseTable                           0x01004d34   Data          12  mhscpu_emv_hard.o(.constdata)
    aSCI_CG_Table                            0x01004d40   Data           3  mhscpu_emv_hard.o(.constdata)
    .data                                    0x20000000   Section        8  mhscpu_gpio.o(.data)
    GPIO_OD_Mark                             0x20000000   Data           8  mhscpu_gpio.o(.data)
    .data                                    0x20000008   Section        4  gpio.o(.data)
    LED_GPIOx                                0x20000008   Data           4  gpio.o(.data)
    .data                                    0x2000000c   Section        4  spi.o(.data)
    NFC_SPI                                  0x2000000c   Data           4  spi.o(.data)
    .data                                    0x20000010   Section        2  uart.o(.data)
    bits                                     0x20000011   Data           1  uart.o(.data)
    .data                                    0x20000014   Section        4  timer.o(.data)
    .data                                    0x20000018   Section       36  iso14443a.o(.data)
    .data                                    0x2000003c   Section        4  stdout.o(.data)
    .bss                                     0x20000040   Section     1680  mhscpu_emv_hard.o(.bss)
    aEMV_Param                               0x20000670   Data          96  mhscpu_emv_hard.o(.bss)
    .bss                                     0x200006d0   Section     4068  main.o(.bss)
    .bss                                     0x200016b4   Section      564  uart.o(.bss)
    .bss                                     0x200018e8   Section       32  iso14443_4.o(.bss)
    .bss                                     0x20001908   Section      260  mh523.o(.bss)
    STACK                                    0x20001a10   Section    16384  startup_mhscpu.o(STACK)

    Global Symbols

    Symbol Name                              Value     Ov Type        Size  Object(Section)

    BuildAttributes$$THM_ISAv4$P$D$K$B$S$PE$A:L22UL41UL21$X:L11$S22US41US21$IEEE1$IW$USESV6$~STKCKD$USESV7$ENUMINT$~SHL$OSPACE$ROPI$EBA8$MICROLIB$REQ8$PRES8$EABIv2 0x00000000   Number         0  anon$$obj.o ABSOLUTE
    __ARM_use_no_argv                        0x00000000   Number         0  main.o ABSOLUTE
    _printf_a                                0x00000000   Number         0  stubs.o ABSOLUTE
    _printf_c                                0x00000000   Number         0  stubs.o ABSOLUTE
    _printf_charcount                        0x00000000   Number         0  stubs.o ABSOLUTE
    _printf_d                                0x00000000   Number         0  stubs.o ABSOLUTE
    _printf_e                                0x00000000   Number         0  stubs.o ABSOLUTE
    _printf_f                                0x00000000   Number         0  stubs.o ABSOLUTE
    _printf_flags                            0x00000000   Number         0  stubs.o ABSOLUTE
    _printf_fp_dec                           0x00000000   Number         0  stubs.o ABSOLUTE
    _printf_fp_hex                           0x00000000   Number         0  stubs.o ABSOLUTE
    _printf_g                                0x00000000   Number         0  stubs.o ABSOLUTE
    _printf_i                                0x00000000   Number         0  stubs.o ABSOLUTE
    _printf_int_dec                          0x00000000   Number         0  stubs.o ABSOLUTE
    _printf_l                                0x00000000   Number         0  stubs.o ABSOLUTE
    _printf_lc                               0x00000000   Number         0  stubs.o ABSOLUTE
    _printf_ll                               0x00000000   Number         0  stubs.o ABSOLUTE
    _printf_lld                              0x00000000   Number         0  stubs.o ABSOLUTE
    _printf_lli                              0x00000000   Number         0  stubs.o ABSOLUTE
    _printf_llo                              0x00000000   Number         0  stubs.o ABSOLUTE
    _printf_llu                              0x00000000   Number         0  stubs.o ABSOLUTE
    _printf_llx                              0x00000000   Number         0  stubs.o ABSOLUTE
    _printf_longlong_dec                     0x00000000   Number         0  stubs.o ABSOLUTE
    _printf_longlong_hex                     0x00000000   Number         0  stubs.o ABSOLUTE
    _printf_longlong_oct                     0x00000000   Number         0  stubs.o ABSOLUTE
    _printf_ls                               0x00000000   Number         0  stubs.o ABSOLUTE
    _printf_mbtowc                           0x00000000   Number         0  stubs.o ABSOLUTE
    _printf_n                                0x00000000   Number         0  stubs.o ABSOLUTE
    _printf_o                                0x00000000   Number         0  stubs.o ABSOLUTE
    _printf_p                                0x00000000   Number         0  stubs.o ABSOLUTE
    _printf_percent                          0x00000000   Number         0  stubs.o ABSOLUTE
    _printf_pre_padding                      0x00000000   Number         0  stubs.o ABSOLUTE
    _printf_return_value                     0x00000000   Number         0  stubs.o ABSOLUTE
    _printf_s                                0x00000000   Number         0  stubs.o ABSOLUTE
    _printf_sizespec                         0x00000000   Number         0  stubs.o ABSOLUTE
    _printf_str                              0x00000000   Number         0  stubs.o ABSOLUTE
    _printf_truncate_signed                  0x00000000   Number         0  stubs.o ABSOLUTE
    _printf_truncate_unsigned                0x00000000   Number         0  stubs.o ABSOLUTE
    _printf_u                                0x00000000   Number         0  stubs.o ABSOLUTE
    _printf_wc                               0x00000000   Number         0  stubs.o ABSOLUTE
    _printf_wctomb                           0x00000000   Number         0  stubs.o ABSOLUTE
    _printf_widthprec                        0x00000000   Number         0  stubs.o ABSOLUTE
    _printf_x                                0x00000000   Number         0  stubs.o ABSOLUTE
    __cpp_initialize__aeabi_                  - Undefined Weak Reference
    __cxa_finalize                            - Undefined Weak Reference
    __decompress                              - Undefined Weak Reference
    _clock_init                               - Undefined Weak Reference
    _microlib_exit                            - Undefined Weak Reference
    __Vectors_Size                           0x000000b4   Number         0  startup_mhscpu.o ABSOLUTE
    __Vectors                                0x01001000   Data           4  startup_mhscpu.o(RESET)
    __Vectors_End                            0x010010b4   Data           0  startup_mhscpu.o(RESET)
    __main                                   0x010010b5   Thumb Code     0  entry.o(.ARM.Collect$$$$00000000)
    _main_stk                                0x010010b5   Thumb Code     0  entry2.o(.ARM.Collect$$$$00000001)
    _main_scatterload                        0x010010b9   Thumb Code     0  entry5.o(.ARM.Collect$$$$00000004)
    __main_after_scatterload                 0x010010bd   Thumb Code     0  entry5.o(.ARM.Collect$$$$00000004)
    _main_clock                              0x010010bd   Thumb Code     0  entry7b.o(.ARM.Collect$$$$00000008)
    _main_cpp_init                           0x010010bd   Thumb Code     0  entry8b.o(.ARM.Collect$$$$0000000A)
    _main_init                               0x010010bd   Thumb Code     0  entry9a.o(.ARM.Collect$$$$0000000B)
    __rt_final_cpp                           0x010010c5   Thumb Code     0  entry10a.o(.ARM.Collect$$$$0000000D)
    __rt_final_exit                          0x010010c5   Thumb Code     0  entry11a.o(.ARM.Collect$$$$0000000F)
    delayus                                  0x010010c9   Thumb Code    24  delay.o(.emb_text)
    Reset_Handler                            0x010010e1   Thumb Code    18  startup_mhscpu.o(.text)
    SysTick_Handler                          0x01001105   Thumb Code     2  startup_mhscpu.o(.text)
    ADC0_IRQHandler                          0x01001107   Thumb Code     0  startup_mhscpu.o(.text)
    CRYPT0_IRQHandler                        0x01001107   Thumb Code     0  startup_mhscpu.o(.text)
    DCMI_IRQHandler                          0x01001107   Thumb Code     0  startup_mhscpu.o(.text)
    DMA0_IRQHandler                          0x01001107   Thumb Code     0  startup_mhscpu.o(.text)
    EXTI0_IRQHandler                         0x01001107   Thumb Code     0  startup_mhscpu.o(.text)
    EXTI1_IRQHandler                         0x01001107   Thumb Code     0  startup_mhscpu.o(.text)
    EXTI2_IRQHandler                         0x01001107   Thumb Code     0  startup_mhscpu.o(.text)
    EXTI3_IRQHandler                         0x01001107   Thumb Code     0  startup_mhscpu.o(.text)
    IMG_COP_IRQHandler                       0x01001107   Thumb Code     0  startup_mhscpu.o(.text)
    LCD_IRQHandler                           0x01001107   Thumb Code     0  startup_mhscpu.o(.text)
    MSR_IRQHandler                           0x01001107   Thumb Code     0  startup_mhscpu.o(.text)
    RTC_IRQHandler                           0x01001107   Thumb Code     0  startup_mhscpu.o(.text)
    SENSOR_IRQHandler                        0x01001107   Thumb Code     0  startup_mhscpu.o(.text)
    SPI0_IRQHandler                          0x01001107   Thumb Code     0  startup_mhscpu.o(.text)
    SPI1_IRQHandler                          0x01001107   Thumb Code     0  startup_mhscpu.o(.text)
    SPI2_IRQHandler                          0x01001107   Thumb Code     0  startup_mhscpu.o(.text)
    SSC_IRQHandler                           0x01001107   Thumb Code     0  startup_mhscpu.o(.text)
    TIM0_0_IRQHandler                        0x01001107   Thumb Code     0  startup_mhscpu.o(.text)
    TIM0_2_IRQHandler                        0x01001107   Thumb Code     0  startup_mhscpu.o(.text)
    TIM0_3_IRQHandler                        0x01001107   Thumb Code     0  startup_mhscpu.o(.text)
    TIM0_4_IRQHandler                        0x01001107   Thumb Code     0  startup_mhscpu.o(.text)
    TIM0_5_IRQHandler                        0x01001107   Thumb Code     0  startup_mhscpu.o(.text)
    TRNG_IRQHandler                          0x01001107   Thumb Code     0  startup_mhscpu.o(.text)
    UART1_IRQHandler                         0x01001107   Thumb Code     0  startup_mhscpu.o(.text)
    USBDMA_IRQHandler                        0x01001107   Thumb Code     0  startup_mhscpu.o(.text)
    USB_IRQHandler                           0x01001107   Thumb Code     0  startup_mhscpu.o(.text)
    ___aeabi_memcpy8$move                    0x01001119   Thumb Code     0  memmovea.o(.text)
    __aeabi_memcpy                           0x01001119   Thumb Code    64  memmovea.o(.text)
    __aeabi_memcpy4                          0x01001119   Thumb Code     0  memmovea.o(.text)
    __aeabi_memmove                          0x01001119   Thumb Code     0  memmovea.o(.text)
    __aeabi_memmove4                         0x01001119   Thumb Code     0  memmovea.o(.text)
    __aeabi_memmove8                         0x01001119   Thumb Code     0  memmovea.o(.text)
    __aeabi_memset                           0x01001159   Thumb Code    14  memseta.o(.text)
    __aeabi_memset4                          0x01001159   Thumb Code     0  memseta.o(.text)
    __aeabi_memset8                          0x01001159   Thumb Code     0  memseta.o(.text)
    __aeabi_memclr                           0x01001167   Thumb Code     4  memseta.o(.text)
    __aeabi_memclr4                          0x01001167   Thumb Code     0  memseta.o(.text)
    __aeabi_memclr8                          0x01001167   Thumb Code     0  memseta.o(.text)
    _memset$wrapper                          0x0100116b   Thumb Code    18  memseta.o(.text)
    __aeabi_uldivmod                         0x0100117d   Thumb Code    98  uldiv.o(.text)
    __aeabi_llsl                             0x010011df   Thumb Code    30  llshl.o(.text)
    _ll_shift_l                              0x010011df   Thumb Code     0  llshl.o(.text)
    __aeabi_llsr                             0x010011fd   Thumb Code    32  llushr.o(.text)
    _ll_ushift_r                             0x010011fd   Thumb Code     0  llushr.o(.text)
    __scatterload                            0x0100121d   Thumb Code    28  init.o(.text)
    __scatterload_rt2                        0x0100121d   Thumb Code     0  init.o(.text)
    BusFault_Handler                         0x01001241   Thumb Code     4  mhscpu_it.o(i.BusFault_Handler)
    CPU_Contact_AnalyzeReceivePacket         0x01001245   Thumb Code   212  packet.o(i.CPU_Contact_AnalyzeReceivePacket)
    CPU_Proximity_AnalyzeReceivePacket       0x01001329   Thumb Code   136  packet.o(i.CPU_Proximity_AnalyzeReceivePacket)
    DebugMon_Handler                         0x010013bd   Thumb Code    10  mhscpu_it.o(i.DebugMon_Handler)
    GPIO_Init                                0x010014a9   Thumb Code   324  mhscpu_gpio.o(i.GPIO_Init)
    GPIO_PinRemapConfig                      0x01001625   Thumb Code   248  mhscpu_gpio.o(i.GPIO_PinRemapConfig)
    GPIO_ResetBits                           0x01001755   Thumb Code   208  mhscpu_gpio.o(i.GPIO_ResetBits)
    GPIO_SetBits                             0x0100185d   Thumb Code   202  mhscpu_gpio.o(i.GPIO_SetBits)
    HardFault_Handler                        0x01001961   Thumb Code     4  mhscpu_it.o(i.HardFault_Handler)
    ISO14443_4_HalfDuplexExchange            0x01001965   Thumb Code  1174  iso14443_4.o(i.ISO14443_4_HalfDuplexExchange)
    M1_AnalyzeReceivePacket                  0x01001dfd   Thumb Code   968  packet.o(i.M1_AnalyzeReceivePacket)
    MemManage_Handler                        0x010021cd   Thumb Code     4  mhscpu_it.o(i.MemManage_Handler)
    NMI_Handler                              0x010021d1   Thumb Code     2  mhscpu_it.o(i.NMI_Handler)
    NVIC_Configuration                       0x010021d5   Thumb Code    52  main.o(i.NVIC_Configuration)
    NVIC_Init                                0x01002211   Thumb Code   258  misc.o(i.NVIC_Init)
    PendSV_Handler                           0x01002349   Thumb Code     2  mhscpu_it.o(i.PendSV_Handler)
    SCI0_IRQHandler                          0x0100234b   Thumb Code    10  mhscpu_emv_hard.o(i.SCI0_IRQHandler)
    SPI_Cmd                                  0x010027d9   Thumb Code    36  mhscpu_spi.o(i.SPI_Cmd)
    SPI_GetFlagStatus                        0x01002829   Thumb Code    54  mhscpu_spi.o(i.SPI_GetFlagStatus)
    SPI_Init                                 0x0100288d   Thumb Code   440  mhscpu_spi.o(i.SPI_Init)
    SPI_MasterSlaveModeSet                   0x01002a71   Thumb Code    12  mhscpu_spi.o(i.SPI_MasterSlaveModeSet)
    SPI_ReceiveData                          0x01002a7d   Thumb Code     8  mhscpu_spi.o(i.SPI_ReceiveData)
    SPI_SendData                             0x01002a85   Thumb Code     4  mhscpu_spi.o(i.SPI_SendData)
    SVC_Handler                              0x01002a89   Thumb Code     2  mhscpu_it.o(i.SVC_Handler)
    SYSCTRL_APBPeriphClockCmd                0x01002a8d   Thumb Code    66  mhscpu_sysctrl.o(i.SYSCTRL_APBPeriphClockCmd)
    SYSCTRL_APBPeriphResetCmd                0x01002b09   Thumb Code    66  mhscpu_sysctrl.o(i.SYSCTRL_APBPeriphResetCmd)
    SYSCTRL_GetClocksFreq                    0x01002b85   Thumb Code    54  mhscpu_sysctrl.o(i.SYSCTRL_GetClocksFreq)
    SYSCTRL_HCLKConfig                       0x01002bc9   Thumb Code   130  mhscpu_sysctrl.o(i.SYSCTRL_HCLKConfig)
    SYSCTRL_PCLKConfig                       0x01002c81   Thumb Code    78  mhscpu_sysctrl.o(i.SYSCTRL_PCLKConfig)
    SYSCTRL_PLLConfig                        0x01002d05   Thumb Code    82  mhscpu_sysctrl.o(i.SYSCTRL_PLLConfig)
    SYSCTRL_SPI_MasterSlaveModeSet           0x01002d8d   Thumb Code    86  mhscpu_sysctrl.o(i.SYSCTRL_SPI_MasterSlaveModeSet)
    SYSCTRL_SYSCLKSourceSelect               0x01002ded   Thumb Code    62  mhscpu_sysctrl.o(i.SYSCTRL_SYSCLKSourceSelect)
    SendPacket                               0x01002e61   Thumb Code   438  packet.o(i.SendPacket)
    SystemInit                               0x01003017   Thumb Code    22  system_mhscpu.o(i.SystemInit)
    TIM0_1_IRQHandler                        0x0100302d   Thumb Code    22  timer.o(i.TIM0_1_IRQHandler)
    TIM_ClearITPendingBit                    0x0100304d   Thumb Code    16  mhscpu_timer.o(i.TIM_ClearITPendingBit)
    TIM_Cmd                                  0x0100305d   Thumb Code    78  mhscpu_timer.o(i.TIM_Cmd)
    TIM_DeInit                               0x010030dd   Thumb Code    20  mhscpu_timer.o(i.TIM_DeInit)
    TIM_ITConfig                             0x010030f5   Thumb Code    78  mhscpu_timer.o(i.TIM_ITConfig)
    TIM_Init                                 0x01003175   Thumb Code   100  mhscpu_timer.o(i.TIM_Init)
    UART0_IRQHandler                         0x010031d9   Thumb Code   436  uart.o(i.UART0_IRQHandler)
    UART0_SendByte                           0x010033a1   Thumb Code    26  uart.o(i.UART0_SendByte)
    UART_ITConfig                            0x010033c1   Thumb Code    18  mhscpu_uart.o(i.UART_ITConfig)
    UART_Init                                0x010033d5   Thumb Code   180  mhscpu_uart.o(i.UART_Init)
    UART_IsTXEmpty                           0x010034bd   Thumb Code    18  mhscpu_uart.o(i.UART_IsTXEmpty)
    UART_ReceiveData                         0x010034cf   Thumb Code     8  mhscpu_uart.o(i.UART_ReceiveData)
    UART_SendData                            0x010034d7   Thumb Code     6  mhscpu_uart.o(i.UART_SendData)
    UsageFault_Handler                       0x010034dd   Thumb Code     4  mhscpu_it.o(i.UsageFault_Handler)
    __0printf$8                              0x010034e1   Thumb Code    22  printf8.o(i.__0printf$8)
    __1printf$8                              0x010034e1   Thumb Code     0  printf8.o(i.__0printf$8)
    __2printf                                0x010034e1   Thumb Code     0  printf8.o(i.__0printf$8)
    __scatterload_copy                       0x01003501   Thumb Code    14  handlers.o(i.__scatterload_copy)
    __scatterload_null                       0x0100350f   Thumb Code     2  handlers.o(i.__scatterload_null)
    __scatterload_zeroinit                   0x01003511   Thumb Code    14  handlers.o(i.__scatterload_zeroinit)
    assert_failed                            0x01003983   Thumb Code     4  main.o(i.assert_failed)
    clear_bit_mask                           0x01003987   Thumb Code    26  mh523.o(i.clear_bit_mask)
    complete_Packet                          0x010039a1   Thumb Code   270  uart.o(i.complete_Packet)
    delayms                                  0x01003aaf   Thumb Code    28  delay.o(i.delayms)
    fputc                                    0x01003acd   Thumb Code    42  uart.o(i.fputc)
    get_diff_tick                            0x01003afd   Thumb Code    16  timer.o(i.get_diff_tick)
    get_tick                                 0x01003b0d   Thumb Code     6  timer.o(i.get_tick)
    gpio_config                              0x01003b19   Thumb Code   118  gpio.o(i.gpio_config)
    init_timer0                              0x01003b99   Thumb Code    76  timer.o(i.init_timer0)
    main                                     0x01003bf1   Thumb Code   180  main.o(i.main)
    mdelay                                   0x01003cd1   Thumb Code    30  timer.o(i.mdelay)
    pcd_antenna_off                          0x01003cef   Thumb Code    22  mh523.o(i.pcd_antenna_off)
    pcd_antenna_on                           0x01003d05   Thumb Code    22  mh523.o(i.pcd_antenna_on)
    pcd_auth_state                           0x01003d1d   Thumb Code   112  mifare.o(i.pcd_auth_state)
    pcd_cascaded_anticoll                    0x01003d91   Thumb Code   614  iso14443a.o(i.pcd_cascaded_anticoll)
    pcd_cascaded_select                      0x01003ffd   Thumb Code   138  iso14443a.o(i.pcd_cascaded_select)
    pcd_com_transceive                       0x0100408d   Thumb Code  1084  mh523.o(i.pcd_com_transceive)
    pcd_config                               0x010044c9   Thumb Code   542  mh523.o(i.pcd_config)
    pcd_delay_sfgi                           0x010046e9   Thumb Code   114  mh523.o(i.pcd_delay_sfgi)
    pcd_init                                 0x01004761   Thumb Code    30  mh523.o(i.pcd_init)
    pcd_poweron                              0x01004781   Thumb Code    26  gpio.o(i.pcd_poweron)
    pcd_rats_a                               0x010047a1   Thumb Code   458  iso14443a.o(i.pcd_rats_a)
    pcd_read                                 0x01004979   Thumb Code    98  mifare.o(i.pcd_read)
    pcd_request                              0x010049e1   Thumb Code   114  iso14443a.o(i.pcd_request)
    pcd_reset                                0x01004a59   Thumb Code    12  mh523.o(i.pcd_reset)
    pcd_set_tmo                              0x01004a65   Thumb Code    48  mh523.o(i.pcd_set_tmo)
    pcd_write                                0x01004a95   Thumb Code   212  mifare.o(i.pcd_write)
    protocolflag_init                        0x01004b6d   Thumb Code    14  uart.o(i.protocolflag_init)
    read_reg                                 0x01004b81   Thumb Code    48  mh523.o(i.read_reg)
    set_bit_mask                             0x01004bb5   Thumb Code    26  mh523.o(i.set_bit_mask)
    spi_config                               0x01004bd1   Thumb Code    70  spi.o(i.spi_config)
    spi_read_byte                            0x01004c21   Thumb Code    52  spi.o(i.spi_read_byte)
    spi_write_byte                           0x01004c59   Thumb Code    56  spi.o(i.spi_write_byte)
    uart_Config                              0x01004c95   Thumb Code    78  uart.o(i.uart_Config)
    write_reg                                0x01004cf1   Thumb Code    48  mh523.o(i.write_reg)
    Region$$Table$$Base                      0x01004d44   Number         0  anon$$obj.o(Region$$Table)
    Region$$Table$$Limit                     0x01004d64   Number         0  anon$$obj.o(Region$$Table)
    Res                                      0x20000010   Data           1  uart.o(.data)
    g_current_tick                           0x20000014   Data           4  timer.o(.data)
    gausMaxFrameSizeTable                    0x20000018   Data          36  iso14443a.o(.data)
    __stdout                                 0x2000003c   Data           4  stdout.o(.data)
    scs_queue                                0x20000040   Data        1584  mhscpu_emv_hard.o(.bss)
    receivePacket                            0x200006d0   Data         824  main.o(.bss)
    sendPacket                               0x20000a08   Data         824  main.o(.bss)
    MH523                                    0x20000d40   Data        2158  main.o(.bss)
    APDU                                     0x200015b0   Data         260  main.o(.bss)
    g_uart_param                             0x200016b4   Data         548  uart.o(.bss)
    ProtocolFlag                             0x200018d8   Data          16  uart.o(.bss)
    g_pcd_module_info                        0x200018e8   Data          32  iso14443_4.o(.bss)
    mf_com_data                              0x20001908   Data         260  mh523.o(.bss)
    __initial_sp                             0x20005a10   Data           0  startup_mhscpu.o(STACK)



==============================================================================

Memory Map of the image

  Image Entry point : 0x010010b5

  Load Region LR_IROM1 (Base: 0x01001000, Size: 0x00003da4, Max: 0x00008000, ABSOLUTE)

    Execution Region ER_IROM1 (Exec base: 0x01001000, Load base: 0x01001000, Size: 0x00003d64, Max: 0x00008000, ABSOLUTE)

    Exec Addr    Load Addr    Size         Type   Attr      Idx    E Section Name        Object

    0x01001000   0x01001000   0x000000b4   Data   RO            3    RESET               startup_mhscpu.o
    0x010010b4   0x010010b4   0x00000000   Code   RO         2300  * .ARM.Collect$$$$00000000  mc_w.l(entry.o)
    0x010010b4   0x010010b4   0x00000004   Code   RO         2586    .ARM.Collect$$$$00000001  mc_w.l(entry2.o)
    0x010010b8   0x010010b8   0x00000004   Code   RO         2589    .ARM.Collect$$$$00000004  mc_w.l(entry5.o)
    0x010010bc   0x010010bc   0x00000000   Code   RO         2591    .ARM.Collect$$$$00000008  mc_w.l(entry7b.o)
    0x010010bc   0x010010bc   0x00000000   Code   RO         2593    .ARM.Collect$$$$0000000A  mc_w.l(entry8b.o)
    0x010010bc   0x010010bc   0x00000008   Code   RO         2594    .ARM.Collect$$$$0000000B  mc_w.l(entry9a.o)
    0x010010c4   0x010010c4   0x00000000   Code   RO         2596    .ARM.Collect$$$$0000000D  mc_w.l(entry10a.o)
    0x010010c4   0x010010c4   0x00000000   Code   RO         2598    .ARM.Collect$$$$0000000F  mc_w.l(entry11a.o)
    0x010010c4   0x010010c4   0x00000004   Code   RO         2587    .ARM.Collect$$$$00002712  mc_w.l(entry2.o)
    0x010010c8   0x010010c8   0x00000018   Code   RO         1358    .emb_text           delay.o
    0x010010e0   0x010010e0   0x00000038   Code   RO            4    .text               startup_mhscpu.o
    0x01001118   0x01001118   0x00000040   Code   RO         2305    .text               mc_w.l(memmovea.o)
    0x01001158   0x01001158   0x00000024   Code   RO         2307    .text               mc_w.l(memseta.o)
    0x0100117c   0x0100117c   0x00000062   Code   RO         2603    .text               mc_w.l(uldiv.o)
    0x010011de   0x010011de   0x0000001e   Code   RO         2605    .text               mc_w.l(llshl.o)
    0x010011fc   0x010011fc   0x00000020   Code   RO         2607    .text               mc_w.l(llushr.o)
    0x0100121c   0x0100121c   0x00000024   Code   RO         2618    .text               mc_w.l(init.o)
    0x01001240   0x01001240   0x00000004   Code   RO         1251    i.BusFault_Handler  mhscpu_it.o
    0x01001244   0x01001244   0x000000e4   Code   RO         2155    i.CPU_Contact_AnalyzeReceivePacket  packet.o
    0x01001328   0x01001328   0x00000094   Code   RO         2156    i.CPU_Proximity_AnalyzeReceivePacket  packet.o
    0x010013bc   0x010013bc   0x0000001c   Code   RO         1252    i.DebugMon_Handler  mhscpu_it.o
    0x010013d8   0x010013d8   0x00000044   Code   RO          867    i.FLUSH_QUEUE       mhscpu_emv_hard.o
    0x0100141c   0x0100141c   0x0000008c   Code   RO          107    i.GPIO_GetGPIONum   mhscpu_gpio.o
    0x010014a8   0x010014a8   0x0000017c   Code   RO          108    i.GPIO_Init         mhscpu_gpio.o
    0x01001624   0x01001624   0x00000130   Code   RO          109    i.GPIO_PinRemapConfig  mhscpu_gpio.o
    0x01001754   0x01001754   0x00000108   Code   RO          115    i.GPIO_ResetBits    mhscpu_gpio.o
    0x0100185c   0x0100185c   0x00000104   Code   RO          116    i.GPIO_SetBits      mhscpu_gpio.o
    0x01001960   0x01001960   0x00000004   Code   RO         1253    i.HardFault_Handler  mhscpu_it.o
    0x01001964   0x01001964   0x00000496   Code   RO         1616    i.ISO14443_4_HalfDuplexExchange  iso14443_4.o
    0x01001dfa   0x01001dfa   0x00000002   PAD
    0x01001dfc   0x01001dfc   0x000003d0   Code   RO         2157    i.M1_AnalyzeReceivePacket  packet.o
    0x010021cc   0x010021cc   0x00000004   Code   RO         1254    i.MemManage_Handler  mhscpu_it.o
    0x010021d0   0x010021d0   0x00000002   Code   RO         1255    i.NMI_Handler       mhscpu_it.o
    0x010021d2   0x010021d2   0x00000002   PAD
    0x010021d4   0x010021d4   0x0000003c   Code   RO         1140    i.NVIC_Configuration  main.o
    0x01002210   0x01002210   0x00000138   Code   RO          503    i.NVIC_Init         misc.o
    0x01002348   0x01002348   0x00000002   Code   RO         1256    i.PendSV_Handler    mhscpu_it.o
    0x0100234a   0x0100234a   0x0000000a   Code   RO          868    i.SCI0_IRQHandler   mhscpu_emv_hard.o
    0x01002354   0x01002354   0x00000420   Code   RO          872    i.SCIx_IRQHandler   mhscpu_emv_hard.o
    0x01002774   0x01002774   0x00000064   Code   RO          873    i.SET_ERR           mhscpu_emv_hard.o
    0x010027d8   0x010027d8   0x00000050   Code   RO          235    i.SPI_Cmd           mhscpu_spi.o
    0x01002828   0x01002828   0x00000064   Code   RO          241    i.SPI_GetFlagStatus  mhscpu_spi.o
    0x0100288c   0x0100288c   0x000001e4   Code   RO          245    i.SPI_Init          mhscpu_spi.o
    0x01002a70   0x01002a70   0x0000000c   Code   RO          249    i.SPI_MasterSlaveModeSet  mhscpu_spi.o
    0x01002a7c   0x01002a7c   0x00000008   Code   RO          250    i.SPI_ReceiveData   mhscpu_spi.o
    0x01002a84   0x01002a84   0x00000004   Code   RO          251    i.SPI_SendData      mhscpu_spi.o
    0x01002a88   0x01002a88   0x00000002   Code   RO         1257    i.SVC_Handler       mhscpu_it.o
    0x01002a8a   0x01002a8a   0x00000002   PAD
    0x01002a8c   0x01002a8c   0x0000007c   Code   RO          392    i.SYSCTRL_APBPeriphClockCmd  mhscpu_sysctrl.o
    0x01002b08   0x01002b08   0x0000007c   Code   RO          393    i.SYSCTRL_APBPeriphResetCmd  mhscpu_sysctrl.o
    0x01002b84   0x01002b84   0x00000044   Code   RO          396    i.SYSCTRL_GetClocksFreq  mhscpu_sysctrl.o
    0x01002bc8   0x01002bc8   0x000000b8   Code   RO          399    i.SYSCTRL_HCLKConfig  mhscpu_sysctrl.o
    0x01002c80   0x01002c80   0x00000084   Code   RO          400    i.SYSCTRL_PCLKConfig  mhscpu_sysctrl.o
    0x01002d04   0x01002d04   0x00000088   Code   RO          401    i.SYSCTRL_PLLConfig  mhscpu_sysctrl.o
    0x01002d8c   0x01002d8c   0x00000060   Code   RO          402    i.SYSCTRL_SPI_MasterSlaveModeSet  mhscpu_sysctrl.o
    0x01002dec   0x01002dec   0x00000074   Code   RO          404    i.SYSCTRL_SYSCLKSourceSelect  mhscpu_sysctrl.o
    0x01002e60   0x01002e60   0x000001b6   Code   RO         2158    i.SendPacket        packet.o
    0x01003016   0x01003016   0x00000016   Code   RO           13    i.SystemInit        system_mhscpu.o
    0x0100302c   0x0100302c   0x00000020   Code   RO         1514    i.TIM0_1_IRQHandler  timer.o
    0x0100304c   0x0100304c   0x00000010   Code   RO          775    i.TIM_ClearITPendingBit  mhscpu_timer.o
    0x0100305c   0x0100305c   0x00000080   Code   RO          776    i.TIM_Cmd           mhscpu_timer.o
    0x010030dc   0x010030dc   0x00000018   Code   RO          777    i.TIM_DeInit        mhscpu_timer.o
    0x010030f4   0x010030f4   0x00000080   Code   RO          782    i.TIM_ITConfig      mhscpu_timer.o
    0x01003174   0x01003174   0x00000064   Code   RO          783    i.TIM_Init          mhscpu_timer.o
    0x010031d8   0x010031d8   0x000001c8   Code   RO         1387    i.UART0_IRQHandler  uart.o
    0x010033a0   0x010033a0   0x00000020   Code   RO         1388    i.UART0_SendByte    uart.o
    0x010033c0   0x010033c0   0x00000012   Code   RO          551    i.UART_ITConfig     mhscpu_uart.o
    0x010033d2   0x010033d2   0x00000002   PAD
    0x010033d4   0x010033d4   0x000000e8   Code   RO          552    i.UART_Init         mhscpu_uart.o
    0x010034bc   0x010034bc   0x00000012   Code   RO          561    i.UART_IsTXEmpty    mhscpu_uart.o
    0x010034ce   0x010034ce   0x00000008   Code   RO          567    i.UART_ReceiveData  mhscpu_uart.o
    0x010034d6   0x010034d6   0x00000006   Code   RO          571    i.UART_SendData     mhscpu_uart.o
    0x010034dc   0x010034dc   0x00000004   Code   RO         1258    i.UsageFault_Handler  mhscpu_it.o
    0x010034e0   0x010034e0   0x00000020   Code   RO         2522    i.__0printf$8       mc_w.l(printf8.o)
    0x01003500   0x01003500   0x0000000e   Code   RO         2622    i.__scatterload_copy  mc_w.l(handlers.o)
    0x0100350e   0x0100350e   0x00000002   Code   RO         2623    i.__scatterload_null  mc_w.l(handlers.o)
    0x01003510   0x01003510   0x0000000e   Code   RO         2624    i.__scatterload_zeroinit  mc_w.l(handlers.o)
    0x0100351e   0x0100351e   0x00000002   PAD
    0x01003520   0x01003520   0x00000410   Code   RO         2529    i._printf_core      mc_w.l(printf8.o)
    0x01003930   0x01003930   0x00000024   Code   RO         2530    i._printf_post_padding  mc_w.l(printf8.o)
    0x01003954   0x01003954   0x0000002e   Code   RO         2531    i._printf_pre_padding  mc_w.l(printf8.o)
    0x01003982   0x01003982   0x00000004   Code   RO         1141    i.assert_failed     main.o
    0x01003986   0x01003986   0x0000001a   Code   RO         1809    i.clear_bit_mask    mh523.o
    0x010039a0   0x010039a0   0x0000010e   Code   RO         1389    i.complete_Packet   uart.o
    0x01003aae   0x01003aae   0x0000001c   Code   RO         1359    i.delayms           delay.o
    0x01003aca   0x01003aca   0x00000002   PAD
    0x01003acc   0x01003acc   0x00000030   Code   RO         1390    i.fputc             uart.o
    0x01003afc   0x01003afc   0x00000010   Code   RO         1515    i.get_diff_tick     timer.o
    0x01003b0c   0x01003b0c   0x0000000c   Code   RO         1516    i.get_tick          timer.o
    0x01003b18   0x01003b18   0x00000080   Code   RO         1032    i.gpio_config       gpio.o
    0x01003b98   0x01003b98   0x00000058   Code   RO         1517    i.init_timer0       timer.o
    0x01003bf0   0x01003bf0   0x000000e0   Code   RO         1142    i.main              main.o
    0x01003cd0   0x01003cd0   0x0000001e   Code   RO         1519    i.mdelay            timer.o
    0x01003cee   0x01003cee   0x00000016   Code   RO         1812    i.pcd_antenna_off   mh523.o
    0x01003d04   0x01003d04   0x00000016   Code   RO         1813    i.pcd_antenna_on    mh523.o
    0x01003d1a   0x01003d1a   0x00000002   PAD
    0x01003d1c   0x01003d1c   0x00000074   Code   RO         1953    i.pcd_auth_state    mifare.o
    0x01003d90   0x01003d90   0x0000026c   Code   RO         1663    i.pcd_cascaded_anticoll  iso14443a.o
    0x01003ffc   0x01003ffc   0x00000090   Code   RO         1664    i.pcd_cascaded_select  iso14443a.o
    0x0100408c   0x0100408c   0x0000043c   Code   RO         1814    i.pcd_com_transceive  mh523.o
    0x010044c8   0x010044c8   0x0000021e   Code   RO         1815    i.pcd_config        mh523.o
    0x010046e6   0x010046e6   0x00000002   PAD
    0x010046e8   0x010046e8   0x00000078   Code   RO         1816    i.pcd_delay_sfgi    mh523.o
    0x01004760   0x01004760   0x0000001e   Code   RO         1817    i.pcd_init          mh523.o
    0x0100477e   0x0100477e   0x00000002   PAD
    0x01004780   0x01004780   0x00000020   Code   RO         1036    i.pcd_poweron       gpio.o
    0x010047a0   0x010047a0   0x000001d8   Code   RO         1667    i.pcd_rats_a        iso14443a.o
    0x01004978   0x01004978   0x00000068   Code   RO         1954    i.pcd_read          mifare.o
    0x010049e0   0x010049e0   0x00000078   Code   RO         1668    i.pcd_request       iso14443a.o
    0x01004a58   0x01004a58   0x0000000c   Code   RO         1822    i.pcd_reset         mh523.o
    0x01004a64   0x01004a64   0x00000030   Code   RO         1824    i.pcd_set_tmo       mh523.o
    0x01004a94   0x01004a94   0x000000d8   Code   RO         1955    i.pcd_write         mifare.o
    0x01004b6c   0x01004b6c   0x00000014   Code   RO         1391    i.protocolflag_init  uart.o
    0x01004b80   0x01004b80   0x00000034   Code   RO         1825    i.read_reg          mh523.o
    0x01004bb4   0x01004bb4   0x0000001a   Code   RO         1826    i.set_bit_mask      mh523.o
    0x01004bce   0x01004bce   0x00000002   PAD
    0x01004bd0   0x01004bd0   0x00000050   Code   RO         1320    i.spi_config        spi.o
    0x01004c20   0x01004c20   0x00000038   Code   RO         1321    i.spi_read_byte     spi.o
    0x01004c58   0x01004c58   0x0000003c   Code   RO         1322    i.spi_write_byte    spi.o
    0x01004c94   0x01004c94   0x0000005c   Code   RO         1392    i.uart_Config       uart.o
    0x01004cf0   0x01004cf0   0x00000034   Code   RO         1827    i.write_reg         mh523.o
    0x01004d24   0x01004d24   0x00000010   Data   RO          123    .constdata          mhscpu_gpio.o
    0x01004d34   0x01004d34   0x0000000f   Data   RO          888    .constdata          mhscpu_emv_hard.o
    0x01004d43   0x01004d43   0x00000001   PAD
    0x01004d44   0x01004d44   0x00000020   Data   RO         2620    Region$$Table       anon$$obj.o


    Execution Region RW_IRAM1 (Exec base: 0x20000000, Load base: 0x01004d64, Size: 0x00005a10, Max: 0x00008000, ABSOLUTE)

    Exec Addr    Load Addr    Size         Type   Attr      Idx    E Section Name        Object

    0x20000000   0x01004d64   0x00000008   Data   RW          124    .data               mhscpu_gpio.o
    0x20000008   0x01004d6c   0x00000004   Data   RW         1037    .data               gpio.o
    0x2000000c   0x01004d70   0x00000004   Data   RW         1323    .data               spi.o
    0x20000010   0x01004d74   0x00000002   Data   RW         1401    .data               uart.o
    0x20000012   0x01004d76   0x00000002   PAD
    0x20000014   0x01004d78   0x00000004   Data   RW         1520    .data               timer.o
    0x20000018   0x01004d7c   0x00000024   Data   RW         1669    .data               iso14443a.o
    0x2000003c   0x01004da0   0x00000004   Data   RW         2600    .data               mc_w.l(stdout.o)
    0x20000040        -       0x00000690   Zero   RW          887    .bss                mhscpu_emv_hard.o
    0x200006d0        -       0x00000fe4   Zero   RW         1143    .bss                main.o
    0x200016b4        -       0x00000234   Zero   RW         1400    .bss                uart.o
    0x200018e8        -       0x00000020   Zero   RW         1619    .bss                iso14443_4.o
    0x20001908        -       0x00000104   Zero   RW         1828    .bss                mh523.o
    0x20001a0c   0x01004da4   0x00000004   PAD
    0x20001a10        -       0x00004000   Zero   RW            1    STACK               startup_mhscpu.o


==============================================================================

Image component sizes


      Code (inc. data)   RO Data    RW Data    ZI Data      Debug   Object Name

        52          0          0          0          0        834   delay.o
       160         16          0          4          0      47944   gpio.o
      1174         18          0          0         32       7922   iso14443_4.o
      1356         32          0         36          0       5085   iso14443a.o
       288         52          0          0       4068      34444   main.o
      2036         14          0          0        260      12942   mh523.o
      1234         26         15          0       1680       7628   mhscpu_emv_hard.o
      1348        290         16          8          0       4642   mhscpu_gpio.o
        50         18          0          0          0       3292   mhscpu_it.o
       688        134          0          0          0       4179   mhscpu_spi.o
       980        356          0          0          0       7244   mhscpu_sysctrl.o
       396        104          0          0          0       3469   mhscpu_timer.o
       282         52          0          0          0       3428   mhscpu_uart.o
       436         14          0          0          0       2784   mifare.o
       312         54          0          0          0      25415   misc.o
      1790         62          0          0          0       5011   packet.o
       196         18          0          4          0       2358   spi.o
        56         18        180          0      16384        900   startup_mhscpu.o
        22          0          0          0          0      55485   system_mhscpu.o
       178         28          0          4          0       3051   timer.o
       918         62          0          2        564      32219   uart.o

    ----------------------------------------------------------------------
     13970       1368        244         60      22992     270276   Object Totals
         0          0         32          0          0          0   (incl. Generated)
        18          0          1          2          4          0   (incl. Padding)

    ----------------------------------------------------------------------

      Code (inc. data)   RO Data    RW Data    ZI Data      Debug   Library Member Name

         0          0          0          0          0          0   entry.o
         0          0          0          0          0          0   entry10a.o
         0          0          0          0          0          0   entry11a.o
         8          4          0          0          0          0   entry2.o
         4          0          0          0          0          0   entry5.o
         0          0          0          0          0          0   entry7b.o
         0          0          0          0          0          0   entry8b.o
         8          4          0          0          0          0   entry9a.o
        30          0          0          0          0          0   handlers.o
        36          8          0          0          0         68   init.o
        30          0          0          0          0         68   llshl.o
        32          0          0          0          0         68   llushr.o
        64          0          0          0          0         76   memmovea.o
        36          0          0          0          0        108   memseta.o
      1154         54          0          0          0        352   printf8.o
         0          0          0          4          0          0   stdout.o
        98          0          0          0          0         92   uldiv.o

    ----------------------------------------------------------------------
      1502         70          0          4          0        832   Library Totals
         2          0          0          0          0          0   (incl. Padding)

    ----------------------------------------------------------------------

      Code (inc. data)   RO Data    RW Data    ZI Data      Debug   Library Name

      1500         70          0          4          0        832   mc_w.l

    ----------------------------------------------------------------------
      1502         70          0          4          0        832   Library Totals

    ----------------------------------------------------------------------

==============================================================================


      Code (inc. data)   RO Data    RW Data    ZI Data      Debug   

     15472       1438        244         64      22992     266528   Grand Totals
     15472       1438        244         64      22992     266528   ELF Image Totals
     15472       1438        244         64          0          0   ROM Totals

==============================================================================

    Total RO  Size (Code + RO Data)                15716 (  15.35kB)
    Total RW  Size (RW Data + ZI Data)             23056 (  22.52kB)
    Total ROM Size (Code + RO Data + RW Data)      15780 (  15.41kB)

==============================================================================

