<html>
<body>
<pre>
<h1>µVision Build Log</h1>
<h2>Tool Versions:</h2>
IDE-Version: ¦ÌVision V5.28.0.0
Copyright (C) 2019 ARM Ltd and ARM Germany GmbH. All rights reserved.
License Information: xzx AutoBVT, Microsoft, LIC=RC93N-YWZ78-EVT1R-KVMUZ-GR97S-SWXYC
 
Tool Versions:
Toolchain:       MDK-ARM Plus  Version: 5.28.0.0
Toolchain Path:  D:\Keil5ARM\ARM\ARMCC\Bin
C Compiler:      Armcc.exe V5.06 update 6 (build 750)
Assembler:       Armasm.exe V5.06 update 6 (build 750)
Linker/Locator:  ArmLink.exe V5.06 update 6 (build 750)
Library Manager: ArmAr.exe V5.06 update 6 (build 750)
Hex Converter:   FromElf.exe V5.06 update 6 (build 750)
CPU DLL:         SARMCM3.DLL V5.28.0.0
Dialog DLL:      DCM.DLL V1.17.3.0
Target DLL:      Segger\JL2CM3.dll V2.99.36.0
Dialog DLL:      TCM.DLL V1.36.2.0
 
<h2>Project:</h2>
F:\MH1902_BUS_Code\MDK_ARM\MH1902.uvprojx
Project File Date:  11/18/2019

<h2>Output:</h2>
*** Using Compiler 'V5.06 update 6 (build 750)', folder: 'D:\Keil5ARM\ARM\ARMCC\Bin'
Build target 'Target 1'
compiling mhscpu_sysctrl.c...
compiling mhscpu_gpio.c...
compiling mhscpu_spi.c...
compiling system_mhscpu.c...
compiling mhscpu_uart.c...
compiling misc.c...
compiling mhscpu_timer.c...
compiling mhscpu_emv_hard.c...
compiling mhscpu_rtc.c...
compiling mhscpu_bpk.c...
compiling mhscpu_flash.c...
compiling mhscpu_sensor.c...
compiling gpio.c...
compiling flash.c...
compiling main.c...
compiling spi.c...
compiling mhscpu_it.c...
compiling delay.c...
compiling timer.c...
compiling 7816.c...
compiling uart.c...
compiling debug.c...
compiling multi_button.c...
compiling Digital.c...
compiling led.c...
compiling key.c...
compiling example_poll.c...
compiling iso14443b.c...
compiling iso14443_4.c...
compiling iso14443a.c...
compiling mh523.c...
compiling ContactlessAPI.c...
compiling mifare.c...
compiling psam.c...
compiling crc.c...
compiling psam_bsp.c...
compiling psamAPI.c...
compiling 24cxx.c...
compiling JRreader.c...
compiling Download.c...
compiling Iap_Flash.c...
compiling rtc.c...
compiling Ymodem.c...
compiling bpk.c...
linking...
Program Size: Code=37576 RO-data=1152 RW-data=232 ZI-data=27624  
FromELF: creating hex file...
".\Objects\MH1902.axf" - 0 Error(s), 0 Warning(s).

<h2>Software Packages used:</h2>

Package Vendor: ARM
                http://www.keil.com/pack/ARM.CMSIS.5.5.1.pack
                ARM.CMSIS.5.5.1
                CMSIS (Cortex Microcontroller Software Interface Standard)

<h2>Collection of Component include folders:</h2>
  .\RTE\_Target_1
  C:\Users\Administrator\AppData\Local\Arm\Packs\ARM\CMSIS\5.5.1\Device\ARM\ARMSC300\Include

<h2>Collection of Component Files used:</h2>
Build Time Elapsed:  00:00:04
</pre>
</body>
</html>
